
$ C:\Users\hexia\miniconda3\envs\fleet-shadow\python.exe scripts/run_sequence.py --urdf urdf/SO101/so101_new_calib.urdf --targets C:\Users\hexia\Documents\GitHub\umbra-bench\sequences\pixar_scene_02_R\f00.png C:\Users\hexia\Documents\GitHub\umbra-bench\sequences\pixar_scene_02_R\f01.png --n-robots 3 --alpha 1.0 --beta 0.3 --gamma 0.0 --final-gamma 0.0 --delta 0.0 --popsize 192 --sigma0 0.4 --phase1-iters 128 --phase2-iters 128 --final-iters 256 --fit-target --fit-scale-min 0.35 --fit-scale-max 1.6 --fit-max-shift 0.45 --reach-samples 300 --outdir C:\Users\hexia\Documents\GitHub\umbra-bench\optimized\pixar_scene_02_R
==============================================================
  run_sequence.py  —  2 frame(s)  ×  3 robot(s)
  Timestamp : 20260903_000126
  URDF      : urdf/SO101/so101_new_calib.urdf
  Output    : C:\Users\hexia\Documents\GitHub\umbra-bench\optimized\pixar_scene_02_R
  Loss      : α=1.0 β=0.3 γ=0.0 γ_final=0.0 δ=0.0
  Budget    : Ph1=128×3  Ph2=128×3  Final=256  pop=192
  Multi-res : Ph1+2@64px → Final@128px
  Hungarian : reuse if sim≥0.7
==============================================================

[1/3] Building MuJoCo scene...
[scene] so101 ×3: light_y=1.00 wall_y=-2.30 throw=3.30m table_len=0.30m | magnification 2.5x–3.3x
      3 robots  |  18 DOF  |  built in 0.5s  (saved 1s vs per-frame rebuild)

[2/3] Optimizing 2 frame(s)...

[reach] cached → reach_cfa63527aa8df2ad.npz
[fit] castability 0.044 → 0.085  (scale 0.735, dy +24.7px, dx +8.2px, clip 0.1%)
[fit] clip transform {'scale': 0.7346, 'dy': 24.69, 'dx': 8.23, 'rot': 0.0, 'score': 0.0854, 'clip_frac': 0.00059, 'touches_edge': True, 'at_bound': False}  uncastable 23.1% → 16.3%

──────────────────────────────────────────────────────────────
  Frame 1/2 : f00.png
──────────────────────────────────────────────────────────────
[staged] Multi-res: Phase 1+2 at 64²px  Final at 128²px
[staged] Popsize: per-robot phases=32  final=192  (theory optimum for 6 DOF = 10)

[staged] Hungarian pre-assignment  (3×3 cost matrix, 8 samples/entry = 72 renders)...
[staged]   robot_a → zone 0  robot_b → zone 2  robot_c → zone 1

[staged] Phase 1 — forward greedy  (128 iters × 3 robot(s), sigma=0.40×1.00, popsize=32)
[staged]   Ph1 robot a  zone 0  (uncovered: 37% of target)
    voronoi warm-start: IoU 0.055 → 0.153 ✓
    init sampling: best coverage score 127.4px of uncovered area  (16 samples)
    stagnation restart #1 at iter 68  (IoU 0.461)  ICP δ=[2.768969349073103]°
    stagnation restart #2 at iter 81  (IoU 0.461)  ICP δ=[-2.768969349073103]°
    stagnation restart #3 at iter 94  (IoU 0.461)  ICP δ=[2.768969349073103]°
    stagnation restart #4 at iter 107  (IoU 0.461)  ICP δ=[-2.768969349073103]°
[staged]   → robot a: IoU 0.057 → 0.460  ✓
    ↑ new global best IoU 0.460  [phase Ph1 robot a]
[staged]   Ph1 robot b  zone 2  (uncovered: 5% of target)
    voronoi warm-start: IoU 0.380 ≤ 0.460, kept current
    init sampling: best coverage score 27.9px of uncovered area  (32 samples)
    stagnation restart #1 at iter 21  (IoU 0.530)
    stagnation restart #2 at iter 34  (IoU 0.530)
    stagnation restart #3 at iter 104  (IoU 0.541)
    stagnation restart #4 at iter 117  (IoU 0.541)
[staged]   → robot b: IoU 0.460 → 0.537  ✓
    ↑ new global best IoU 0.537  [phase Ph1 robot b]
[staged]   Ph1 robot c  zone 1  (uncovered: 1% of target)
    voronoi warm-start: IoU 0.530 ≤ 0.538, kept current
    init sampling: best coverage score 1.0px of uncovered area  (32 samples)
    stagnation restart #1 at iter 68  (IoU 0.611)
    stagnation restart #2 at iter 81  (IoU 0.611)
    stagnation restart #3 at iter 94  (IoU 0.611)
    stagnation restart #4 at iter 107  (IoU 0.611)
[staged]   → robot c: IoU 0.537 → 0.600  ✓
    ↑ new global best IoU 0.600  [phase Ph1 robot c]
[staged] Phase 1 done — composite IoU: 0.600

[staged] Phase 2 — backward pass  (128 iters × 3 robots, sigma=0.260)
[staged]   contributions before Phase 2:
[staged]     robot a: +0.147 IoU
[staged]     robot b: +0.109 IoU
[staged]     robot c: +0.063 IoU
[staged]   Ph2 robot c  zone 1  (uncovered: 14% of target)
    init sampling: best coverage score 29.8px of uncovered area  (32 samples)
    stagnation restart #1 at iter 44  (IoU 0.610)
    stagnation restart #2 at iter 57  (IoU 0.610)
    stagnation restart #3 at iter 70  (IoU 0.610)
    stagnation restart #4 at iter 83  (IoU 0.610)
    stagnation restart #5 at iter 96  (IoU 0.610)
    stagnation restart #6 at iter 109  (IoU 0.610)
[staged]   → robot c: IoU 0.600 → 0.600  ✓
    ↑ new global best IoU 0.600  [phase Ph2 robot c]
[staged]   Ph2 robot b  zone 2  (uncovered: 23% of target)
    init sampling: best coverage score 56.4px of uncovered area  (32 samples)
    stagnation restart #1 at iter 40  (IoU 0.563)
    stagnation restart #2 at iter 53  (IoU 0.563)
    stagnation restart #3 at iter 74  (IoU 0.563)
    stagnation restart #4 at iter 87  (IoU 0.563)
    stagnation restart #5 at iter 100  (IoU 0.563)
    stagnation restart #6 at iter 113  (IoU 0.563)
[staged]   → robot b: candidate 0.558 < current 0.600  ✗ rejected
[staged]   Ph2 robot a  zone 0  (uncovered: 29% of target)
    init sampling: best coverage score 58.5px of uncovered area  (32 samples)
    stagnation restart #1 at iter 19  (IoU 0.538)  ICP δ=[3.2122375658776647]°
[staged]   → robot a: candidate 0.532 < current 0.600  ✗ rejected
[staged] Phase 2 done — composite IoU: 0.600

[staged] Best snapshot: Phase 2  IoU=0.600
[staged] Adaptive final budget: warm (0.600)  iters 256→141  popsize 192→192
[staged] Final refinement — all joints  (141 iters, popsize=192, sigma=0.200)
    ↑ new global best IoU 0.661  [final refinement]
[staged] Final done — IoU: 0.661  ✓
[staged] Done — final IoU: 0.661  loss: 0.3394

  ✓  IoU=0.661  loss=0.3394  evals=40967  time=30s

──────────────────────────────────────────────────────────────
  Frame 2/2 : f01.png
──────────────────────────────────────────────────────────────
[seq] Zone assignment reused  (sim=0.97 ≥ 0.7, saves 72 renders)
[seq] ICP warm-start rejected: IoU 0.651 → 0.635 (Δθ=-1.2°), using prev_q
[staged] Temporal continuity: Ph1/Ph2 weight=0.300  final weight=0.000  (curriculum: IoU-free final pass)
[staged] Prior quality: warm (0.651)  →  Ph1 sigma×0.70  iters×0.85  init_samples=16
[staged] Multi-res: Phase 1+2 at 64²px  Final at 128²px
[staged] Popsize: per-robot phases=32  final=192  (theory optimum for 6 DOF = 10)
[staged] Hungarian: reusing cached zone assignment  robot_a → zone 0  robot_b → zone 2  robot_c → zone 1

[staged] Phase 1 — forward greedy  (128 iters × 3 robot(s), sigma=0.40×0.70, popsize=32)
[staged]   Ph1 robot a  zone 0  (uncovered: 6% of target)
    voronoi warm-start: IoU 0.471 ≤ 0.633, kept current
    [temporal] λ=0.300  μ=100.0  δ_max=1.20 rad  dof=6
    init sampling: best coverage score 12.3px of uncovered area  (16 samples)
    stagnation restart #1 at iter 35  (IoU 0.551)  ICP δ=[2.5683353636700352]°
    [temporal] Δq_max=0.105 rad  Δq_norm_rms=0.019  → direct quintic ✓
[staged]   → robot a: IoU 0.651 → 0.658  ✓
    ↑ new global best IoU 0.658  [phase Ph1 robot a]
[staged]   Ph1 robot b  zone 2  (uncovered: 1% of target)
    voronoi warm-start: IoU 0.440 ≤ 0.652, kept current
    [temporal] λ=0.300  μ=100.0  δ_max=1.20 rad  dof=6
    init sampling: best coverage score 4.6px of uncovered area  (16 samples)
    stagnation restart #1 at iter 61  (IoU 0.672)  ICP δ=[-2.4282413127025206]°
    stagnation restart #2 at iter 74  (IoU 0.672)  ICP δ=[2.4282413127025206]°
    stagnation restart #3 at iter 87  (IoU 0.672)  ICP δ=[-2.4282413127025206]°
    [temporal] Δq_max=0.177 rad  Δq_norm_rms=0.024  → direct quintic ✓
[staged]   → robot b: IoU 0.658 → 0.663  ✓
    ↑ new global best IoU 0.663  [phase Ph1 robot b]
[staged]   Ph1 robot c  zone 1  (uncovered: 0% of target)
    voronoi warm-start: IoU 0.574 ≤ 0.664, kept current
    [temporal] λ=0.300  μ=100.0  δ_max=1.20 rad  dof=6
    init sampling: best coverage score 0.0px of uncovered area  (16 samples)
    stagnation restart #1 at iter 58  (IoU 0.671)
    stagnation restart #2 at iter 71  (IoU 0.671)
    stagnation restart #3 at iter 84  (IoU 0.671)
    stagnation restart #4 at iter 97  (IoU 0.671)
    [temporal] Δq_max=0.066 rad  Δq_norm_rms=0.009  → direct quintic ✓
[staged]   → robot c: candidate 0.662 < current 0.663  ✗ rejected
[staged] Phase 1 done — composite IoU: 0.663

[staged] Phase 2 — backward pass  (128 iters × 3 robots, sigma=0.260)
[staged]   contributions before Phase 2:
[staged]     robot a: +0.185 IoU
[staged]     robot b: +0.147 IoU
[staged]     robot c: +0.109 IoU
[staged]   Ph2 robot c  zone 1  (uncovered: 14% of target)
    [temporal] λ=0.300  μ=100.0  δ_max=1.20 rad  dof=6
    init sampling: best coverage score 54.6px of uncovered area  (32 samples)
    stagnation restart #1 at iter 63  (IoU 0.666)
    stagnation restart #2 at iter 76  (IoU 0.666)
    stagnation restart #3 at iter 89  (IoU 0.666)
    stagnation restart #4 at iter 102  (IoU 0.666)
    stagnation restart #5 at iter 115  (IoU 0.666)
    [temporal] Δq_max=0.036 rad  Δq_norm_rms=0.010  → direct quintic ✓
[staged]   → robot c: candidate 0.662 < current 0.663  ✗ rejected
[staged]   Ph2 robot b  zone 2  (uncovered: 21% of target)
    [temporal] λ=0.300  μ=100.0  δ_max=1.20 rad  dof=6
    init sampling: best coverage score 47.3px of uncovered area  (32 samples)
    stagnation restart #1 at iter 61  (IoU 0.664)  ICP δ=[-2.4196405566304944]°
    stagnation restart #2 at iter 74  (IoU 0.664)  ICP δ=[2.4196405566304944]°
    stagnation restart #3 at iter 87  (IoU 0.664)  ICP δ=[-2.4196405566304944]°
    stagnation restart #4 at iter 100  (IoU 0.664)  ICP δ=[2.4196405566304944]°
    stagnation restart #5 at iter 113  (IoU 0.664)  ICP δ=[-2.4196405566304944]°
    [temporal] Δq_max=0.167 rad  Δq_norm_rms=0.026  → direct quintic ✓
[staged]   → robot b: IoU 0.663 → 0.664  ✓
    ↑ new global best IoU 0.664  [phase Ph2 robot b]
[staged]   Ph2 robot a  zone 0  (uncovered: 26% of target)
    [temporal] λ=0.300  μ=100.0  δ_max=1.20 rad  dof=6
    init sampling: best coverage score 64.1px of uncovered area  (32 samples)
    stagnation restart #1 at iter 26  (IoU 0.609)
    stagnation restart #2 at iter 84  (IoU 0.665)
    stagnation restart #3 at iter 97  (IoU 0.665)
    stagnation restart #4 at iter 110  (IoU 0.665)
    [temporal] Δq_max=0.106 rad  Δq_norm_rms=0.022  → direct quintic ✓
[staged]   → robot a: IoU 0.664 → 0.665  ✓
    ↑ new global best IoU 0.665  [phase Ph2 robot a]
[staged] Phase 2 done — composite IoU: 0.665

[staged] Best snapshot: Phase 2  IoU=0.665
[staged] Adaptive final budget: warm (0.665)  iters 256→141  popsize 192→192
[staged] Final refinement — all joints  (141 iters, popsize=192, sigma=0.200)
    [temporal] λ=0.000  μ=100.0  δ_max=1.20 rad  dof=18
    stagnation restart #1 at iter 13  (IoU 0.665)
    stagnation restart #2 at iter 26  (IoU 0.665)
    stagnation restart #3 at iter 39  (IoU 0.665)
    stagnation restart #4 at iter 52  (IoU 0.665)
    stagnation restart #5 at iter 65  (IoU 0.665)
    stagnation restart #6 at iter 78  (IoU 0.665)
    stagnation restart #7 at iter 91  (IoU 0.665)
    stagnation restart #8 at iter 104  (IoU 0.665)
    stagnation restart #9 at iter 117  (IoU 0.665)
    stagnation restart #10 at iter 130  (IoU 0.665)
    [temporal] Δq_max=0.167 rad  Δq_norm_rms=0.019  → direct quintic ✓
[staged] Final: candidate dq_max=0.167 rad (reachable), snapshot dq_max=0.167 rad (reachable)
[staged] Final done — IoU: 0.665  ✓
[staged] Done — final IoU: 0.665  loss: 0.3359
[staged] Displacement from prior:  global_max=0.167 rad
          robot_a: Δq_max=0.106 rad [direct ✓]
          robot_b: Δq_max=0.167 rad [direct ✓]
          robot_c: Δq_max=0.000 rad [direct ✓]

  ✓  IoU=0.665  loss=0.3359  evals=49735  time=36s


==============================================================
  Summary  (2 frames, 3 robots, ts=20260903_000126)
==============================================================
  #    Target                        IoU   Evals   Surr    Time
  ---- -------------------------- ------  ------  -----  ------
  1    f00.png                     0.661   40967     0%     30s
  2    f01.png                     0.665   49735     0%     36s
  ──── ────────────────────────── ──────
  avg                              0.663                    66s
==============================================================

Summary   : C:\Users\hexia\Documents\GitHub\umbra-bench\optimized\pixar_scene_02_R\summary_20260903_000126.json
CSV       : C:\Users\hexia\Documents\GitHub\umbra-bench\optimized\pixar_scene_02_R\summary_20260903_000126.csv
Deploy    : mjpython deploy.py --urdf urdf/SO101/so101_new_calib.urdf --ts 20260903_000126 --results-dir C:\Users\hexia\Documents\GitHub\umbra-bench\optimized\pixar_scene_02_R


$ C:\Users\hexia\miniconda3\envs\umbra-bench\python.exe C:\Users\hexia\Documents\GitHub\umbra-bench\scripts\sequence_metrics.py --run C:\Users\hexia\Documents\GitHub\umbra-bench\optimized\pixar_scene_02_R --sequence pixar_scene_02_R
[!] sequence 'pixar_scene_02_R' not in sequences.jsonl; scoring without targets
[sequence-metrics] -> C:\Users\hexia\Documents\GitHub\umbra-bench\results\sequence_metrics_pixar_scene_02_R.csv  (3 rows x 54 cols)
  [pixar_scene_02_R/optimizer]  n_frames=2 loop=0
    iou_reported_mean      0.6629
    dq_max_deg_max         9.57
    dq_infeasible_frac     0.0
    assignment_stability   1.0
    total_path_length_deg  15.32
    dq_max_deg (interior)  [9.57]

[done]
