
$ C:\Users\hexia\miniconda3\envs\umbra-bench\python.exe C:\Users\hexia\Documents\GitHub\umbra-bench\demo\07_make_sequences.py --in letters_sam2_small --keypoints keypoints.json --prefix pixar_
306 masks -> 23 sequences

  pixar_scene_01_A   7 frames  union 107x96  crop 125x112@(770,340)  pad 125
  pixar_scene_01_I   7 frames  union 49x98  crop 57x114@(360,340)  pad 114
  pixar_scene_01_R   7 frames  union 97x100  crop 113x116@(1018,340)  pad 116
  pixar_scene_01_X   7 frames  union 97x101  crop 113x117@(542,340)  pad 117
  pixar_scene_01_lamp   3 frames  union 1083x235  crop 1170x273@(110,203)  pad 1170
  pixar_scene_01_p   7 frames  union 78x96  crop 90x112@(151,340)  pad 112
  pixar_scene_02_A   2 frames  union 107x96  crop 125x112@(770,340)  pad 125
  pixar_scene_02_I   2 frames  union 47x97  crop 55x113@(361,340)  pad 113
  pixar_scene_02_P   2 frames  union 77x96  crop 89x112@(151,340)  pad 112
  pixar_scene_02_R   2 frames  union 95x100  crop 111x116@(1019,340)  pad 116
  pixar_scene_02_X   2 frames  union 97x101  crop 113x117@(542,340)  pad 117
  pixar_scene_02_lamp   2 frames  union 93x164  crop 107x190@(240,280)  pad 190
  pixar_scene_03_A   2 frames  union 107x96  crop 125x112@(770,340)  pad 125
  pixar_scene_03_I   2 frames  union 54x97  crop 62x113@(357,340)  pad 113
  pixar_scene_03_P   2 frames  union 77x96  crop 89x112@(151,340)  pad 112
  pixar_scene_03_R   2 frames  union 95x99  crop 111x115@(1019,340)  pad 115
  pixar_scene_03_X   2 frames  union 97x101  crop 113x117@(542,340)  pad 117
  pixar_scene_03_lamp   2 frames  union 211x339  crop 245x393@(231,91)  pad 393
  pixar_scene_04_A   1 frames  union 107x96  crop 125x112@(770,340)  pad 125
  pixar_scene_04_P   1 frames  union 77x96  crop 89x112@(151,340)  pad 112
  pixar_scene_04_R   1 frames  union 515x100  crop 597x116@(566,340)  pad 597
  pixar_scene_04_X   1 frames  union 97x102  crop 113x118@(543,340)  pad 118
  pixar_scene_04_lamp   1 frames  union 140x153  crop 162x177@(319,280)  pad 177

67 targets in 23 sequences -> C:\Users\hexia\Documents\GitHub\umbra-bench\sequences
  inspect: C:\Users\hexia\Documents\GitHub\umbra-bench\results\demo_review\_all.png  (and one sheet per sequence)
  then:    python scripts/build_sequence_metadata.py   # rebuilds sequences.jsonl

[done]
