
$ C:\Users\hexia\miniconda3\envs\fleet-shadow\python.exe scripts/run_sequence.py --urdf urdf/SO101/so101_new_calib.urdf --targets C:\Users\hexia\Documents\GitHub\umbra-bench\sequences\pixar_scene_02_lamp\f00.png C:\Users\hexia\Documents\GitHub\umbra-bench\sequences\pixar_scene_02_lamp\f01.png --n-robots 3 --alpha 1.0 --beta 0.3 --gamma 0.0 --final-gamma 0.0 --delta 0.0 --popsize 192 --sigma0 0.4 --phase1-iters 128 --phase2-iters 128 --final-iters 256 --fit-target --fit-scale-min 0.35 --fit-scale-max 1.6 --fit-max-shift 0.45 --reach-samples 300 --outdir C:\Users\hexia\Documents\GitHub\umbra-bench\optimized\pixar_scene_02_lamp
==============================================================
  run_sequence.py  —  2 frame(s)  ×  3 robot(s)
  Timestamp : 20260903_000346
  URDF      : urdf/SO101/so101_new_calib.urdf
  Output    : C:\Users\hexia\Documents\GitHub\umbra-bench\optimized\pixar_scene_02_lamp
  Loss      : α=1.0 β=0.3 γ=0.0 γ_final=0.0 δ=0.0
  Budget    : Ph1=128×3  Ph2=128×3  Final=256  pop=192
  Multi-res : Ph1+2@64px → Final@128px
  Hungarian : reuse if sim≥0.7
==============================================================

[1/3] Building MuJoCo scene...
[scene] so101 ×3: light_y=1.00 wall_y=-2.30 throw=3.30m table_len=0.30m | magnification 2.5x–3.3x
      3 robots  |  18 DOF  |  built in 0.5s  (saved 1s vs per-frame rebuild)

[2/3] Optimizing 2 frame(s)...

[reach] cached → reach_cfa63527aa8df2ad.npz
[fit] castability 0.080 → 0.105  (scale 0.735, dy +24.7px, dx -8.2px, clip 1.7%)
[fit] clip transform {'scale': 0.7346, 'dy': 24.69, 'dx': -8.23, 'rot': 0.0, 'score': 0.1052, 'clip_frac': 0.01702, 'touches_edge': True, 'at_bound': False}  uncastable 5.5% → 14.3%

──────────────────────────────────────────────────────────────
  Frame 1/2 : f00.png
──────────────────────────────────────────────────────────────
[staged] Multi-res: Phase 1+2 at 64²px  Final at 128²px
[staged] Popsize: per-robot phases=32  final=192  (theory optimum for 6 DOF = 10)

[staged] Hungarian pre-assignment  (3×3 cost matrix, 8 samples/entry = 72 renders)...
[staged]   robot_a → zone 0  robot_b → zone 1  robot_c → zone 2

[staged] Phase 1 — forward greedy  (128 iters × 3 robot(s), sigma=0.40×1.00, popsize=32)
[staged]   Ph1 robot a  zone 0  (uncovered: 12% of target)
    voronoi warm-start: IoU 0.097 ≤ 0.122, kept current
    init sampling: best coverage score 52.5px of uncovered area  (32 samples)
    stagnation restart #1 at iter 77  (IoU 0.610)
    stagnation restart #2 at iter 90  (IoU 0.610)
    stagnation restart #3 at iter 103  (IoU 0.610)
    stagnation restart #4 at iter 116  (IoU 0.610)
[staged]   → robot a: IoU 0.128 → 0.609  ✓
    ↑ new global best IoU 0.609  [phase Ph1 robot a]
[staged]   Ph1 robot b  zone 1  (uncovered: 1% of target)
    voronoi warm-start: IoU 0.479 ≤ 0.606, kept current
    init sampling: best coverage score 4.9px of uncovered area  (32 samples)
    stagnation restart #1 at iter 16  (IoU 0.685)
    stagnation restart #2 at iter 43  (IoU 0.687)
    stagnation restart #3 at iter 56  (IoU 0.687)
[staged]   → robot b: IoU 0.609 → 0.690  ✓
    ↑ new global best IoU 0.690  [phase Ph1 robot b]
[staged]   Ph1 robot c  zone 2  (uncovered: 2% of target)
    voronoi warm-start: IoU 0.596 ≤ 0.683, kept current
    init sampling: best coverage score 3.9px of uncovered area  (32 samples)
    stagnation restart #1 at iter 23  (IoU 0.789)
    stagnation restart #2 at iter 38  (IoU 0.792)
    stagnation restart #3 at iter 67  (IoU 0.798)
    stagnation restart #4 at iter 80  (IoU 0.798)
    stagnation restart #5 at iter 93  (IoU 0.798)
    stagnation restart #6 at iter 106  (IoU 0.798)
[staged]   → robot c: IoU 0.690 → 0.798  ✓
    ↑ new global best IoU 0.798  [phase Ph1 robot c]
[staged] Phase 1 done — composite IoU: 0.798

[staged] Phase 2 — backward pass  (128 iters × 3 robots, sigma=0.260)
[staged]   contributions before Phase 2:
[staged]     robot a: +0.219 IoU
[staged]     robot b: +0.146 IoU
[staged]     robot c: +0.108 IoU
[staged]   Ph2 robot c  zone 2  (uncovered: 4% of target)
    init sampling: best coverage score 11.4px of uncovered area  (32 samples)
    stagnation restart #1 at iter 34  (IoU 0.781)  ICP δ=[-4.3167234421795815]°
    stagnation restart #2 at iter 63  (IoU 0.783)  ICP δ=[4.3167234421795815]°
    stagnation restart #3 at iter 76  (IoU 0.783)  ICP δ=[-4.3167234421795815]°
    stagnation restart #4 at iter 89  (IoU 0.783)  ICP δ=[4.3167234421795815]°
    stagnation restart #5 at iter 102  (IoU 0.783)  ICP δ=[-4.3167234421795815]°
    stagnation restart #6 at iter 115  (IoU 0.783)  ICP δ=[4.3167234421795815]°
[staged]   → robot c: candidate 0.785 < current 0.798  ✗ rejected
[staged]   Ph2 robot b  zone 1  (uncovered: 3% of target)
    init sampling: best coverage score 6.7px of uncovered area  (32 samples)
    stagnation restart #1 at iter 39  (IoU 0.687)
    stagnation restart #2 at iter 52  (IoU 0.687)
    stagnation restart #3 at iter 65  (IoU 0.687)
    stagnation restart #4 at iter 78  (IoU 0.688)
    stagnation restart #5 at iter 91  (IoU 0.688)
    stagnation restart #6 at iter 104  (IoU 0.688)
    stagnation restart #7 at iter 117  (IoU 0.688)
[staged]   → robot b: candidate 0.675 < current 0.798  ✗ rejected
[staged]   Ph2 robot a  zone 0  (uncovered: 13% of target)
    init sampling: best coverage score 31.9px of uncovered area  (32 samples)
    stagnation restart #1 at iter 62  (IoU 0.640)  ICP δ=[4.723548299791891]°
    stagnation restart #2 at iter 75  (IoU 0.640)  ICP δ=[-4.723548299791891]°
[staged]   → robot a: IoU 0.798 → 0.813  ✓
    ↑ new global best IoU 0.813  [phase Ph2 robot a]
[staged] Phase 2 done — composite IoU: 0.813

[staged] Best snapshot: Phase 2  IoU=0.813
[staged] Adaptive final budget: hot (0.813)  iters 256→77  popsize 192→77
[staged] Final refinement — all joints  (77 iters, popsize=77, sigma=0.200)
    stagnation restart #1 at iter 13  (IoU 0.813)
    stagnation restart #2 at iter 26  (IoU 0.813)
    stagnation restart #3 at iter 39  (IoU 0.813)
    stagnation restart #4 at iter 52  (IoU 0.813)
    stagnation restart #5 at iter 65  (IoU 0.813)
[staged] Final done — IoU: 0.813  ✓
[staged] Done — final IoU: 0.813  loss: 0.1875

  ✓  IoU=0.813  loss=0.1875  evals=29328  time=21s

──────────────────────────────────────────────────────────────
  Frame 2/2 : f01.png
──────────────────────────────────────────────────────────────
[seq] Recomputing zones  (sim=0.61 < 0.7)
[seq] ICP warm-start rejected: IoU 0.535 → 0.509 (Δθ=8.5°), using prev_q
[staged] Temporal continuity: Ph1/Ph2 weight=0.300  final weight=0.000  (curriculum: IoU-free final pass)
[staged] Prior quality: warm (0.535)  →  Ph1 sigma×0.70  iters×0.85  init_samples=16
[staged] Multi-res: Phase 1+2 at 64²px  Final at 128²px
[staged] Popsize: per-robot phases=32  final=192  (theory optimum for 6 DOF = 10)

[staged] Hungarian pre-assignment  (3×3 cost matrix, 8 samples/entry = 72 renders)...
[staged]   robot_a → zone 2  robot_b → zone 0  robot_c → zone 1

[staged] Phase 1 — forward greedy  (128 iters × 3 robot(s), sigma=0.40×0.70, popsize=32)
[staged]   Ph1 robot a  zone 2  (uncovered: 30% of target)
    voronoi warm-start: IoU 0.430 ≤ 0.535, kept current
    [temporal] λ=0.300  μ=100.0  δ_max=1.20 rad  dof=6
    init sampling: best coverage score 95.3px of uncovered area  (16 samples)
    stagnation restart #1 at iter 91  (IoU 0.736)
    [temporal] Δq_max=0.517 rad  Δq_norm_rms=0.070  → direct quintic ✓
[staged]   → robot a: IoU 0.535 → 0.731  ✓
    ↑ new global best IoU 0.731  [phase Ph1 robot a]
[staged]   Ph1 robot b  zone 0  (uncovered: 1% of target)
    voronoi warm-start: IoU 0.560 ≤ 0.731, kept current
    [temporal] λ=0.300  μ=100.0  δ_max=1.20 rad  dof=6
    init sampling: best coverage score 4.0px of uncovered area  (16 samples)
    stagnation restart #1 at iter 22  (IoU 0.763)
    stagnation restart #2 at iter 62  (IoU 0.774)
    stagnation restart #3 at iter 75  (IoU 0.774)
    stagnation restart #4 at iter 88  (IoU 0.774)
    [temporal] Δq_max=0.267 rad  Δq_norm_rms=0.047  → direct quintic ✓
[staged]   → robot b: IoU 0.731 → 0.763  ✓
    ↑ new global best IoU 0.763  [phase Ph1 robot b]
[staged]   Ph1 robot c  zone 1  (uncovered: 1% of target)
    voronoi warm-start: IoU 0.583 ≤ 0.767, kept current
    [temporal] λ=0.300  μ=100.0  δ_max=1.20 rad  dof=6
    init sampling: best coverage score 2.9px of uncovered area  (16 samples)
    stagnation restart #1 at iter 67  (IoU 0.780)
    stagnation restart #2 at iter 80  (IoU 0.780)
    stagnation restart #3 at iter 93  (IoU 0.780)
    [temporal] Δq_max=0.041 rad  Δq_norm_rms=0.008  → direct quintic ✓
[staged]   → robot c: IoU 0.763 → 0.771  ✓
    ↑ new global best IoU 0.771  [phase Ph1 robot c]
[staged] Phase 1 done — composite IoU: 0.771

[staged] Phase 2 — backward pass  (128 iters × 3 robots, sigma=0.260)
[staged]   contributions before Phase 2:
[staged]     robot a: +0.295 IoU
[staged]     robot b: +0.185 IoU
[staged]     robot c: +0.175 IoU
[staged]   Ph2 robot c  zone 1  (uncovered: 9% of target)
    [temporal] λ=0.300  μ=100.0  δ_max=1.20 rad  dof=6
    init sampling: best coverage score 23.6px of uncovered area  (32 samples)
    stagnation restart #1 at iter 47  (IoU 0.773)
    stagnation restart #2 at iter 60  (IoU 0.773)
    stagnation restart #3 at iter 73  (IoU 0.773)
    stagnation restart #4 at iter 86  (IoU 0.773)
    stagnation restart #5 at iter 99  (IoU 0.773)
    stagnation restart #6 at iter 112  (IoU 0.773)
    [temporal] Δq_max=0.103 rad  Δq_norm_rms=0.018  → direct quintic ✓
[staged]   → robot c: IoU 0.771 → 0.773  ✓
    ↑ new global best IoU 0.773  [phase Ph2 robot c]
[staged]   Ph2 robot b  zone 0  (uncovered: 7% of target)
    [temporal] λ=0.300  μ=100.0  δ_max=1.20 rad  dof=6
    init sampling: best coverage score 19.1px of uncovered area  (32 samples)
    stagnation restart #1 at iter 94  (IoU 0.772)
    stagnation restart #2 at iter 107  (IoU 0.772)
    [temporal] Δq_max=0.207 rad  Δq_norm_rms=0.032  → direct quintic ✓
[staged]   → robot b: candidate 0.765 < current 0.773  ✗ rejected
[staged]   Ph2 robot a  zone 2  (uncovered: 23% of target)
    [temporal] λ=0.300  μ=100.0  δ_max=1.20 rad  dof=6
    init sampling: best coverage score 60.8px of uncovered area  (32 samples)
    stagnation restart #1 at iter 96  (IoU 0.772)
    stagnation restart #2 at iter 109  (IoU 0.772)
    [temporal] Δq_max=0.484 rad  Δq_norm_rms=0.066  → direct quintic ✓
[staged]   → robot a: candidate 0.772 < current 0.773  ✗ rejected
[staged] Phase 2 done — composite IoU: 0.773

[staged] Best snapshot: Phase 2  IoU=0.773
[staged] Adaptive final budget: hot (0.773)  iters 256→77  popsize 192→77
[staged] Final refinement — all joints  (77 iters, popsize=77, sigma=0.200)
    [temporal] λ=0.000  μ=100.0  δ_max=1.20 rad  dof=18
    stagnation restart #1 at iter 13  (IoU 0.773)  ICP δ=[2.046591236625378, 2.046591236625378, 2.046591236625378]°
    stagnation restart #2 at iter 26  (IoU 0.773)  ICP δ=[-2.046591236625378, -2.046591236625378, -2.046591236625378]°
    stagnation restart #3 at iter 39  (IoU 0.773)  ICP δ=[2.046591236625378, 2.046591236625378, 2.046591236625378]°
    stagnation restart #4 at iter 52  (IoU 0.773)  ICP δ=[-2.046591236625378, -2.046591236625378, -2.046591236625378]°
    stagnation restart #5 at iter 65  (IoU 0.773)  ICP δ=[2.046591236625378, 2.046591236625378, 2.046591236625378]°
    [temporal] Δq_max=0.517 rad  Δq_norm_rms=0.050  → direct quintic ✓
[staged] Final: candidate dq_max=0.517 rad (reachable), snapshot dq_max=0.517 rad (reachable)
[staged] Final done — IoU: 0.773  ✓
[staged] Done — final IoU: 0.773  loss: 0.2267
[staged] Displacement from prior:  global_max=0.517 rad
          robot_a: Δq_max=0.517 rad [direct ✓]
          robot_b: Δq_max=0.267 rad [direct ✓]
          robot_c: Δq_max=0.103 rad [direct ✓]

  ✓  IoU=0.773  loss=0.2267  evals=28592  time=20s


==============================================================
  Summary  (2 frames, 3 robots, ts=20260903_000346)
==============================================================
  #    Target                        IoU   Evals   Surr    Time
  ---- -------------------------- ------  ------  -----  ------
  1    f00.png                     0.813   29328     0%     21s
  2    f01.png                     0.773   28592     0%     20s
  ──── ────────────────────────── ──────
  avg                              0.793                    41s
==============================================================

Summary   : C:\Users\hexia\Documents\GitHub\umbra-bench\optimized\pixar_scene_02_lamp\summary_20260903_000346.json
CSV       : C:\Users\hexia\Documents\GitHub\umbra-bench\optimized\pixar_scene_02_lamp\summary_20260903_000346.csv
Deploy    : mjpython deploy.py --urdf urdf/SO101/so101_new_calib.urdf --ts 20260903_000346 --results-dir C:\Users\hexia\Documents\GitHub\umbra-bench\optimized\pixar_scene_02_lamp


$ C:\Users\hexia\miniconda3\envs\umbra-bench\python.exe C:\Users\hexia\Documents\GitHub\umbra-bench\scripts\sequence_metrics.py --run C:\Users\hexia\Documents\GitHub\umbra-bench\optimized\pixar_scene_02_lamp --sequence pixar_scene_02_lamp
[!] sequence 'pixar_scene_02_lamp' not in sequences.jsonl; scoring without targets
[sequence-metrics] -> C:\Users\hexia\Documents\GitHub\umbra-bench\results\sequence_metrics_pixar_scene_02_lamp.csv  (3 rows x 54 cols)
  [pixar_scene_02_lamp/optimizer]  n_frames=2 loop=0
    iou_reported_mean      0.7931
    dq_max_deg_max         29.61
    dq_infeasible_frac     0.0
    assignment_stability   1.0
    total_path_length_deg  43.32
    dq_max_deg (interior)  [29.61]

[done]
