
$ C:\Users\hexia\miniconda3\envs\fleet-shadow\python.exe scripts/run_sequence.py --urdf urdf/SO101/so101_new_calib.urdf --targets C:\Users\hexia\Documents\GitHub\umbra-bench\sequences\pixar_scene_03_I\f00.png C:\Users\hexia\Documents\GitHub\umbra-bench\sequences\pixar_scene_03_I\f01.png --n-robots 3 --alpha 1.0 --beta 0.3 --gamma 0.0 --final-gamma 0.0 --delta 0.0 --popsize 192 --sigma0 0.4 --phase1-iters 128 --phase2-iters 128 --final-iters 256 --fit-target --fit-scale-min 0.35 --fit-scale-max 1.6 --fit-max-shift 0.45 --reach-samples 300 --outdir C:\Users\hexia\Documents\GitHub\umbra-bench\optimized\pixar_scene_03_I
==============================================================
  run_sequence.py  —  2 frame(s)  ×  3 robot(s)
  Timestamp : 20260903_000725
  URDF      : urdf/SO101/so101_new_calib.urdf
  Output    : C:\Users\hexia\Documents\GitHub\umbra-bench\optimized\pixar_scene_03_I
  Loss      : α=1.0 β=0.3 γ=0.0 γ_final=0.0 δ=0.0
  Budget    : Ph1=128×3  Ph2=128×3  Final=256  pop=192
  Multi-res : Ph1+2@64px → Final@128px
  Hungarian : reuse if sim≥0.7
==============================================================

[1/3] Building MuJoCo scene...
[scene] so101 ×3: light_y=1.00 wall_y=-2.30 throw=3.30m table_len=0.30m | magnification 2.5x–3.3x
      3 robots  |  18 DOF  |  built in 0.5s  (saved 1s vs per-frame rebuild)

[2/3] Optimizing 2 frame(s)...

[reach] cached → reach_cfa63527aa8df2ad.npz
[fit] castability 0.079 → 0.113  (scale 0.735, dy +24.7px, dx -8.2px, clip 1.0%)
[fit] clip transform {'scale': 0.7346, 'dy': 24.69, 'dx': -8.23, 'rot': 0.0, 'score': 0.1131, 'clip_frac': 0.01015, 'touches_edge': True, 'at_bound': False}  uncastable 4.3% → 7.3%

──────────────────────────────────────────────────────────────
  Frame 1/2 : f00.png
──────────────────────────────────────────────────────────────
[staged] Multi-res: Phase 1+2 at 64²px  Final at 128²px
[staged] Popsize: per-robot phases=32  final=192  (theory optimum for 6 DOF = 10)

[staged] Hungarian pre-assignment  (3×3 cost matrix, 8 samples/entry = 72 renders)...
[staged]   robot_a → zone 0  robot_b → zone 2  robot_c → zone 1

[staged] Phase 1 — forward greedy  (128 iters × 3 robot(s), sigma=0.40×1.00, popsize=32)
[staged]   Ph1 robot a  zone 0  (uncovered: 30% of target)
    voronoi warm-start: IoU 0.019 ≤ 0.023, kept current
    init sampling: best coverage score 115.9px of uncovered area  (32 samples)
    stagnation restart #1 at iter 57  (IoU 0.484)  ICP δ=[-10.406714952716104]°
    stagnation restart #2 at iter 70  (IoU 0.484)  ICP δ=[10.406714952716104]°
    stagnation restart #3 at iter 83  (IoU 0.484)  ICP δ=[-10.406714952716104]°
    stagnation restart #4 at iter 96  (IoU 0.484)  ICP δ=[10.406714952716104]°
    stagnation restart #5 at iter 109  (IoU 0.484)  ICP δ=[-10.406714952716104]°
[staged]   → robot a: IoU 0.024 → 0.489  ✓
    ↑ new global best IoU 0.489  [phase Ph1 robot a]
[staged]   Ph1 robot b  zone 2  (uncovered: 3% of target)
    voronoi warm-start: IoU 0.402 ≤ 0.482, kept current
    init sampling: best coverage score 9.9px of uncovered area  (32 samples)
    stagnation restart #1 at iter 24  (IoU 0.558)
    stagnation restart #2 at iter 37  (IoU 0.558)
    stagnation restart #3 at iter 50  (IoU 0.558)
    stagnation restart #4 at iter 63  (IoU 0.558)
    stagnation restart #5 at iter 76  (IoU 0.558)
    stagnation restart #6 at iter 89  (IoU 0.558)
    stagnation restart #7 at iter 102  (IoU 0.558)
[staged]   → robot b: IoU 0.489 → 0.562  ✓
    ↑ new global best IoU 0.562  [phase Ph1 robot b]
[staged]   Ph1 robot c  zone 1  (uncovered: 5% of target)
    voronoi warm-start: IoU 0.506 ≤ 0.558, kept current
    init sampling: best coverage score 15.0px of uncovered area  (32 samples)
    stagnation restart #1 at iter 23  (IoU 0.647)
    stagnation restart #2 at iter 36  (IoU 0.647)
    stagnation restart #3 at iter 49  (IoU 0.647)
    stagnation restart #4 at iter 62  (IoU 0.647)
[staged]   → robot c: IoU 0.562 → 0.637  ✓
    ↑ new global best IoU 0.637  [phase Ph1 robot c]
[staged] Phase 1 done — composite IoU: 0.637

[staged] Phase 2 — backward pass  (128 iters × 3 robots, sigma=0.260)
[staged]   contributions before Phase 2:
[staged]     robot a: +0.151 IoU
[staged]     robot b: +0.100 IoU
[staged]     robot c: +0.075 IoU
[staged]   Ph2 robot c  zone 1  (uncovered: 5% of target)
    init sampling: best coverage score 14.7px of uncovered area  (32 samples)
[staged]   → robot c: IoU 0.637 → 0.639  ✓
    ↑ new global best IoU 0.639  [phase Ph2 robot c]
[staged]   Ph2 robot b  zone 2  (uncovered: 11% of target)
    init sampling: best coverage score 27.6px of uncovered area  (32 samples)
    stagnation restart #1 at iter 40  (IoU 0.639)
    stagnation restart #2 at iter 53  (IoU 0.639)
    stagnation restart #3 at iter 66  (IoU 0.639)
    stagnation restart #4 at iter 79  (IoU 0.639)
    stagnation restart #5 at iter 92  (IoU 0.639)
    stagnation restart #6 at iter 105  (IoU 0.639)
[staged]   → robot b: candidate 0.633 < current 0.639  ✗ rejected
[staged]   Ph2 robot a  zone 0  (uncovered: 17% of target)
    init sampling: best coverage score 46.2px of uncovered area  (32 samples)
    stagnation restart #1 at iter 75  (IoU 0.658)
    stagnation restart #2 at iter 88  (IoU 0.658)
    stagnation restart #3 at iter 101  (IoU 0.658)
    stagnation restart #4 at iter 114  (IoU 0.658)
[staged]   → robot a: IoU 0.639 → 0.650  ✓
    ↑ new global best IoU 0.650  [phase Ph2 robot a]
[staged] Phase 2 done — composite IoU: 0.650

[staged] Best snapshot: Phase 2  IoU=0.650
[staged] Adaptive final budget: warm (0.650)  iters 256→141  popsize 192→192
[staged] Final refinement — all joints  (141 iters, popsize=192, sigma=0.200)
    ↑ new global best IoU 0.689  [final refinement]
[staged] Final done — IoU: 0.689  ✓
[staged] Done — final IoU: 0.689  loss: 0.3110

  ✓  IoU=0.689  loss=0.3110  evals=30567  time=23s

──────────────────────────────────────────────────────────────
  Frame 2/2 : f01.png
──────────────────────────────────────────────────────────────
[seq] Zone assignment reused  (sim=0.70 ≥ 0.7, saves 72 renders)
[staged] Temporal continuity: Ph1/Ph2 weight=0.300  final weight=0.000  (curriculum: IoU-free final pass)
[staged] Prior quality: warm (0.635)  →  Ph1 sigma×0.70  iters×0.85  init_samples=16
[staged] Multi-res: Phase 1+2 at 64²px  Final at 128²px
[staged] Popsize: per-robot phases=32  final=192  (theory optimum for 6 DOF = 10)
[staged] Hungarian: reusing cached zone assignment  robot_a → zone 0  robot_b → zone 2  robot_c → zone 1

[staged] Phase 1 — forward greedy  (128 iters × 3 robot(s), sigma=0.40×0.70, popsize=32)
[staged]   Ph1 robot a  zone 0  (uncovered: 1% of target)
    voronoi warm-start: IoU 0.512 ≤ 0.630, kept current
    [temporal] λ=0.300  μ=100.0  δ_max=1.20 rad  dof=6
    init sampling: best coverage score 4.7px of uncovered area  (16 samples)
    stagnation restart #1 at iter 44  (IoU 0.685)  ICP δ=[-3.094017167387904]°
    [temporal] Δq_max=0.334 rad  Δq_norm_rms=0.058  → direct quintic ✓
[staged]   → robot a: IoU 0.635 → 0.672  ✓
    ↑ new global best IoU 0.672  [phase Ph1 robot a]
[staged]   Ph1 robot b  zone 2  (uncovered: 1% of target)
    voronoi warm-start: IoU 0.458 ≤ 0.683, kept current
    [temporal] λ=0.300  μ=100.0  δ_max=1.20 rad  dof=6
    init sampling: best coverage score 2.1px of uncovered area  (16 samples)
    stagnation restart #1 at iter 29  (IoU 0.685)
    stagnation restart #2 at iter 56  (IoU 0.687)
    stagnation restart #3 at iter 69  (IoU 0.687)
    stagnation restart #4 at iter 82  (IoU 0.687)
    stagnation restart #5 at iter 95  (IoU 0.687)
    [temporal] Δq_max=0.463 rad  Δq_norm_rms=0.077  → direct quintic ✓
[staged]   → robot b: IoU 0.672 → 0.702  ✓
    ↑ new global best IoU 0.702  [phase Ph1 robot b]
[staged]   Ph1 robot c  zone 1  (uncovered: 1% of target)
    voronoi warm-start: IoU 0.490 ≤ 0.713, kept current
    [temporal] λ=0.300  μ=100.0  δ_max=1.20 rad  dof=6
    init sampling: best coverage score 2.0px of uncovered area  (16 samples)
    stagnation restart #1 at iter 49  (IoU 0.718)
    stagnation restart #2 at iter 62  (IoU 0.718)
    stagnation restart #3 at iter 75  (IoU 0.718)
    stagnation restart #4 at iter 88  (IoU 0.718)
    [temporal] Δq_max=0.088 rad  Δq_norm_rms=0.010  → direct quintic ✓
[staged]   → robot c: IoU 0.702 → 0.703  ✓
    ↑ new global best IoU 0.703  [phase Ph1 robot c]
[staged] Phase 1 done — composite IoU: 0.703

[staged] Phase 2 — backward pass  (128 iters × 3 robots, sigma=0.260)
[staged]   contributions before Phase 2:
[staged]     robot a: +0.249 IoU
[staged]     robot b: +0.168 IoU
[staged]     robot c: +0.135 IoU
[staged]   Ph2 robot c  zone 1  (uncovered: 10% of target)
    [temporal] λ=0.300  μ=100.0  δ_max=1.20 rad  dof=6
    init sampling: best coverage score 23.0px of uncovered area  (32 samples)
    stagnation restart #1 at iter 47  (IoU 0.716)
    stagnation restart #2 at iter 60  (IoU 0.716)
    stagnation restart #3 at iter 73  (IoU 0.716)
    stagnation restart #4 at iter 86  (IoU 0.716)
    stagnation restart #5 at iter 99  (IoU 0.716)
    stagnation restart #6 at iter 112  (IoU 0.716)
    [temporal] Δq_max=0.091 rad  Δq_norm_rms=0.010  → direct quintic ✓
[staged]   → robot c: IoU 0.703 → 0.703  ✓
[staged]   Ph2 robot b  zone 2  (uncovered: 11% of target)
    [temporal] λ=0.300  μ=100.0  δ_max=1.20 rad  dof=6
    init sampling: best coverage score 20.6px of uncovered area  (32 samples)
    stagnation restart #1 at iter 93  (IoU 0.725)  ICP δ=[-7.828114937537643]°
    stagnation restart #2 at iter 106  (IoU 0.725)  ICP δ=[7.828114937537643]°
    [temporal] Δq_max=0.519 rad  Δq_norm_rms=0.090  → direct quintic ✓
[staged]   → robot b: IoU 0.703 → 0.703  ✓
[staged]   Ph2 robot a  zone 0  (uncovered: 28% of target)
    [temporal] λ=0.300  μ=100.0  δ_max=1.20 rad  dof=6
    init sampling: best coverage score 59.9px of uncovered area  (32 samples)
    stagnation restart #1 at iter 61  (IoU 0.732)
    stagnation restart #2 at iter 74  (IoU 0.732)
    stagnation restart #3 at iter 87  (IoU 0.732)
    stagnation restart #4 at iter 100  (IoU 0.732)
    stagnation restart #5 at iter 113  (IoU 0.732)
    [temporal] Δq_max=0.328 rad  Δq_norm_rms=0.050  → direct quintic ✓
[staged]   → robot a: IoU 0.703 → 0.709  ✓
    ↑ new global best IoU 0.709  [phase Ph2 robot a]
[staged] Phase 2 done — composite IoU: 0.709

[staged] Best snapshot: Phase 2  IoU=0.709
[staged] Adaptive final budget: warm (0.709)  iters 256→141  popsize 192→192
[staged] Final refinement — all joints  (141 iters, popsize=192, sigma=0.200)
    [temporal] λ=0.000  μ=100.0  δ_max=1.20 rad  dof=18
    stagnation restart #1 at iter 50  (IoU 0.738)
    stagnation restart #2 at iter 63  (IoU 0.738)
    stagnation restart #3 at iter 76  (IoU 0.738)
    stagnation restart #4 at iter 89  (IoU 0.738)
    stagnation restart #5 at iter 102  (IoU 0.738)
    stagnation restart #6 at iter 115  (IoU 0.738)
    stagnation restart #7 at iter 128  (IoU 0.738)
    [temporal] Δq_max=1.107 rad  Δq_norm_rms=0.161  → direct quintic ✓
[staged] Final: candidate dq_max=1.107 rad (reachable), snapshot dq_max=0.519 rad (reachable)
    ↑ new global best IoU 0.738  [final refinement]
[staged] Final done — IoU: 0.738  ✓
[staged] Done — final IoU: 0.738  loss: 0.2624
[staged] Displacement from prior:  global_max=1.107 rad
          robot_a: Δq_max=0.355 rad [direct ✓]
          robot_b: Δq_max=1.107 rad [direct ✓]
          robot_c: Δq_max=0.944 rad [direct ✓]

  ✓  IoU=0.738  loss=0.2624  evals=49735  time=36s


==============================================================
  Summary  (2 frames, 3 robots, ts=20260903_000725)
==============================================================
  #    Target                        IoU   Evals   Surr    Time
  ---- -------------------------- ------  ------  -----  ------
  1    f00.png                     0.689   30567     0%     23s
  2    f01.png                     0.738   49735     0%     36s
  ──── ────────────────────────── ──────
  avg                              0.714                    59s
==============================================================

Summary   : C:\Users\hexia\Documents\GitHub\umbra-bench\optimized\pixar_scene_03_I\summary_20260903_000725.json
CSV       : C:\Users\hexia\Documents\GitHub\umbra-bench\optimized\pixar_scene_03_I\summary_20260903_000725.csv
Deploy    : mjpython deploy.py --urdf urdf/SO101/so101_new_calib.urdf --ts 20260903_000725 --results-dir C:\Users\hexia\Documents\GitHub\umbra-bench\optimized\pixar_scene_03_I


$ C:\Users\hexia\miniconda3\envs\umbra-bench\python.exe C:\Users\hexia\Documents\GitHub\umbra-bench\scripts\sequence_metrics.py --run C:\Users\hexia\Documents\GitHub\umbra-bench\optimized\pixar_scene_03_I --sequence pixar_scene_03_I
[!] sequence 'pixar_scene_03_I' not in sequences.jsonl; scoring without targets
[sequence-metrics] -> C:\Users\hexia\Documents\GitHub\umbra-bench\results\sequence_metrics_pixar_scene_03_I.csv  (3 rows x 54 cols)
  [pixar_scene_03_I/optimizer]  n_frames=2 loop=0
    iou_reported_mean      0.7135
    dq_max_deg_max         63.44
    dq_infeasible_frac     0.0
    assignment_stability   1.0
    total_path_length_deg  100.27
    dq_max_deg (interior)  [63.44]

$ C:\Users\hexia\miniconda3\envs\fleet-shadow\python.exe scripts/run_sequence.py --urdf urdf/SO101/so101_new_calib.urdf --targets C:\Users\hexia\Documents\GitHub\umbra-bench\sequences\pixar_scene_03_lamp\f00.png C:\Users\hexia\Documents\GitHub\umbra-bench\sequences\pixar_scene_03_lamp\f01.png --n-robots 3 --alpha 1.0 --beta 0.3 --gamma 0.0 --final-gamma 0.0 --delta 0.0 --popsize 192 --sigma0 0.4 --phase1-iters 128 --phase2-iters 128 --final-iters 256 --fit-target --fit-scale-min 0.35 --fit-scale-max 1.6 --fit-max-shift 0.45 --reach-samples 300 --outdir C:\Users\hexia\Documents\GitHub\umbra-bench\optimized\pixar_scene_03_lamp
==============================================================
  run_sequence.py  —  2 frame(s)  ×  3 robot(s)
  Timestamp : 20260903_000829
  URDF      : urdf/SO101/so101_new_calib.urdf
  Output    : C:\Users\hexia\Documents\GitHub\umbra-bench\optimized\pixar_scene_03_lamp
  Loss      : α=1.0 β=0.3 γ=0.0 γ_final=0.0 δ=0.0
  Budget    : Ph1=128×3  Ph2=128×3  Final=256  pop=192
  Multi-res : Ph1+2@64px → Final@128px
  Hungarian : reuse if sim≥0.7
==============================================================

[1/3] Building MuJoCo scene...
[scene] so101 ×3: light_y=1.00 wall_y=-2.30 throw=3.30m table_len=0.30m | magnification 2.5x–3.3x
      3 robots  |  18 DOF  |  built in 0.5s  (saved 1s vs per-frame rebuild)

[2/3] Optimizing 2 frame(s)...

[reach] cached → reach_cfa63527aa8df2ad.npz
[fit] castability 0.050 → 0.066  (scale 1.023, dy +8.2px, dx +8.2px, clip 0.2%)
[fit] clip transform {'scale': 1.0231, 'dy': 8.23, 'dx': 8.23, 'rot': 0.0, 'score': 0.0659, 'clip_frac': 0.0022, 'touches_edge': True, 'at_bound': False}  uncastable 31.7% → 24.8%

──────────────────────────────────────────────────────────────
  Frame 1/2 : f00.png
──────────────────────────────────────────────────────────────
[staged] Multi-res: Phase 1+2 at 64²px  Final at 128²px
[staged] Popsize: per-robot phases=32  final=192  (theory optimum for 6 DOF = 10)

[staged] Hungarian pre-assignment  (3×3 cost matrix, 8 samples/entry = 72 renders)...
[staged]   robot_a → zone 1  robot_b → zone 2  robot_c → zone 0

[staged] Phase 1 — forward greedy  (128 iters × 3 robot(s), sigma=0.40×1.00, popsize=32)
[staged]   Ph1 robot a  zone 1  (uncovered: 22% of target)
    voronoi warm-start: IoU 0.037 ≤ 0.048, kept current
    init sampling: best coverage score 42.5px of uncovered area  (32 samples)
    stagnation restart #1 at iter 47  (IoU 0.363)
    stagnation restart #2 at iter 60  (IoU 0.363)
    stagnation restart #3 at iter 73  (IoU 0.363)
    stagnation restart #4 at iter 86  (IoU 0.363)
    stagnation restart #5 at iter 99  (IoU 0.363)
    stagnation restart #6 at iter 112  (IoU 0.363)
[staged]   → robot a: IoU 0.053 → 0.365  ✓
    ↑ new global best IoU 0.365  [phase Ph1 robot a]
[staged]   Ph1 robot b  zone 2  (uncovered: 2% of target)
    voronoi warm-start: IoU 0.235 ≤ 0.358, kept current
    init sampling: best coverage score 3.4px of uncovered area  (32 samples)
    stagnation restart #1 at iter 21  (IoU 0.414)
    stagnation restart #2 at iter 34  (IoU 0.414)
    stagnation restart #3 at iter 47  (IoU 0.414)
    stagnation restart #4 at iter 60  (IoU 0.414)
    stagnation restart #5 at iter 73  (IoU 0.414)
    stagnation restart #6 at iter 86  (IoU 0.414)
    stagnation restart #7 at iter 99  (IoU 0.414)
    stagnation restart #8 at iter 112  (IoU 0.414)
[staged]   → robot b: IoU 0.365 → 0.411  ✓
    ↑ new global best IoU 0.411  [phase Ph1 robot b]
[staged]   Ph1 robot c  zone 0  (uncovered: 1% of target)
    voronoi warm-start: IoU 0.288 ≤ 0.409, kept current
    init sampling: best coverage score 1.1px of uncovered area  (32 samples)
    stagnation restart #1 at iter 44  (IoU 0.420)
    stagnation restart #2 at iter 57  (IoU 0.420)
    stagnation restart #3 at iter 70  (IoU 0.420)
    stagnation restart #4 at iter 83  (IoU 0.420)
    stagnation restart #5 at iter 96  (IoU 0.420)
    stagnation restart #6 at iter 109  (IoU 0.420)
[staged]   → robot c: IoU 0.411 → 0.411  ✓
    ↑ new global best IoU 0.411  [phase Ph1 robot c]
[staged] Phase 1 done — composite IoU: 0.411

[staged] Phase 2 — backward pass  (128 iters × 3 robots, sigma=0.260)
[staged]   contributions before Phase 2:
[staged]     robot a: +0.210 IoU
[staged]     robot b: +0.087 IoU
[staged]     robot c: +0.001 IoU  ← low
[staged]   Ph2 robot c  zone 0  (uncovered: 2% of target)
    init sampling: best coverage score 2.7px of uncovered area  (32 samples)
    stagnation restart #1 at iter 33  (IoU 0.526)
    stagnation restart #2 at iter 46  (IoU 0.526)
    stagnation restart #3 at iter 59  (IoU 0.526)
    stagnation restart #4 at iter 83  (IoU 0.529)
    stagnation restart #5 at iter 96  (IoU 0.529)
[staged]   → robot c: IoU 0.411 → 0.526  ✓
    ↑ new global best IoU 0.526  [phase Ph2 robot c]
[staged]   Ph2 robot b  zone 2  (uncovered: 1% of target)
    init sampling: best coverage score 1.0px of uncovered area  (32 samples)
    stagnation restart #1 at iter 30  (IoU 0.541)
    stagnation restart #2 at iter 43  (IoU 0.541)
    stagnation restart #3 at iter 56  (IoU 0.541)
    stagnation restart #4 at iter 69  (IoU 0.541)
    stagnation restart #5 at iter 82  (IoU 0.541)
    stagnation restart #6 at iter 95  (IoU 0.541)
    stagnation restart #7 at iter 108  (IoU 0.541)
[staged]   → robot b: IoU 0.526 → 0.535  ✓
    ↑ new global best IoU 0.535  [phase Ph2 robot b]
[staged]   Ph2 robot a  zone 1  (uncovered: 16% of target)
    init sampling: best coverage score 25.6px of uncovered area  (32 samples)
    stagnation restart #1 at iter 83  (IoU 0.547)
    stagnation restart #2 at iter 96  (IoU 0.547)
    stagnation restart #3 at iter 109  (IoU 0.547)
[staged]   → robot a: IoU 0.535 → 0.544  ✓
    ↑ new global best IoU 0.544  [phase Ph2 robot a]
[staged] Phase 2 done — composite IoU: 0.544

[staged] Best snapshot: Phase 2  IoU=0.544
[staged] Adaptive final budget: warm (0.544)  iters 256→141  popsize 192→192
[staged] Final refinement — all joints  (141 iters, popsize=192, sigma=0.200)
    stagnation restart #1 at iter 13  (IoU 0.544)  ICP δ=[5.651022174632324, 5.651022174632324, 5.651022174632324]°
    stagnation restart #2 at iter 26  (IoU 0.544)  ICP δ=[-5.651022174632324, -5.651022174632324, -5.651022174632324]°
    stagnation restart #3 at iter 39  (IoU 0.544)  ICP δ=[5.651022174632324, 5.651022174632324, 5.651022174632324]°
    stagnation restart #4 at iter 52  (IoU 0.544)  ICP δ=[-5.651022174632324, -5.651022174632324, -5.651022174632324]°
    stagnation restart #5 at iter 65  (IoU 0.544)  ICP δ=[5.651022174632324, 5.651022174632324, 5.651022174632324]°
    stagnation restart #6 at iter 78  (IoU 0.544)  ICP δ=[-5.651022174632324, -5.651022174632324, -5.651022174632324]°
    stagnation restart #7 at iter 91  (IoU 0.544)  ICP δ=[5.651022174632324, 5.651022174632324, 5.651022174632324]°
    stagnation restart #8 at iter 104  (IoU 0.544)  ICP δ=[-5.651022174632324, -5.651022174632324, -5.651022174632324]°
    stagnation restart #9 at iter 117  (IoU 0.544)  ICP δ=[5.651022174632324, 5.651022174632324, 5.651022174632324]°
    stagnation restart #10 at iter 130  (IoU 0.544)  ICP δ=[-5.651022174632324, -5.651022174632324, -5.651022174632324]°
[staged] Final done — IoU: 0.544  ✓
[staged] Done — final IoU: 0.544  loss: 0.4562

  ✓  IoU=0.544  loss=0.4562  evals=50951  time=39s

──────────────────────────────────────────────────────────────
  Frame 2/2 : f01.png
──────────────────────────────────────────────────────────────
[seq] Recomputing zones  (sim=0.00 < 0.7)
[seq] ICP warm-start rejected: IoU 0.001 → 0.002 (Δθ=-3.9°), using prev_q
[staged] Temporal continuity: Ph1/Ph2 weight=0.300  final weight=0.000  (curriculum: IoU-free final pass)
[staged] Prior quality: cold (0.001)  →  Ph1 sigma×1.00  iters×1.00  init_samples=32
[staged] Multi-res: Phase 1+2 at 64²px  Final at 128²px
[staged] Popsize: per-robot phases=32  final=192  (theory optimum for 6 DOF = 10)

[staged] Hungarian pre-assignment  (3×3 cost matrix, 8 samples/entry = 72 renders)...
[staged]   robot_a → zone 2  robot_b → zone 1  robot_c → zone 0

[staged] Phase 1 — forward greedy  (128 iters × 3 robot(s), sigma=0.40×1.00, popsize=32)
[staged]   Ph1 robot a  zone 2  (uncovered: 9% of target)
    voronoi warm-start: IoU 0.001 ≤ 0.001, kept current
    [temporal] λ=0.300  μ=100.0  δ_max=1.20 rad  dof=6
    init sampling: best coverage score 15.5px of uncovered area  (32 samples)
    [temporal] Δq_max=0.814 rad  Δq_norm_rms=0.088  → direct quintic ✓
[staged]   → robot a: IoU 0.001 → 0.015  ✓
    ↑ new global best IoU 0.015  [phase Ph1 robot a]
[staged]   Ph1 robot b  zone 1  (uncovered: 45% of target)
    voronoi warm-start: IoU 0.012 ≤ 0.020, kept current
    [temporal] λ=0.300  μ=100.0  δ_max=1.20 rad  dof=6
    init sampling: best coverage score 23.6px of uncovered area  (32 samples)
    stagnation restart #1 at iter 89  (IoU 0.239)
    stagnation restart #2 at iter 102  (IoU 0.239)
    stagnation restart #3 at iter 115  (IoU 0.239)
    [temporal] Δq_max=0.846 rad  Δq_norm_rms=0.121  → direct quintic ✓
[staged]   → robot b: IoU 0.015 → 0.224  ✓
    ↑ new global best IoU 0.224  [phase Ph1 robot b]
[staged]   Ph1 robot c  zone 0  (uncovered: 5% of target)
    voronoi warm-start: IoU 0.188 ≤ 0.233, kept current
    [temporal] λ=0.300  μ=100.0  δ_max=1.20 rad  dof=6
    init sampling: best coverage score 0.5px of uncovered area  (32 samples)
    stagnation restart #1 at iter 67  (IoU 0.257)  ICP δ=[-2.7071976141375305]°
    stagnation restart #2 at iter 80  (IoU 0.257)  ICP δ=[2.7071976141375305]°
    stagnation restart #3 at iter 93  (IoU 0.257)  ICP δ=[-2.7071976141375305]°
    stagnation restart #4 at iter 106  (IoU 0.257)  ICP δ=[2.7071976141375305]°
    [temporal] Δq_max=0.343 rad  Δq_norm_rms=0.045  → direct quintic ✓
[staged]   → robot c: IoU 0.224 → 0.243  ✓
    ↑ new global best IoU 0.243  [phase Ph1 robot c]
[staged] Phase 1 done — composite IoU: 0.243

[staged] Phase 2 — backward pass  (128 iters × 3 robots, sigma=0.260)
[staged]   contributions before Phase 2:
[staged]     robot a: +0.032 IoU  ← low
[staged]     robot b: +0.213 IoU
[staged]     robot c: +0.046 IoU  ← low
[staged]   Ph2 robot c  zone 0  (uncovered: 12% of target)
    [temporal] λ=0.300  μ=100.0  δ_max=1.20 rad  dof=6
    init sampling: best coverage score 2.1px of uncovered area  (32 samples)
    stagnation restart #1 at iter 56  (IoU 0.251)  ICP δ=[-2.7071976141375305]°
    stagnation restart #2 at iter 69  (IoU 0.251)  ICP δ=[2.7071976141375305]°
    stagnation restart #3 at iter 82  (IoU 0.251)  ICP δ=[-2.7071976141375305]°
    stagnation restart #4 at iter 95  (IoU 0.251)  ICP δ=[2.7071976141375305]°
    stagnation restart #5 at iter 108  (IoU 0.251)  ICP δ=[-2.7071976141375305]°
    [temporal] Δq_max=0.344 rad  Δq_norm_rms=0.045  → direct quintic ✓
[staged]   → robot c: IoU 0.243 → 0.243  ✓
    ↑ new global best IoU 0.243  [phase Ph2 robot c]
[staged]   Ph2 robot b  zone 1  (uncovered: 90% of target)
    [temporal] λ=0.300  μ=100.0  δ_max=1.20 rad  dof=6
    init sampling: best coverage score 74.1px of uncovered area  (32 samples)
    stagnation restart #1 at iter 95  (IoU 0.254)
    stagnation restart #2 at iter 108  (IoU 0.254)
    [temporal] Δq_max=0.810 rad  Δq_norm_rms=0.124  → direct quintic ✓
[staged]   → robot b: IoU 0.243 → 0.248  ✓
    ↑ new global best IoU 0.248  [phase Ph2 robot b]
[staged]   Ph2 robot a  zone 2  (uncovered: 8% of target)
    [temporal] λ=0.300  μ=100.0  δ_max=1.20 rad  dof=6
    init sampling: best coverage score 7.5px of uncovered area  (32 samples)
    stagnation restart #1 at iter 53  (IoU 0.265)
    stagnation restart #2 at iter 66  (IoU 0.265)
    stagnation restart #3 at iter 79  (IoU 0.265)
    stagnation restart #4 at iter 92  (IoU 0.265)
    stagnation restart #5 at iter 105  (IoU 0.265)
    [temporal] Δq_max=0.146 rad  Δq_norm_rms=0.022  → direct quintic ✓
[staged]   → robot a: IoU 0.248 → 0.259  ✓
    ↑ new global best IoU 0.259  [phase Ph2 robot a]
[staged] Phase 2 done — composite IoU: 0.259

[staged] Best snapshot: Phase 2  IoU=0.259
[staged] Final refinement — all joints  (256 iters, popsize=192, sigma=0.200)
    [temporal] λ=0.000  μ=100.0  δ_max=1.20 rad  dof=18
    stagnation restart #1 at iter 13  (IoU 0.259)  ICP δ=[-10.068272419424106, -10.068272419424106, -10.068272419424106]°
    stagnation restart #2 at iter 26  (IoU 0.259)  ICP δ=[10.068272419424106, 10.068272419424106, 10.068272419424106]°
    stagnation restart #3 at iter 39  (IoU 0.259)  ICP δ=[-10.068272419424106, -10.068272419424106, -10.068272419424106]°
    stagnation restart #4 at iter 52  (IoU 0.259)  ICP δ=[10.068272419424106, 10.068272419424106, 10.068272419424106]°
    stagnation restart #5 at iter 65  (IoU 0.259)  ICP δ=[-10.068272419424106, -10.068272419424106, -10.068272419424106]°
    stagnation restart #6 at iter 78  (IoU 0.259)  ICP δ=[10.068272419424106, 10.068272419424106, 10.068272419424106]°
    stagnation restart #7 at iter 91  (IoU 0.259)  ICP δ=[-10.068272419424106, -10.068272419424106, -10.068272419424106]°
    stagnation restart #8 at iter 104  (IoU 0.259)  ICP δ=[10.068272419424106, 10.068272419424106, 10.068272419424106]°
    stagnation restart #9 at iter 117  (IoU 0.259)  ICP δ=[-10.068272419424106, -10.068272419424106, -10.068272419424106]°
    stagnation restart #10 at iter 130  (IoU 0.259)  ICP δ=[10.068272419424106, 10.068272419424106, 10.068272419424106]°
    stagnation restart #11 at iter 143  (IoU 0.259)  ICP δ=[-10.068272419424106, -10.068272419424106, -10.068272419424106]°
    stagnation restart #12 at iter 156  (IoU 0.259)  ICP δ=[10.068272419424106, 10.068272419424106, 10.068272419424106]°
    stagnation restart #13 at iter 169  (IoU 0.259)  ICP δ=[-10.068272419424106, -10.068272419424106, -10.068272419424106]°
    stagnation restart #14 at iter 182  (IoU 0.259)  ICP δ=[10.068272419424106, 10.068272419424106, 10.068272419424106]°
    stagnation restart #15 at iter 195  (IoU 0.259)  ICP δ=[-10.068272419424106, -10.068272419424106, -10.068272419424106]°
    stagnation restart #16 at iter 208  (IoU 0.259)  ICP δ=[10.068272419424106, 10.068272419424106, 10.068272419424106]°
    stagnation restart #17 at iter 221  (IoU 0.259)  ICP δ=[-10.068272419424106, -10.068272419424106, -10.068272419424106]°
    stagnation restart #18 at iter 234  (IoU 0.259)  ICP δ=[10.068272419424106, 10.068272419424106, 10.068272419424106]°
    [temporal] Δq_max=0.810 rad  Δq_norm_rms=0.077  → direct quintic ✓
[staged] Final: candidate dq_max=0.810 rad (reachable), snapshot dq_max=0.810 rad (reachable)
[staged] Final done — IoU: 0.259  ✓
[staged] Done — final IoU: 0.259  loss: 0.7452
[staged] Displacement from prior:  global_max=0.810 rad
          robot_a: Δq_max=0.146 rad [direct ✓]
          robot_b: Δq_max=0.810 rad [direct ✓]
          robot_c: Δq_max=0.344 rad [direct ✓]

  ✓  IoU=0.259  loss=0.7452  evals=73735  time=56s


==============================================================
  Summary  (2 frames, 3 robots, ts=20260903_000829)
==============================================================
  #    Target                        IoU   Evals   Surr    Time
  ---- -------------------------- ------  ------  -----  ------
  1    f00.png                     0.544   50951     0%     39s
  2    f01.png                     0.259   73735     0%     56s
  ──── ────────────────────────── ──────
  avg                              0.402                    95s
==============================================================

Summary   : C:\Users\hexia\Documents\GitHub\umbra-bench\optimized\pixar_scene_03_lamp\summary_20260903_000829.json
CSV       : C:\Users\hexia\Documents\GitHub\umbra-bench\optimized\pixar_scene_03_lamp\summary_20260903_000829.csv
Deploy    : mjpython deploy.py --urdf urdf/SO101/so101_new_calib.urdf --ts 20260903_000829 --results-dir C:\Users\hexia\Documents\GitHub\umbra-bench\optimized\pixar_scene_03_lamp


$ C:\Users\hexia\miniconda3\envs\umbra-bench\python.exe C:\Users\hexia\Documents\GitHub\umbra-bench\scripts\sequence_metrics.py --run C:\Users\hexia\Documents\GitHub\umbra-bench\optimized\pixar_scene_03_lamp --sequence pixar_scene_03_lamp
[!] sequence 'pixar_scene_03_lamp' not in sequences.jsonl; scoring without targets
[sequence-metrics] -> C:\Users\hexia\Documents\GitHub\umbra-bench\results\sequence_metrics_pixar_scene_03_lamp.csv  (3 rows x 54 cols)
  [pixar_scene_03_lamp/optimizer]  n_frames=2 loop=0
    iou_reported_mean      0.4016
    dq_max_deg_max         46.4
    dq_infeasible_frac     0.0
    assignment_stability   1.0
    total_path_length_deg  65.96
    dq_max_deg (interior)  [46.4]

$ C:\Users\hexia\miniconda3\envs\fleet-shadow\python.exe scripts/run_sequence.py --urdf urdf/SO101/so101_new_calib.urdf --targets C:\Users\hexia\Documents\GitHub\umbra-bench\sequences\pixar_scene_04_lamp\f00.png --n-robots 3 --alpha 1.0 --beta 0.3 --gamma 0.0 --final-gamma 0.0 --delta 0.0 --popsize 192 --sigma0 0.4 --phase1-iters 128 --phase2-iters 128 --final-iters 256 --fit-target --fit-scale-min 0.35 --fit-scale-max 1.6 --fit-max-shift 0.45 --reach-samples 300 --outdir C:\Users\hexia\Documents\GitHub\umbra-bench\optimized\pixar_scene_04_lamp
==============================================================
  run_sequence.py  —  1 frame(s)  ×  3 robot(s)
  Timestamp : 20260903_001009
  URDF      : urdf/SO101/so101_new_calib.urdf
  Output    : C:\Users\hexia\Documents\GitHub\umbra-bench\optimized\pixar_scene_04_lamp
  Loss      : α=1.0 β=0.3 γ=0.0 γ_final=0.0 δ=0.0
  Budget    : Ph1=128×3  Ph2=128×3  Final=256  pop=192
  Multi-res : Ph1+2@64px → Final@128px
  Hungarian : reuse if sim≥0.7
==============================================================

[1/3] Building MuJoCo scene...
[scene] so101 ×3: light_y=1.00 wall_y=-2.30 throw=3.30m table_len=0.30m | magnification 2.5x–3.3x
      3 robots  |  18 DOF  |  built in 0.5s  (saved 1s vs per-frame rebuild)

[2/3] Optimizing 1 frame(s)...

[reach] cached → reach_cfa63527aa8df2ad.npz
[fit] castability 0.076 → 0.084  (scale 1.023, dy +8.2px, dx +0.0px, clip 1.1%)
[fit] clip transform {'scale': 1.0231, 'dy': 8.23, 'dx': 0.0, 'rot': 0.0, 'score': 0.0844, 'clip_frac': 0.01149, 'touches_edge': True, 'at_bound': False}  uncastable 25.5% → 25.6%

──────────────────────────────────────────────────────────────
  Frame 1/1 : f00.png
──────────────────────────────────────────────────────────────
[staged] Multi-res: Phase 1+2 at 64²px  Final at 128²px
[staged] Popsize: per-robot phases=32  final=192  (theory optimum for 6 DOF = 10)

[staged] Hungarian pre-assignment  (3×3 cost matrix, 8 samples/entry = 72 renders)...
[staged]   robot_a → zone 2  robot_b → zone 1  robot_c → zone 0

[staged] Phase 1 — forward greedy  (128 iters × 3 robot(s), sigma=0.40×1.00, popsize=32)
[staged]   Ph1 robot a  zone 2  (uncovered: 21% of target)
    voronoi warm-start: IoU 0.081 → 0.084 ✓
    init sampling: best coverage score 142.7px of uncovered area  (16 samples)
[staged]   → robot a: IoU 0.081 → 0.552  ✓
    ↑ new global best IoU 0.552  [phase Ph1 robot a]
[staged]   Ph1 robot b  zone 1  (uncovered: 12% of target)
    voronoi warm-start: IoU 0.479 ≤ 0.553, kept current
    init sampling: best coverage score 35.8px of uncovered area  (32 samples)
    stagnation restart #1 at iter 43  (IoU 0.634)
    stagnation restart #2 at iter 56  (IoU 0.634)
    stagnation restart #3 at iter 69  (IoU 0.634)
    stagnation restart #4 at iter 82  (IoU 0.634)
    stagnation restart #5 at iter 95  (IoU 0.634)
    stagnation restart #6 at iter 108  (IoU 0.634)
[staged]   → robot b: IoU 0.552 → 0.633  ✓
    ↑ new global best IoU 0.633  [phase Ph1 robot b]
[staged]   Ph1 robot c  zone 0  (uncovered: 1% of target)
    voronoi warm-start: IoU 0.566 ≤ 0.635, kept current
    init sampling: best coverage score 9.1px of uncovered area  (32 samples)
    stagnation restart #1 at iter 52  (IoU 0.703)
    stagnation restart #2 at iter 99  (IoU 0.709)
    stagnation restart #3 at iter 112  (IoU 0.709)
[staged]   → robot c: IoU 0.633 → 0.697  ✓
    ↑ new global best IoU 0.697  [phase Ph1 robot c]
[staged] Phase 1 done — composite IoU: 0.697

[staged] Phase 2 — backward pass  (128 iters × 3 robots, sigma=0.260)
[staged]   contributions before Phase 2:
[staged]     robot a: +0.399 IoU
[staged]     robot b: +0.111 IoU
[staged]     robot c: +0.063 IoU
[staged]   Ph2 robot c  zone 0  (uncovered: 21% of target)
    init sampling: best coverage score 48.4px of uncovered area  (32 samples)
    stagnation restart #1 at iter 52  (IoU 0.675)
    stagnation restart #2 at iter 65  (IoU 0.675)
    stagnation restart #3 at iter 78  (IoU 0.675)
    stagnation restart #4 at iter 91  (IoU 0.675)
    stagnation restart #5 at iter 104  (IoU 0.675)
    stagnation restart #6 at iter 117  (IoU 0.675)
[staged]   → robot c: candidate 0.672 < current 0.697  ✗ rejected
[staged]   Ph2 robot b  zone 1  (uncovered: 25% of target)
    init sampling: best coverage score 115.5px of uncovered area  (32 samples)
    stagnation restart #1 at iter 32  (IoU 0.686)
    stagnation restart #2 at iter 45  (IoU 0.686)
    stagnation restart #3 at iter 58  (IoU 0.686)
    stagnation restart #4 at iter 71  (IoU 0.686)
    stagnation restart #5 at iter 84  (IoU 0.686)
    stagnation restart #6 at iter 97  (IoU 0.686)
    stagnation restart #7 at iter 110  (IoU 0.686)
[staged]   → robot b: candidate 0.678 < current 0.697  ✗ rejected
[staged]   Ph2 robot a  zone 2  (uncovered: 63% of target)
    init sampling: best coverage score 226.4px of uncovered area  (32 samples)
    stagnation restart #1 at iter 86  (IoU 0.687)
    stagnation restart #2 at iter 99  (IoU 0.687)
    stagnation restart #3 at iter 112  (IoU 0.687)
[staged]   → robot a: candidate 0.682 < current 0.697  ✗ rejected
[staged] Phase 2 done — composite IoU: 0.697

[staged] Best snapshot: Phase 1  IoU=0.697
[staged] Adaptive final budget: warm (0.697)  iters 256→141  popsize 192→192
[staged] Final refinement — all joints  (141 iters, popsize=192, sigma=0.200)
    stagnation restart #1 at iter 13  (IoU 0.697)  ICP δ=[3.8971336018549194, 3.8971336018549194, 3.8971336018549194]°
    stagnation restart #2 at iter 26  (IoU 0.697)  ICP δ=[-3.8971336018549194, -3.8971336018549194, -3.8971336018549194]°
    stagnation restart #3 at iter 39  (IoU 0.697)  ICP δ=[3.8971336018549194, 3.8971336018549194, 3.8971336018549194]°
    stagnation restart #4 at iter 52  (IoU 0.697)  ICP δ=[-3.8971336018549194, -3.8971336018549194, -3.8971336018549194]°
    stagnation restart #5 at iter 65  (IoU 0.697)  ICP δ=[3.8971336018549194, 3.8971336018549194, 3.8971336018549194]°
    stagnation restart #6 at iter 78  (IoU 0.697)  ICP δ=[-3.8971336018549194, -3.8971336018549194, -3.8971336018549194]°
    stagnation restart #7 at iter 91  (IoU 0.697)  ICP δ=[3.8971336018549194, 3.8971336018549194, 3.8971336018549194]°
    stagnation restart #8 at iter 104  (IoU 0.697)  ICP δ=[-3.8971336018549194, -3.8971336018549194, -3.8971336018549194]°
    stagnation restart #9 at iter 117  (IoU 0.697)  ICP δ=[3.8971336018549194, 3.8971336018549194, 3.8971336018549194]°
    stagnation restart #10 at iter 130  (IoU 0.697)  ICP δ=[-3.8971336018549194, -3.8971336018549194, -3.8971336018549194]°
[staged] Final done — IoU: 0.697  ✓
[staged] Done — final IoU: 0.697  loss: 0.3033

  ✓  IoU=0.697  loss=0.3033  evals=50087  time=37s


==============================================================
  Summary  (1 frames, 3 robots, ts=20260903_001009)
==============================================================
  #    Target                        IoU   Evals   Surr    Time
  ---- -------------------------- ------  ------  -----  ------
  1    f00.png                     0.697   50087     0%     38s
  ──── ────────────────────────── ──────
  avg                              0.697                    38s
==============================================================

Summary   : C:\Users\hexia\Documents\GitHub\umbra-bench\optimized\pixar_scene_04_lamp\summary_20260903_001009.json
CSV       : C:\Users\hexia\Documents\GitHub\umbra-bench\optimized\pixar_scene_04_lamp\summary_20260903_001009.csv
Deploy    : mjpython deploy.py --urdf urdf/SO101/so101_new_calib.urdf --ts 20260903_001009 --results-dir C:\Users\hexia\Documents\GitHub\umbra-bench\optimized\pixar_scene_04_lamp


$ C:\Users\hexia\miniconda3\envs\umbra-bench\python.exe C:\Users\hexia\Documents\GitHub\umbra-bench\scripts\sequence_metrics.py --run C:\Users\hexia\Documents\GitHub\umbra-bench\optimized\pixar_scene_04_lamp --sequence pixar_scene_04_lamp
[!] sequence 'pixar_scene_04_lamp' not in sequences.jsonl; scoring without targets
[sequence-metrics] -> C:\Users\hexia\Documents\GitHub\umbra-bench\results\sequence_metrics_pixar_scene_04_lamp.csv  (2 rows x 47 cols)
  [pixar_scene_04_lamp/optimizer]  n_frames=1 loop=0
    iou_reported_mean      0.6969
    dq_max_deg (interior)  []

[done]
