
$ C:\Users\hexia\miniconda3\envs\umbra-bench\python.exe route_motion.py
sequence                lane          step IoU stab gain   next
family_ad_scene_01_I    dynamic          0.858         -   solve sequences/family_ad_scene_01_I/ as-is (full clip)
family_ad_scene_02_F    dynamic          0.889     0.99x   solve sequences/family_ad_scene_02_F/ as-is (full clip)
family_ad_scene_03_F    dynamic          0.812     1.03x   solve sequences/family_ad_scene_03_F/ as-is (full clip)
family_ad_scene_03_I    dynamic          0.902     0.98x   solve sequences/family_ad_scene_03_I/ as-is (full clip)
                                                           library has this class: letters_upper_M_dejavusans-bold, letters_upper_M_dejavusansmono-bold, letters_upper_M_dejavuserif-bold_v2
family_ad_scene_04_M    static           0.933         -   python demo/add_to_library.py --sequence family_ad_scene_04_M  #
                                                           library has this class: letters_upper_I_dejavusans-bold, letters_upper_I_dejavusansmono-bold, letters_upper_I_dejavuserif-bold
family_ad_scene_05_I    static           0.994         -   python demo/add_to_library.py --sequence family_ad_scene_05_I  #
                                                           library has this class: letters_upper_M_dejavusans-bold, letters_upper_M_dejavusansmono-bold, letters_upper_M_dejavuserif-bold_v2
family_ad_scene_05_M    static           0.947         -   python demo/add_to_library.py --sequence family_ad_scene_05_M  #
                                                           library has this class: letters_upper_A_dejavusans-bold, letters_upper_A_dejavusansmono-bold, letters_upper_A_dejavuserif-bold
family_ad_scene_06_A    static           0.946         -   python demo/add_to_library.py --sequence family_ad_scene_06_A  #
family_ad_scene_06_F    dynamic          0.926     0.99x   solve sequences/family_ad_scene_06_F/ as-is (full clip)
family_ad_scene_06_I    dynamic          0.447         -   solve sequences/family_ad_scene_06_I/ as-is (full clip)
family_ad_scene_06_L    translation      0.390     2.31x   python scripts/stabilize_sequence.py --ids family_ad_scene_06_L 
family_ad_scene_06_M    dynamic          0.792     1.02x   solve sequences/family_ad_scene_06_M/ as-is (full clip)
family_ad_scene_06_Y    translation      0.545     1.12x   python scripts/stabilize_sequence.py --ids family_ad_scene_06_Y 

13 clips: 4 static, 2 translation, 7 dynamic -> C:\Users\hexia\Documents\GitHub\umbra-bench\demo\out\motion_routing.json
the static lane alone replaces 46 per-frame solves with holds

[done]
