
$ C:\Users\hexia\miniconda3\envs\umbra-bench\python.exe C:\Users\hexia\Documents\GitHub\umbra-bench\demo\07_make_sequences.py --in letters_sam2_small --keypoints keypoints.json --prefix pixar_
306 masks -> 23 sequences

  pixar_scene_01_A   7 frames  union 107x96  crop 125x112@(770,340)  pad 125
  pixar_scene_01_I   7 frames  union 49x98  crop 57x114@(360,340)  pad 114
  pixar_scene_01_R   7 frames  union 97x100  crop 113x116@(1018,340)  pad 116
  pixar_scene_01_X   7 frames  union 97x101  crop 113x117@(542,340)  pad 117
  pixar_scene_01_lamp   3 frames  union 1083x235  crop 1170x273@(110,203)  pad 1170
  pixar_scene_01_p   7 frames  union 78x96  crop 90x112@(151,340)  pad 112
  pixar_scene_02_A   2 frames  union 107x96  crop 125x112@(770,340)  pad 125
  pixar_scene_02_I   2 frames  union 47x97  crop 55x113@(361,340)  pad 113
  pixar_scene_02_P   2 frames  union 77x96  crop 89x112@(151,340)  pad 112
  pixar_scene_02_R   2 frames  union 95x100  crop 111x116@(1019,340)  pad 116
  pixar_scene_02_X   2 frames  union 97x101  crop 113x117@(542,340)  pad 117
  pixar_scene_02_lamp   2 frames  union 93x164  crop 107x190@(240,280)  pad 190
  pixar_scene_03_A   2 frames  union 107x96  crop 125x112@(770,340)  pad 125
  pixar_scene_03_I   2 frames  union 54x97  crop 62x113@(357,340)  pad 113
  pixar_scene_03_P   2 frames  union 77x96  crop 89x112@(151,340)  pad 112
  pixar_scene_03_R   2 frames  union 95x99  crop 111x115@(1019,340)  pad 115
  pixar_scene_03_X   2 frames  union 97x101  crop 113x117@(542,340)  pad 117
  pixar_scene_03_lamp   2 frames  union 211x339  crop 245x393@(231,91)  pad 393
  pixar_scene_04_A   1 frames  union 107x96  crop 125x112@(770,340)  pad 125
  pixar_scene_04_P   1 frames  union 77x96  crop 89x112@(151,340)  pad 112
  pixar_scene_04_R   1 frames  union 515x100  crop 597x116@(566,340)  pad 597
  pixar_scene_04_X   1 frames  union 97x102  crop 113x118@(543,340)  pad 118
  pixar_scene_04_lamp   1 frames  union 140x153  crop 162x177@(319,280)  pad 177

67 targets in 23 sequences -> C:\Users\hexia\Documents\GitHub\umbra-bench\sequences
  inspect: C:\Users\hexia\Documents\GitHub\umbra-bench\results\demo_review\_all.png  (and one sheet per sequence)
  then:    python scripts/build_sequence_metadata.py   # rebuilds sequences.jsonl

$ C:\Users\hexia\miniconda3\envs\umbra-bench\python.exe C:\Users\hexia\Documents\GitHub\umbra-bench\scripts\build_sequence_metadata.py
[metadata] 47 sequences, 355 frames -> C:\Users\hexia\Documents\GitHub\umbra-bench\sequences.jsonl

  id                 frames      size   loop  mean step IoU
  bird                    8       128   True          0.509
  cheer_n5                8       128   True          0.693
  family_ad_scene_01_I     10       512  False          0.858
  family_ad_scene_02_F     21       512  False          0.889
  family_ad_scene_03_F     24       512  False          0.812
  family_ad_scene_03_I     15       512  False          0.902
  family_ad_scene_04_M     14       512  False          0.933
  family_ad_scene_05_I     13       512  False          0.994
  family_ad_scene_05_M     13       512  False          0.947
  family_ad_scene_06_A     10       512  False          0.946
  family_ad_scene_06_F     10       512  False          0.926
  family_ad_scene_06_I     10       512  False          0.447
  family_ad_scene_06_L      4       512  False          0.390
  family_ad_scene_06_L_stab      4       512  False          0.839
  family_ad_scene_06_M     10       512  False          0.792
  family_ad_scene_06_Y      3       512  False          0.545
  family_ad_scene_06_Y_stab      3       512  False          0.885
  flower                  8       128   True          0.590
  pixar_scene_01_A        7       512  False          0.970
  pixar_scene_01_I        7       512  False          0.967
  pixar_scene_01_R        7       512  False          0.971
  pixar_scene_01_X        7       512  False          0.982
  pixar_scene_01_lamp      3       512  False          0.000
  pixar_scene_01_p        7       512  False          0.980
  pixar_scene_02_A        2       512  False          0.952
  pixar_scene_02_I        2       512  False          0.964
  pixar_scene_02_P        2       512  False          0.968
  pixar_scene_02_R        2       512  False          0.970
  pixar_scene_02_X        2       512  False          0.954
  pixar_scene_02_lamp      2       512  False          0.610
  pixar_scene_03_A        2       512  False          0.977
  pixar_scene_03_I        2       512  False          0.703
  pixar_scene_03_P        2       512  False          0.985
  pixar_scene_03_R        2       512  False          0.962
  pixar_scene_03_X        2       512  False          0.972
  pixar_scene_03_lamp      2       512  False          0.000
  plant                  20       128  False          0.908
  reeds_n3                8       128   True          0.362
  reeds_n5                8       128   True          0.399
  star_spin               5       128   True          0.564
  stick_wave              8       128   True          0.854
  triangle               10       128  False          0.585
  triangle_stab          10       128  False          0.651
  two_arm_wave_n5         8       128   True          0.761
  windmill_n3             8       128   True          0.234
  windmill_n5             8       128   True          0.425
  wiper                  12       128   True          0.210

[done]
