
$ C:\Users\hexia\miniconda3\envs\umbra-bench\python.exe 01_split_scenes.py C:\Users\hexia\Documents\GitHub\umbra-bench\demo\family_ad.mp4 --sample 5 --scene-start 7
backend: OpenCV (no runnable ffmpeg found -- a which() hit with broken DLLs also lands here)
source : C:\Users\hexia\Documents\GitHub\umbra-bench\demo\family_ad.mp4
         1920x1080  25 fps  751 frames
scanning for white separator frames...
  found 5 separator run(s), 60 frame(s) dropped
scene numbering continues at scene_07

6 scene(s) by white:
  scene_07  frames f0001-f0089  (  89 frames,  3.56s)
  scene_08  frames f0102-f0211  ( 110 frames,  4.40s)
  scene_09  frames f0224-f0355  ( 132 frames,  5.28s)
  scene_10  frames f0368-f0524  ( 157 frames,  6.28s)
  scene_11  frames f0537-f0669  ( 133 frames,  5.32s)
  scene_12  frames f0682-f0751  (  70 frames,  2.80s)

scene_07: extracting f0001-f0089 -> scenes\scene_07/
  got 18 frame(s)
  sheet: review\scene_07.jpg

scene_08: extracting f0102-f0211 -> scenes\scene_08/
  got 22 frame(s)
  sheet: review\scene_08.jpg

scene_09: extracting f0224-f0355 -> scenes\scene_09/
  got 27 frame(s)
  sheet: review\scene_09.jpg

scene_10: extracting f0368-f0524 -> scenes\scene_10/
  got 32 frame(s)
  sheet: review\scene_10.jpg

scene_11: extracting f0537-f0669 -> scenes\scene_11/
  got 27 frame(s)
  sheet: review\scene_11.jpg

scene_12: extracting f0682-f0751 -> scenes\scene_12/
  got 14 frame(s)
  sheet: review\scene_12.jpg

manifest : frames_manifest.csv
done.
  scenes : scenes/scene_NN/   (140 frames total, global ids)
  sheets : review/scene_NN.jpg   (one per scene)

Next:  python3 02_segment_letters.py --frames-dir scenes/scene_01 --all

[done]
