
$ C:\Users\hexia\miniconda3\envs\umbra-bench\python.exe 01_split_scenes.py C:\Users\hexia\Documents\GitHub\umbra-bench\demo\pixar.mp4 --sample 5 --scene-start 5 --frame-start 297
backend: OpenCV (no runnable ffmpeg found -- a which() hit with broken DLLs also lands here)
source : C:\Users\hexia\Documents\GitHub\umbra-bench\demo\pixar.mp4
         1280x720  25 fps  300 frames
scanning for white separator frames...
  found 3 separator run(s), 36 frame(s) dropped
scene numbering continues at scene_05

4 scene(s) by white:
  scene_05  frames f0001-f0081  (  81 frames,  3.24s)
  scene_06  frames f0094-f0132  (  39 frames,  1.56s)
  scene_07  frames f0145-f0219  (  75 frames,  3.00s)
  scene_08  frames f0232-f0300  (  69 frames,  2.76s)

scene_05: extracting f0001-f0081 -> scenes\scene_05/
  got 17 frame(s)
  sheet: review\scene_05.jpg

scene_06: extracting f0094-f0132 -> scenes\scene_06/
  got 8 frame(s)
  sheet: review\scene_06.jpg

scene_07: extracting f0145-f0219 -> scenes\scene_07/
  got 15 frame(s)
  sheet: review\scene_07.jpg

scene_08: extracting f0232-f0300 -> scenes\scene_08/
  got 14 frame(s)
  sheet: review\scene_08.jpg

manifest : frames_manifest.csv
done.
  scenes : scenes/scene_NN/   (54 frames total, global ids)
  sheets : review/scene_NN.jpg   (one per scene)

Next:  python3 02_segment_letters.py --frames-dir scenes/scene_01 --all

[done]
