
$ C:\Users\hexia\miniconda3\envs\umbra-bench\python.exe C:\Users\hexia\Documents\GitHub\umbra-bench\demo\07_make_sequences.py --in letters_clean --keypoints keypoints.json --prefix pixar_
306 masks -> 23 sequences

  pixar_scene_01_A   7 frames  union 103x96  crop 119x112@(773,340)  pad 119
  pixar_scene_01_I   7 frames  union 44x98  crop 52x114@(362,340)  pad 114
  pixar_scene_01_R   7 frames  union 92x99  crop 106x115@(1022,340)  pad 115
  pixar_scene_01_X   7 frames  union 94x101  crop 110x117@(544,340)  pad 117
  pixar_scene_01_lamp   3 frames  union 1023x235  crop 1105x273@(175,203)  pad 1105
  pixar_scene_01_p   7 frames  union 75x96  crop 87x112@(153,340)  pad 112
  pixar_scene_02_A   2 frames  union 103x96  crop 119x112@(773,340)  pad 119
  pixar_scene_02_I   2 frames  union 42x97  crop 48x113@(365,340)  pad 113
  pixar_scene_02_P   2 frames  union 74x96  crop 86x112@(154,340)  pad 112
  pixar_scene_02_R   2 frames  union 91x99  crop 105x115@(1022,340)  pad 115
  pixar_scene_02_X   2 frames  union 94x101  crop 110x117@(544,340)  pad 117
  pixar_scene_02_lamp   2 frames  union 90x163  crop 104x189@(242,281)  pad 189
  pixar_scene_03_A   2 frames  union 103x96  crop 119x112@(773,340)  pad 119
  pixar_scene_03_I   2 frames  union 44x96  crop 52x112@(363,341)  pad 112
  pixar_scene_03_P   2 frames  union 74x96  crop 86x112@(154,340)  pad 112
  pixar_scene_03_R   2 frames  union 91x99  crop 105x115@(1022,340)  pad 115
  pixar_scene_03_X   2 frames  union 94x101  crop 110x117@(544,340)  pad 117
  pixar_scene_03_lamp   2 frames  union 210x339  crop 244x393@(232,91)  pad 393
  pixar_scene_04_A   1 frames  union 103x96  crop 119x112@(773,340)  pad 119
  pixar_scene_04_P   1 frames  union 74x96  crop 86x112@(154,340)  pad 112
  pixar_scene_04_R   1 frames  union 91x99  crop 105x115@(1022,340)  pad 115
  pixar_scene_04_X   1 frames  union 92x101  crop 106x117@(547,340)  pad 117
  pixar_scene_04_lamp   1 frames  union 132x153  crop 154x177@(326,280)  pad 177

67 targets in 23 sequences -> C:\Users\hexia\Documents\GitHub\umbra-bench\sequences
  inspect: C:\Users\hexia\Documents\GitHub\umbra-bench\results\demo_review\_all.png  (and one sheet per sequence)
  then:    python scripts/build_sequence_metadata.py   # rebuilds sequences.jsonl

[done]
