### start Wed Sep  2 01:50:34 EDT 2026
### demo_01_scene_06_Y  (letter Y, prior Y_dejavusans-bold)  01:50:34
  (see ../../umbra-bench/results/demo_solve_logs/demo_01_scene_06_Y.log)
### demo_01_scene_06_L  (letter L, prior L_dejavuserif-bold)  01:52:04
  (see ../../umbra-bench/results/demo_solve_logs/demo_01_scene_06_L.log)
### demo_01_scene_01_I  (letter I, prior I_dejavusans-bold)  01:54:27
  (see ../../umbra-bench/results/demo_solve_logs/demo_01_scene_01_I.log)
### demo_01_scene_06_A  (letter A, prior A_dejavusans-bold)  01:59:47
  (see ../../umbra-bench/results/demo_solve_logs/demo_01_scene_06_A.log)
### demo_01_scene_06_F  (letter F, prior F_dejavusans-bold)  02:02:37
  (see ../../umbra-bench/results/demo_solve_logs/demo_01_scene_06_F.log)
### demo_01_scene_06_I  (letter I, prior I_dejavusans-bold)  02:06:46
  (see ../../umbra-bench/results/demo_solve_logs/demo_01_scene_06_I.log)
### demo_01_scene_06_M  (letter M, prior M_dejavuserif-bold_v2)  02:12:15
  (see ../../umbra-bench/results/demo_solve_logs/demo_01_scene_06_M.log)
### demo_01_scene_05_I  (letter I, prior I_dejavusans-bold)  02:15:27
  (see ../../umbra-bench/results/demo_solve_logs/demo_01_scene_05_I.log)
### demo_01_scene_05_M  (letter M, prior M_dejavuserif-bold_v2)  02:21:23
  (see ../../umbra-bench/results/demo_solve_logs/demo_01_scene_05_M.log)
### demo_01_scene_04_M  (letter M, prior M_dejavuserif-bold_v2)  02:28:22
  (see ../../umbra-bench/results/demo_solve_logs/demo_01_scene_04_M.log)
### demo_01_scene_03_I  (letter I, prior I_dejavusans-bold)  02:35:15
  (see ../../umbra-bench/results/demo_solve_logs/demo_01_scene_03_I.log)
### demo_01_scene_02_F  (letter F, prior F_dejavusans-bold)  02:42:31
  (see ../../umbra-bench/results/demo_solve_logs/demo_01_scene_02_F.log)
### demo_01_scene_03_F  (letter F, prior F_dejavusans-bold)  02:53:01
  (see ../../umbra-bench/results/demo_solve_logs/demo_01_scene_03_F.log)
### done Wed Sep  2 03:02:50 EDT 2026
