==============================================================
  run_sequence.py  —  12 frame(s)  ×  3 robot(s)
  Timestamp : 20260902_035622
  URDF      : urdf/SO101/so101_new_calib.urdf
  Output    : ../../umbra-bench/optimized/wiper
  Loss      : α=1.0 β=0.3 γ=0.0 γ_final=0.0 δ=0.0
  Budget    : Ph1=128×3  Ph2=128×3  Final=256  pop=192
  Multi-res : Ph1+2@64px → Final@128px
  Hungarian : reuse if sim≥0.7
==============================================================

[1/3] Building MuJoCo scene...
[scene] so101 ×3: light_y=1.00 wall_y=-2.40 throw=3.40m table_len=0.40m | magnification 2.4x–3.4x
      3 robots  |  18 DOF  |  built in 0.5s  (saved 6s vs per-frame rebuild)

[2/3] Optimizing 12 frame(s)...

[reach] cached → reach_20b4e1e1b3b47664.npz
[fit] castability 0.070 → 0.087  (scale 0.735, dy +16.5px, dx -8.2px, clip 0.3%)
[fit] clip transform {'scale': 0.7346, 'dy': 16.46, 'dx': -8.23, 'rot': 0.0, 'score': 0.0873, 'clip_frac': 0.00303, 'touches_edge': False, 'at_bound': False}  uncastable 9.1% → 9.5%

──────────────────────────────────────────────────────────────
  Frame 1/12 : f00.png
──────────────────────────────────────────────────────────────
[staged] Multi-res: Phase 1+2 at 64²px  Final at 128²px
[staged] Popsize: per-robot phases=32  final=192  (theory optimum for 6 DOF = 10)

[staged] Hungarian pre-assignment  (3×3 cost matrix, 8 samples/entry = 72 renders)...
[staged]   robot_a → zone 0  robot_b → zone 2  robot_c → zone 1

[staged] Phase 1 — forward greedy  (128 iters × 3 robot(s), sigma=0.40×1.00, popsize=32)
[staged]   Ph1 robot a  zone 0  (uncovered: 19% of target)
    voronoi warm-start: IoU 0.110 ≤ 0.138, kept current
    init sampling: best coverage score 24.2px of uncovered area  (32 samples)
    stagnation restart #1 at iter 115  (IoU 0.247)  ICP δ=[8.462891135590903]°
[staged]   → robot a: IoU 0.131 → 0.243  ✓
    ↑ new global best IoU 0.243  [phase Ph1 robot a]
[staged]   Ph1 robot b  zone 2  (uncovered: 9% of target)
    voronoi warm-start: IoU 0.240 ≤ 0.247, kept current
    init sampling: best coverage score 11.9px of uncovered area  (32 samples)
    stagnation restart #1 at iter 56  (IoU 0.320)
    stagnation restart #2 at iter 69  (IoU 0.320)
    stagnation restart #3 at iter 82  (IoU 0.320)
    stagnation restart #4 at iter 95  (IoU 0.320)
    stagnation restart #5 at iter 108  (IoU 0.320)
[staged]   → robot b: IoU 0.243 → 0.315  ✓
    ↑ new global best IoU 0.315  [phase Ph1 robot b]
[staged]   Ph1 robot c  zone 1  (uncovered: 4% of target)
    voronoi warm-start: IoU 0.273 ≤ 0.320, kept current
    init sampling: best coverage score 4.3px of uncovered area  (32 samples)
    stagnation restart #1 at iter 54  (IoU 0.404)
    stagnation restart #2 at iter 67  (IoU 0.404)
    stagnation restart #3 at iter 80  (IoU 0.404)
    stagnation restart #4 at iter 93  (IoU 0.404)
    stagnation restart #5 at iter 106  (IoU 0.404)
[staged]   → robot c: IoU 0.315 → 0.384  ✓
    ↑ new global best IoU 0.384  [phase Ph1 robot c]
[staged] Phase 1 done — composite IoU: 0.384

[staged] Phase 2 — backward pass  (128 iters × 3 robots, sigma=0.260)
[staged]   contributions before Phase 2:
[staged]     robot a: +0.169 IoU
[staged]     robot b: +0.056 IoU
[staged]     robot c: +0.069 IoU
[staged]   Ph2 robot c  zone 1  (uncovered: 4% of target)
    init sampling: best coverage score 4.3px of uncovered area  (32 samples)
    stagnation restart #1 at iter 25  (IoU 0.394)
    stagnation restart #2 at iter 38  (IoU 0.394)
    stagnation restart #3 at iter 51  (IoU 0.394)
    stagnation restart #4 at iter 64  (IoU 0.394)
    stagnation restart #5 at iter 77  (IoU 0.394)
    stagnation restart #6 at iter 90  (IoU 0.394)
[staged]   → robot c: candidate 0.382 < current 0.384  ✗ rejected
[staged]   Ph2 robot b  zone 2  (uncovered: 4% of target)
    init sampling: best coverage score 3.6px of uncovered area  (32 samples)
    stagnation restart #1 at iter 41  (IoU 0.395)
    stagnation restart #2 at iter 54  (IoU 0.395)
    stagnation restart #3 at iter 67  (IoU 0.395)
    stagnation restart #4 at iter 80  (IoU 0.395)
    stagnation restart #5 at iter 93  (IoU 0.395)
    stagnation restart #6 at iter 106  (IoU 0.395)
[staged]   → robot b: candidate 0.381 < current 0.384  ✗ rejected
[staged]   Ph2 robot a  zone 0  (uncovered: 36% of target)
    init sampling: best coverage score 48.3px of uncovered area  (32 samples)
    stagnation restart #1 at iter 30  (IoU 0.415)
    stagnation restart #2 at iter 43  (IoU 0.415)
    stagnation restart #3 at iter 56  (IoU 0.415)
[staged]   → robot a: IoU 0.384 → 0.411  ✓
    ↑ new global best IoU 0.411  [phase Ph2 robot a]
[staged] Phase 2 done — composite IoU: 0.411

[staged] Best snapshot: Phase 2  IoU=0.411
[staged] Adaptive final budget: warm (0.411)  iters 256→141  popsize 192→192
[staged] Final refinement — all joints  (141 iters, popsize=192, sigma=0.200)
    stagnation restart #1 at iter 39  (IoU 0.422)  ICP δ=[-2.8032570145602334, -2.8032570145602334, -2.8032570145602334]°
    stagnation restart #2 at iter 52  (IoU 0.422)  ICP δ=[2.8032570145602334, 2.8032570145602334, 2.8032570145602334]°
    stagnation restart #3 at iter 65  (IoU 0.422)  ICP δ=[-2.8032570145602334, -2.8032570145602334, -2.8032570145602334]°
    stagnation restart #4 at iter 78  (IoU 0.422)  ICP δ=[2.8032570145602334, 2.8032570145602334, 2.8032570145602334]°
    stagnation restart #5 at iter 91  (IoU 0.422)  ICP δ=[-2.8032570145602334, -2.8032570145602334, -2.8032570145602334]°
    stagnation restart #6 at iter 104  (IoU 0.422)  ICP δ=[2.8032570145602334, 2.8032570145602334, 2.8032570145602334]°
    stagnation restart #7 at iter 117  (IoU 0.422)  ICP δ=[-2.8032570145602334, -2.8032570145602334, -2.8032570145602334]°
    stagnation restart #8 at iter 130  (IoU 0.422)  ICP δ=[2.8032570145602334, 2.8032570145602334, 2.8032570145602334]°
    ↑ new global best IoU 0.422  [final refinement]
[staged] Final done — IoU: 0.422  ✓
[staged] Done — final IoU: 0.422  loss: 0.5787

  ✓  IoU=0.422  loss=0.5787  evals=50727  time=35s

──────────────────────────────────────────────────────────────
  Frame 2/12 : f01.png
──────────────────────────────────────────────────────────────
[seq] Recomputing zones  (sim=0.22 < 0.7)
[seq] ICP warm-start rejected: IoU 0.183 → 0.165 (Δθ=9.6°), using prev_q
[staged] Temporal continuity: Ph1/Ph2 weight=0.300  final weight=0.000  (curriculum: IoU-free final pass)
[staged] Prior quality: cold (0.183)  →  Ph1 sigma×1.00  iters×1.00  init_samples=32
[staged] Multi-res: Phase 1+2 at 64²px  Final at 128²px
[staged] Popsize: per-robot phases=32  final=192  (theory optimum for 6 DOF = 10)

[staged] Hungarian pre-assignment  (3×3 cost matrix, 8 samples/entry = 72 renders)...
[staged]   robot_a → zone 0  robot_b → zone 1  robot_c → zone 2

[staged] Phase 1 — forward greedy  (128 iters × 3 robot(s), sigma=0.40×1.00, popsize=32)
[staged]   Ph1 robot a  zone 0  (uncovered: 31% of target)
    voronoi warm-start: IoU 0.068 ≤ 0.186, kept current
    [temporal] λ=0.300  μ=100.0  δ_max=1.20 rad  dof=6
    init sampling: best coverage score 47.1px of uncovered area  (32 samples)
    stagnation restart #1 at iter 24  (IoU 0.246)
    stagnation restart #2 at iter 43  (IoU 0.254)
    stagnation restart #3 at iter 110  (IoU 0.294)
    [temporal] Δq_max=0.766 rad  Δq_norm_rms=0.106  → direct quintic ✓
[staged]   → robot a: IoU 0.183 → 0.286  ✓
    ↑ new global best IoU 0.286  [phase Ph1 robot a]
[staged]   Ph1 robot b  zone 1  (uncovered: 4% of target)
    voronoi warm-start: IoU 0.153 ≤ 0.289, kept current
    [temporal] λ=0.300  μ=100.0  δ_max=1.20 rad  dof=6
    init sampling: best coverage score 5.6px of uncovered area  (32 samples)
    stagnation restart #1 at iter 56  (IoU 0.298)
    stagnation restart #2 at iter 69  (IoU 0.298)
    stagnation restart #3 at iter 82  (IoU 0.298)
    stagnation restart #4 at iter 95  (IoU 0.298)
    stagnation restart #5 at iter 108  (IoU 0.298)
    [temporal] Δq_max=0.129 rad  Δq_norm_rms=0.018  → direct quintic ✓
[staged]   → robot b: IoU 0.286 → 0.287  ✓
    ↑ new global best IoU 0.287  [phase Ph1 robot b]
[staged]   Ph1 robot c  zone 2  (uncovered: 4% of target)
    voronoi warm-start: IoU 0.190 ≤ 0.291, kept current
    [temporal] λ=0.300  μ=100.0  δ_max=1.20 rad  dof=6
    init sampling: best coverage score 4.3px of uncovered area  (32 samples)
    stagnation restart #1 at iter 57  (IoU 0.306)
    stagnation restart #2 at iter 70  (IoU 0.306)
    stagnation restart #3 at iter 83  (IoU 0.306)
    stagnation restart #4 at iter 96  (IoU 0.306)
    stagnation restart #5 at iter 109  (IoU 0.306)
    [temporal] Δq_max=0.167 rad  Δq_norm_rms=0.026  → direct quintic ✓
[staged]   → robot c: IoU 0.287 → 0.294  ✓
    ↑ new global best IoU 0.294  [phase Ph1 robot c]
[staged] Phase 1 done — composite IoU: 0.294

[staged] Phase 2 — backward pass  (128 iters × 3 robots, sigma=0.260)
[staged]   contributions before Phase 2:
[staged]     robot a: +0.241 IoU
[staged]     robot b: +0.023 IoU  ← low
[staged]     robot c: +0.024 IoU  ← low
[staged]   Ph2 robot c  zone 2  (uncovered: 4% of target)
    [temporal] λ=0.300  μ=100.0  δ_max=1.20 rad  dof=6
    init sampling: best coverage score 0.9px of uncovered area  (32 samples)
    stagnation restart #1 at iter 66  (IoU 0.299)
    stagnation restart #2 at iter 79  (IoU 0.299)
    stagnation restart #3 at iter 92  (IoU 0.299)
    stagnation restart #4 at iter 105  (IoU 0.299)
    [temporal] Δq_max=0.164 rad  Δq_norm_rms=0.025  → direct quintic ✓
[staged]   → robot c: candidate 0.294 < current 0.294  ✗ rejected
[staged]   Ph2 robot b  zone 1  (uncovered: 4% of target)
    [temporal] λ=0.300  μ=100.0  δ_max=1.20 rad  dof=6
    init sampling: best coverage score 4.5px of uncovered area  (32 samples)
    stagnation restart #1 at iter 36  (IoU 0.299)
    stagnation restart #2 at iter 49  (IoU 0.299)
    stagnation restart #3 at iter 84  (IoU 0.299)
    stagnation restart #4 at iter 97  (IoU 0.299)
    stagnation restart #5 at iter 110  (IoU 0.299)
    [temporal] Δq_max=0.133 rad  Δq_norm_rms=0.018  → direct quintic ✓
[staged]   → robot b: IoU 0.294 → 0.294  ✓
    ↑ new global best IoU 0.294  [phase Ph2 robot b]
[staged]   Ph2 robot a  zone 0  (uncovered: 82% of target)
    [temporal] λ=0.300  μ=100.0  δ_max=1.20 rad  dof=6
    init sampling: best coverage score 67.8px of uncovered area  (32 samples)
    stagnation restart #1 at iter 32  (IoU 0.231)
    stagnation restart #2 at iter 87  (IoU 0.232)
    stagnation restart #3 at iter 100  (IoU 0.232)
    stagnation restart #4 at iter 113  (IoU 0.232)
    [temporal] Δq_max=0.497 rad  Δq_norm_rms=0.100  → direct quintic ✓
[staged]   → robot a: candidate 0.250 < current 0.294  ✗ rejected
[staged] Phase 2 done — composite IoU: 0.294

[staged] Best snapshot: Phase 2  IoU=0.294
[staged] Final refinement — all joints  (256 iters, popsize=192, sigma=0.200)
    [temporal] λ=0.000  μ=100.0  δ_max=1.20 rad  dof=18
    [temporal] Δq_max=0.683 rad  Δq_norm_rms=0.116  → direct quintic ✓
    ↑ new global best IoU 0.358  [final refinement]
[staged] Final done — IoU: 0.358  ✓
[staged] Done — final IoU: 0.358  loss: 0.6431
[staged] Displacement from prior:  global_max=0.683 rad
          robot_a: Δq_max=0.683 rad [direct ✓]
          robot_b: Δq_max=0.528 rad [direct ✓]
          robot_c: Δq_max=0.374 rad [direct ✓]

  ✓  IoU=0.358  loss=0.6431  evals=43399  time=29s

──────────────────────────────────────────────────────────────
  Frame 3/12 : f02.png
──────────────────────────────────────────────────────────────
[seq] Recomputing zones  (sim=0.21 < 0.7)
[seq] ICP warm-start rejected: IoU 0.191 → 0.146 (Δθ=15.8°), using prev_q
[staged] Temporal continuity: Ph1/Ph2 weight=0.300  final weight=0.000  (curriculum: IoU-free final pass)
[staged] Prior quality: cold (0.191)  →  Ph1 sigma×1.00  iters×1.00  init_samples=32
[staged] Multi-res: Phase 1+2 at 64²px  Final at 128²px
[staged] Popsize: per-robot phases=32  final=192  (theory optimum for 6 DOF = 10)

[staged] Hungarian pre-assignment  (3×3 cost matrix, 8 samples/entry = 72 renders)...
[staged]   robot_a → zone 2  robot_b → zone 1  robot_c → zone 0

[staged] Phase 1 — forward greedy  (128 iters × 3 robot(s), sigma=0.40×1.00, popsize=32)
[staged]   Ph1 robot a  zone 2  (uncovered: 4% of target)
    voronoi warm-start: IoU 0.162 ≤ 0.190, kept current
    [temporal] λ=0.300  μ=100.0  δ_max=1.20 rad  dof=6
    init sampling: best coverage score 7.1px of uncovered area  (32 samples)
    stagnation restart #1 at iter 85  (IoU 0.285)
    stagnation restart #2 at iter 98  (IoU 0.285)
    stagnation restart #3 at iter 111  (IoU 0.285)
    [temporal] Δq_max=0.409 rad  Δq_norm_rms=0.065  → direct quintic ✓
[staged]   → robot a: IoU 0.191 → 0.277  ✓
    ↑ new global best IoU 0.277  [phase Ph1 robot a]
[staged]   Ph1 robot b  zone 1  (uncovered: 4% of target)
    voronoi warm-start: IoU 0.179 ≤ 0.279, kept current
    [temporal] λ=0.300  μ=100.0  δ_max=1.20 rad  dof=6
    init sampling: best coverage score 3.0px of uncovered area  (32 samples)
    stagnation restart #1 at iter 57  (IoU 0.291)
    stagnation restart #2 at iter 70  (IoU 0.291)
    stagnation restart #3 at iter 83  (IoU 0.291)
    stagnation restart #4 at iter 96  (IoU 0.291)
    stagnation restart #5 at iter 109  (IoU 0.291)
    [temporal] Δq_max=0.089 rad  Δq_norm_rms=0.015  → direct quintic ✓
[staged]   → robot b: candidate 0.275 < current 0.277  ✗ rejected
[staged]   Ph1 robot c  zone 0  (uncovered: 2% of target)
    voronoi warm-start: IoU 0.193 ≤ 0.279, kept current
    [temporal] λ=0.300  μ=100.0  δ_max=1.20 rad  dof=6
    init sampling: best coverage score 2.0px of uncovered area  (32 samples)
    stagnation restart #1 at iter 51  (IoU 0.289)
    stagnation restart #2 at iter 64  (IoU 0.289)
    stagnation restart #3 at iter 77  (IoU 0.289)
    stagnation restart #4 at iter 90  (IoU 0.289)
    stagnation restart #5 at iter 103  (IoU 0.289)
    stagnation restart #6 at iter 116  (IoU 0.289)
    [temporal] Δq_max=0.128 rad  Δq_norm_rms=0.018  → direct quintic ✓
[staged]   → robot c: IoU 0.277 → 0.278  ✓
    ↑ new global best IoU 0.278  [phase Ph1 robot c]
[staged] Phase 1 done — composite IoU: 0.278

[staged] Phase 2 — backward pass  (128 iters × 3 robots, sigma=0.260)
[staged]   contributions before Phase 2:
[staged]     robot a: +0.221 IoU
[staged]     robot b: +0.031 IoU  ← low
[staged]     robot c: +0.028 IoU  ← low
[staged]   Ph2 robot c  zone 0  (uncovered: 4% of target)
    [temporal] λ=0.300  μ=100.0  δ_max=1.20 rad  dof=6
    init sampling: best coverage score 2.5px of uncovered area  (32 samples)
    stagnation restart #1 at iter 61  (IoU 0.283)
    stagnation restart #2 at iter 74  (IoU 0.283)
    stagnation restart #3 at iter 87  (IoU 0.283)
    stagnation restart #4 at iter 100  (IoU 0.283)
    stagnation restart #5 at iter 113  (IoU 0.283)
    [temporal] Δq_max=0.130 rad  Δq_norm_rms=0.018  → direct quintic ✓
[staged]   → robot c: candidate 0.278 < current 0.278  ✗ rejected
[staged]   Ph2 robot b  zone 1  (uncovered: 4% of target)
    [temporal] λ=0.300  μ=100.0  δ_max=1.20 rad  dof=6
    init sampling: best coverage score 5.4px of uncovered area  (32 samples)
    stagnation restart #1 at iter 65  (IoU 0.289)
    stagnation restart #2 at iter 78  (IoU 0.289)
    stagnation restart #3 at iter 91  (IoU 0.289)
    stagnation restart #4 at iter 104  (IoU 0.289)
    stagnation restart #5 at iter 117  (IoU 0.289)
    [temporal] Δq_max=0.100 rad  Δq_norm_rms=0.018  → direct quintic ✓
[staged]   → robot b: IoU 0.278 → 0.280  ✓
    ↑ new global best IoU 0.280  [phase Ph2 robot b]
[staged]   Ph2 robot a  zone 2  (uncovered: 75% of target)
    [temporal] λ=0.300  μ=100.0  δ_max=1.20 rad  dof=6
    init sampling: best coverage score 96.4px of uncovered area  (32 samples)
    stagnation restart #1 at iter 97  (IoU 0.285)
    stagnation restart #2 at iter 110  (IoU 0.285)
    [temporal] Δq_max=0.439 rad  Δq_norm_rms=0.060  → direct quintic ✓
[staged]   → robot a: candidate 0.276 < current 0.280  ✗ rejected
[staged] Phase 2 done — composite IoU: 0.280

[staged] Best snapshot: Phase 2  IoU=0.280
[staged] Final refinement — all joints  (256 iters, popsize=192, sigma=0.200)
    [temporal] λ=0.000  μ=100.0  δ_max=1.20 rad  dof=18
    stagnation restart #1 at iter 63  (IoU 0.295)  ICP δ=[13.7478445965933, 13.7478445965933, 13.7478445965933]°
    stagnation restart #2 at iter 76  (IoU 0.295)  ICP δ=[-13.7478445965933, -13.7478445965933, -13.7478445965933]°
    stagnation restart #3 at iter 89  (IoU 0.295)  ICP δ=[13.7478445965933, 13.7478445965933, 13.7478445965933]°
    stagnation restart #4 at iter 102  (IoU 0.295)  ICP δ=[-13.7478445965933, -13.7478445965933, -13.7478445965933]°
    stagnation restart #5 at iter 115  (IoU 0.295)  ICP δ=[13.7478445965933, 13.7478445965933, 13.7478445965933]°
    stagnation restart #6 at iter 128  (IoU 0.295)  ICP δ=[-13.7478445965933, -13.7478445965933, -13.7478445965933]°
    stagnation restart #7 at iter 141  (IoU 0.295)  ICP δ=[13.7478445965933, 13.7478445965933, 13.7478445965933]°
    stagnation restart #8 at iter 154  (IoU 0.295)  ICP δ=[-13.7478445965933, -13.7478445965933, -13.7478445965933]°
    stagnation restart #9 at iter 167  (IoU 0.295)  ICP δ=[13.7478445965933, 13.7478445965933, 13.7478445965933]°
    stagnation restart #10 at iter 180  (IoU 0.295)  ICP δ=[-13.7478445965933, -13.7478445965933, -13.7478445965933]°
    stagnation restart #11 at iter 193  (IoU 0.295)  ICP δ=[13.7478445965933, 13.7478445965933, 13.7478445965933]°
    stagnation restart #12 at iter 206  (IoU 0.295)  ICP δ=[-13.7478445965933, -13.7478445965933, -13.7478445965933]°
    stagnation restart #13 at iter 219  (IoU 0.295)  ICP δ=[13.7478445965933, 13.7478445965933, 13.7478445965933]°
    stagnation restart #14 at iter 232  (IoU 0.295)  ICP δ=[-13.7478445965933, -13.7478445965933, -13.7478445965933]°
    stagnation restart #15 at iter 245  (IoU 0.295)  ICP δ=[13.7478445965933, 13.7478445965933, 13.7478445965933]°
    [temporal] Δq_max=0.726 rad  Δq_norm_rms=0.126  → direct quintic ✓
    ↑ new global best IoU 0.295  [final refinement]
[staged] Final done — IoU: 0.295  ✓
[staged] Done — final IoU: 0.295  loss: 0.7067
[staged] Displacement from prior:  global_max=0.726 rad
          robot_a: Δq_max=0.648 rad [direct ✓]
          robot_b: Δq_max=0.631 rad [direct ✓]
          robot_c: Δq_max=0.726 rad [direct ✓]

  ✓  IoU=0.295  loss=0.7067  evals=73735  time=47s

──────────────────────────────────────────────────────────────
  Frame 4/12 : f03.png
──────────────────────────────────────────────────────────────
[seq] Recomputing zones  (sim=0.20 < 0.7)
[seq] ICP warm-start rejected: IoU 0.147 → 0.086 (Δθ=28.2°), using prev_q
[staged] Temporal continuity: Ph1/Ph2 weight=0.300  final weight=0.000  (curriculum: IoU-free final pass)
[staged] Prior quality: cold (0.147)  →  Ph1 sigma×1.00  iters×1.00  init_samples=32
[staged] Multi-res: Phase 1+2 at 64²px  Final at 128²px
[staged] Popsize: per-robot phases=32  final=192  (theory optimum for 6 DOF = 10)

[staged] Hungarian pre-assignment  (3×3 cost matrix, 8 samples/entry = 72 renders)...
[staged]   robot_a → zone 0  robot_b → zone 2  robot_c → zone 1

[staged] Phase 1 — forward greedy  (128 iters × 3 robot(s), sigma=0.40×1.00, popsize=32)
[staged]   Ph1 robot a  zone 0  (uncovered: 32% of target)
    voronoi warm-start: IoU 0.140 ≤ 0.143, kept current
    [temporal] λ=0.300  μ=100.0  δ_max=1.20 rad  dof=6
    init sampling: best coverage score 49.1px of uncovered area  (32 samples)
    stagnation restart #1 at iter 30  (IoU 0.254)
    stagnation restart #2 at iter 93  (IoU 0.277)
    stagnation restart #3 at iter 106  (IoU 0.277)
    [temporal] Δq_max=0.921 rad  Δq_norm_rms=0.116  → direct quintic ✓
[staged]   → robot a: IoU 0.147 → 0.265  ✓
    ↑ new global best IoU 0.265  [phase Ph1 robot a]
[staged]   Ph1 robot b  zone 2  (uncovered: 3% of target)
    voronoi warm-start: IoU 0.219 ≤ 0.273, kept current
    [temporal] λ=0.300  μ=100.0  δ_max=1.20 rad  dof=6
    init sampling: best coverage score 3.8px of uncovered area  (32 samples)
    stagnation restart #1 at iter 49  (IoU 0.276)
    stagnation restart #2 at iter 62  (IoU 0.276)
    stagnation restart #3 at iter 75  (IoU 0.276)
    stagnation restart #4 at iter 88  (IoU 0.276)
    stagnation restart #5 at iter 101  (IoU 0.276)
    stagnation restart #6 at iter 114  (IoU 0.276)
    [temporal] Δq_max=0.013 rad  Δq_norm_rms=0.002  → direct quintic ✓
[staged]   → robot b: candidate 0.264 < current 0.265  ✗ rejected
[staged]   Ph1 robot c  zone 1  (uncovered: 2% of target)
    voronoi warm-start: IoU 0.219 ≤ 0.273, kept current
    [temporal] λ=0.300  μ=100.0  δ_max=1.20 rad  dof=6
    init sampling: best coverage score 3.0px of uncovered area  (32 samples)
    stagnation restart #1 at iter 43  (IoU 0.281)
    stagnation restart #2 at iter 56  (IoU 0.281)
    stagnation restart #3 at iter 69  (IoU 0.281)
    stagnation restart #4 at iter 82  (IoU 0.281)
    stagnation restart #5 at iter 95  (IoU 0.281)
    stagnation restart #6 at iter 108  (IoU 0.281)
    [temporal] Δq_max=0.006 rad  Δq_norm_rms=0.001  → direct quintic ✓
[staged]   → robot c: IoU 0.265 → 0.265  ✓
[staged] Phase 1 done — composite IoU: 0.265

[staged] Phase 2 — backward pass  (128 iters × 3 robots, sigma=0.260)
[staged]   contributions before Phase 2:
[staged]     robot a: +0.263 IoU
[staged]     robot b: +0.016 IoU  ← low
[staged]     robot c: +0.003 IoU  ← low
[staged]   Ph2 robot c  zone 1  (uncovered: 3% of target)
    [temporal] λ=0.300  μ=100.0  δ_max=1.20 rad  dof=6
    init sampling: best coverage score 3.9px of uncovered area  (32 samples)
    stagnation restart #1 at iter 40  (IoU 0.273)
    stagnation restart #2 at iter 53  (IoU 0.273)
    stagnation restart #3 at iter 66  (IoU 0.273)
    stagnation restart #4 at iter 79  (IoU 0.273)
    stagnation restart #5 at iter 92  (IoU 0.273)
    stagnation restart #6 at iter 105  (IoU 0.273)
    [temporal] Δq_max=0.007 rad  Δq_norm_rms=0.002  → direct quintic ✓
[staged]   → robot c: IoU 0.265 → 0.265  ✓
[staged]   Ph2 robot b  zone 2  (uncovered: 3% of target)
    [temporal] λ=0.300  μ=100.0  δ_max=1.20 rad  dof=6
    init sampling: best coverage score 3.6px of uncovered area  (32 samples)
    stagnation restart #1 at iter 56  (IoU 0.274)
    stagnation restart #2 at iter 69  (IoU 0.274)
    stagnation restart #3 at iter 82  (IoU 0.274)
    stagnation restart #4 at iter 95  (IoU 0.274)
    stagnation restart #5 at iter 108  (IoU 0.274)
    [temporal] Δq_max=0.018 rad  Δq_norm_rms=0.004  → direct quintic ✓
[staged]   → robot b: candidate 0.264 < current 0.265  ✗ rejected
[staged]   Ph2 robot a  zone 0  (uncovered: 99% of target)
    [temporal] λ=0.300  μ=100.0  δ_max=1.20 rad  dof=6
    init sampling: best coverage score 143.7px of uncovered area  (32 samples)
    stagnation restart #1 at iter 88  (IoU 0.273)
    stagnation restart #2 at iter 101  (IoU 0.273)
    stagnation restart #3 at iter 114  (IoU 0.273)
    [temporal] Δq_max=0.932 rad  Δq_norm_rms=0.117  → direct quintic ✓
[staged]   → robot a: IoU 0.265 → 0.265  ✓
    ↑ new global best IoU 0.265  [phase Ph2 robot a]
[staged] Phase 2 done — composite IoU: 0.265

[staged] Best snapshot: Phase 2  IoU=0.265
[staged] Final refinement — all joints  (256 iters, popsize=192, sigma=0.200)
    [temporal] λ=0.000  μ=100.0  δ_max=1.20 rad  dof=18
    [temporal] Δq_max=1.048 rad  Δq_norm_rms=0.089  → direct quintic ✓
    ↑ new global best IoU 0.278  [final refinement]
[staged] Final done — IoU: 0.278  ✓
[staged] Done — final IoU: 0.278  loss: 0.7253
[staged] Displacement from prior:  global_max=1.048 rad
          robot_a: Δq_max=1.048 rad [direct ✓]
          robot_b: Δq_max=0.657 rad [direct ✓]
          robot_c: Δq_max=0.300 rad [direct ✓]

  ✓  IoU=0.278  loss=0.7253  evals=33991  time=19s

──────────────────────────────────────────────────────────────
  Frame 5/12 : f04.png
──────────────────────────────────────────────────────────────
[seq] Recomputing zones  (sim=0.21 < 0.7)
[seq] ICP warm-start rejected: IoU 0.099 → 0.087 (Δθ=34.2°), using prev_q
[staged] Temporal continuity: Ph1/Ph2 weight=0.300  final weight=0.000  (curriculum: IoU-free final pass)
[staged] Prior quality: cold (0.099)  →  Ph1 sigma×1.00  iters×1.00  init_samples=32
[staged] Multi-res: Phase 1+2 at 64²px  Final at 128²px
[staged] Popsize: per-robot phases=32  final=192  (theory optimum for 6 DOF = 10)

[staged] Hungarian pre-assignment  (3×3 cost matrix, 8 samples/entry = 72 renders)...
[staged]   robot_a → zone 0  robot_b → zone 2  robot_c → zone 1

[staged] Phase 1 — forward greedy  (128 iters × 3 robot(s), sigma=0.40×1.00, popsize=32)
[staged]   Ph1 robot a  zone 0  (uncovered: 31% of target)
    voronoi warm-start: IoU 0.085 ≤ 0.097, kept current
    [temporal] λ=0.300  μ=100.0  δ_max=1.20 rad  dof=6
    init sampling: best coverage score 48.0px of uncovered area  (32 samples)
    stagnation restart #1 at iter 108  (IoU 0.195)  ICP δ=[-29.57019958355366]°
    [temporal] Δq_max=0.559 rad  Δq_norm_rms=0.098  → direct quintic ✓
[staged]   → robot a: IoU 0.099 → 0.192  ✓
    ↑ new global best IoU 0.192  [phase Ph1 robot a]
[staged]   Ph1 robot b  zone 2  (uncovered: 24% of target)
    voronoi warm-start: IoU 0.134 ≤ 0.194, kept current
    [temporal] λ=0.300  μ=100.0  δ_max=1.20 rad  dof=6
    init sampling: best coverage score 21.3px of uncovered area  (32 samples)
    stagnation restart #1 at iter 56  (IoU 0.200)
    stagnation restart #2 at iter 69  (IoU 0.200)
    stagnation restart #3 at iter 82  (IoU 0.200)
    stagnation restart #4 at iter 95  (IoU 0.200)
    stagnation restart #5 at iter 108  (IoU 0.200)
    [temporal] Δq_max=0.014 rad  Δq_norm_rms=0.002  → direct quintic ✓
[staged]   → robot b: candidate 0.190 < current 0.192  ✗ rejected
[staged]   Ph1 robot c  zone 1  (uncovered: 24% of target)
    voronoi warm-start: IoU 0.147 ≤ 0.194, kept current
    [temporal] λ=0.300  μ=100.0  δ_max=1.20 rad  dof=6
    init sampling: best coverage score 34.1px of uncovered area  (32 samples)
    stagnation restart #1 at iter 46  (IoU 0.202)
    stagnation restart #2 at iter 59  (IoU 0.202)
    stagnation restart #3 at iter 72  (IoU 0.202)
    stagnation restart #4 at iter 85  (IoU 0.202)
    stagnation restart #5 at iter 98  (IoU 0.202)
    stagnation restart #6 at iter 111  (IoU 0.202)
    [temporal] Δq_max=0.024 rad  Δq_norm_rms=0.003  → direct quintic ✓
[staged]   → robot c: candidate 0.191 < current 0.192  ✗ rejected
[staged] Phase 1 done — composite IoU: 0.192

[staged] Phase 2 — backward pass  (128 iters × 3 robots, sigma=0.260)
[staged]   contributions before Phase 2:
[staged]     robot a: +0.190 IoU
[staged]     robot b: +0.004 IoU  ← low
[staged]     robot c: +0.003 IoU  ← low
[staged]   Ph2 robot c  zone 1  (uncovered: 24% of target)
    [temporal] λ=0.300  μ=100.0  δ_max=1.20 rad  dof=6
    init sampling: best coverage score 36.1px of uncovered area  (32 samples)
    stagnation restart #1 at iter 48  (IoU 0.195)
    stagnation restart #2 at iter 61  (IoU 0.195)
    stagnation restart #3 at iter 74  (IoU 0.195)
    stagnation restart #4 at iter 87  (IoU 0.195)
    stagnation restart #5 at iter 100  (IoU 0.195)
    stagnation restart #6 at iter 113  (IoU 0.195)
    [temporal] Δq_max=0.023 rad  Δq_norm_rms=0.003  → direct quintic ✓
[staged]   → robot c: IoU 0.192 → 0.192  ✓
    ↑ new global best IoU 0.192  [phase Ph2 robot c]
[staged]   Ph2 robot b  zone 2  (uncovered: 24% of target)
    [temporal] λ=0.300  μ=100.0  δ_max=1.20 rad  dof=6
    init sampling: best coverage score 27.0px of uncovered area  (32 samples)
    stagnation restart #1 at iter 62  (IoU 0.196)
    stagnation restart #2 at iter 75  (IoU 0.196)
    stagnation restart #3 at iter 88  (IoU 0.196)
    stagnation restart #4 at iter 101  (IoU 0.196)
    stagnation restart #5 at iter 114  (IoU 0.196)
    [temporal] Δq_max=0.013 rad  Δq_norm_rms=0.002  → direct quintic ✓
[staged]   → robot b: candidate 0.191 < current 0.192  ✗ rejected
[staged]   Ph2 robot a  zone 0  (uncovered: 99% of target)
    [temporal] λ=0.300  μ=100.0  δ_max=1.20 rad  dof=6
    init sampling: best coverage score 108.6px of uncovered area  (32 samples)
    stagnation restart #1 at iter 63  (IoU 0.223)
    stagnation restart #2 at iter 76  (IoU 0.223)
    stagnation restart #3 at iter 89  (IoU 0.223)
    stagnation restart #4 at iter 102  (IoU 0.223)
    stagnation restart #5 at iter 115  (IoU 0.223)
    [temporal] Δq_max=0.302 rad  Δq_norm_rms=0.050  → direct quintic ✓
[staged]   → robot a: IoU 0.192 → 0.217  ✓
    ↑ new global best IoU 0.217  [phase Ph2 robot a]
[staged] Phase 2 done — composite IoU: 0.217

[staged] Best snapshot: Phase 2  IoU=0.217
[staged] Final refinement — all joints  (256 iters, popsize=192, sigma=0.200)
    [temporal] λ=0.000  μ=100.0  δ_max=1.20 rad  dof=18
    [temporal] Δq_max=0.634 rad  Δq_norm_rms=0.107  → direct quintic ✓
    ↑ new global best IoU 0.236  [final refinement]
[staged] Final done — IoU: 0.236  ✓
[staged] Done — final IoU: 0.236  loss: 0.7683
[staged] Displacement from prior:  global_max=0.634 rad
          robot_a: Δq_max=0.367 rad [direct ✓]
          robot_b: Δq_max=0.568 rad [direct ✓]
          robot_c: Δq_max=0.634 rad [direct ✓]

  ✓  IoU=0.236  loss=0.7683  evals=38023  time=22s

──────────────────────────────────────────────────────────────
  Frame 6/12 : f05.png
──────────────────────────────────────────────────────────────
[seq] Recomputing zones  (sim=0.21 < 0.7)
[seq] ICP warm-start: Δθ=47.7°  IoU 0.088 → 0.113
[staged] Temporal continuity: Ph1/Ph2 weight=0.300  final weight=0.000  (curriculum: IoU-free final pass)
[staged] Prior quality: cold (0.113)  →  Ph1 sigma×1.00  iters×1.00  init_samples=32
[staged] Multi-res: Phase 1+2 at 64²px  Final at 128²px
[staged] Popsize: per-robot phases=32  final=192  (theory optimum for 6 DOF = 10)
[staged] Hungarian skipped (skip_greedy: zones unused)
    ↑ new global best IoU 0.113  [warm-start prior]
[staged] Greedy phases skipped (skip_greedy=True, prior IoU=0.113)

[staged] Best snapshot: Phase 1  IoU=0.113
[staged] Final refinement — all joints  (256 iters, popsize=192, sigma=0.200)
    [temporal] λ=0.000  μ=100.0  δ_max=1.20 rad  dof=18
    [temporal] Δq_max=1.200 rad  Δq_norm_rms=0.256  → STOMP/sequential needed  (Δq_max 1.20 ≥ δ_max 1.20)
    ↑ new global best IoU 0.228  [final refinement]
[staged] Final done — IoU: 0.228  ✓
[staged] Done — final IoU: 0.228  loss: 0.7747
[staged] Displacement from prior:  global_max=1.200 rad
          robot_a: Δq_max=0.623 rad [direct ✓]
          robot_b: Δq_max=1.200 rad [STOMP ⚠]
          robot_c: Δq_max=1.066 rad [direct ✓]

  ✓  IoU=0.228  loss=0.7747  evals=16897  time=11s

──────────────────────────────────────────────────────────────
  Frame 7/12 : f06.png
──────────────────────────────────────────────────────────────
[seq] Recomputing zones  (sim=0.23 < 0.7)
[seq] ICP warm-start rejected: IoU 0.104 → 0.091 (Δθ=-11.6°), using prev_q
[staged] Temporal continuity: Ph1/Ph2 weight=0.300  final weight=0.000  (curriculum: IoU-free final pass)
[staged] Prior quality: cold (0.104)  →  Ph1 sigma×1.00  iters×1.00  init_samples=32
[staged] Multi-res: Phase 1+2 at 64²px  Final at 128²px
[staged] Popsize: per-robot phases=32  final=192  (theory optimum for 6 DOF = 10)

[staged] Hungarian pre-assignment  (3×3 cost matrix, 8 samples/entry = 72 renders)...
[staged]   robot_a → zone 0  robot_b → zone 2  robot_c → zone 1

[staged] Phase 1 — forward greedy  (128 iters × 3 robot(s), sigma=0.40×1.00, popsize=32)
[staged]   Ph1 robot a  zone 0  (uncovered: 29% of target)
    voronoi warm-start: IoU 0.064 ≤ 0.104, kept current
    [temporal] λ=0.300  μ=100.0  δ_max=1.20 rad  dof=6
    init sampling: best coverage score 4.9px of uncovered area  (32 samples)
    stagnation restart #1 at iter 93  (IoU 0.213)
    stagnation restart #2 at iter 106  (IoU 0.213)
    [temporal] Δq_max=0.401 rad  Δq_norm_rms=0.051  → direct quintic ✓
[staged]   → robot a: IoU 0.104 → 0.203  ✓
    ↑ new global best IoU 0.203  [phase Ph1 robot a]
[staged]   Ph1 robot b  zone 2  (uncovered: 20% of target)
    voronoi warm-start: IoU 0.158 ≤ 0.209, kept current
    [temporal] λ=0.300  μ=100.0  δ_max=1.20 rad  dof=6
    init sampling: best coverage score 23.6px of uncovered area  (32 samples)
    stagnation restart #1 at iter 115  (IoU 0.236)
    [temporal] Δq_max=0.434 rad  Δq_norm_rms=0.059  → direct quintic ✓
[staged]   → robot b: IoU 0.203 → 0.225  ✓
    ↑ new global best IoU 0.225  [phase Ph1 robot b]
[staged]   Ph1 robot c  zone 1  (uncovered: 2% of target)
    voronoi warm-start: IoU 0.170 ≤ 0.232, kept current
    [temporal] λ=0.300  μ=100.0  δ_max=1.20 rad  dof=6
    init sampling: best coverage score 0.9px of uncovered area  (32 samples)
    stagnation restart #1 at iter 17  (IoU 0.305)
    stagnation restart #2 at iter 88  (IoU 0.309)
    stagnation restart #3 at iter 101  (IoU 0.309)
    stagnation restart #4 at iter 114  (IoU 0.309)
    [temporal] Δq_max=1.087 rad  Δq_norm_rms=0.130  → direct quintic ✓
[staged]   → robot c: IoU 0.225 → 0.284  ✓
    ↑ new global best IoU 0.284  [phase Ph1 robot c]
[staged] Phase 1 done — composite IoU: 0.284

[staged] Phase 2 — backward pass  (128 iters × 3 robots, sigma=0.260)
[staged]   contributions before Phase 2:
[staged]     robot a: +0.172 IoU
[staged]     robot b: +0.074 IoU
[staged]     robot c: +0.065 IoU
[staged]   Ph2 robot c  zone 1  (uncovered: 2% of target)
    [temporal] λ=0.300  μ=100.0  δ_max=1.20 rad  dof=6
    init sampling: best coverage score 1.3px of uncovered area  (32 samples)
    stagnation restart #1 at iter 25  (IoU 0.291)
    stagnation restart #2 at iter 88  (IoU 0.299)
    stagnation restart #3 at iter 101  (IoU 0.299)
    stagnation restart #4 at iter 114  (IoU 0.299)
    [temporal] Δq_max=1.088 rad  Δq_norm_rms=0.130  → direct quintic ✓
[staged]   → robot c: IoU 0.284 → 0.284  ✓
[staged]   Ph2 robot b  zone 2  (uncovered: 2% of target)
    [temporal] λ=0.300  μ=100.0  δ_max=1.20 rad  dof=6
    init sampling: best coverage score 0.9px of uncovered area  (32 samples)
    stagnation restart #1 at iter 84  (IoU 0.300)
    stagnation restart #2 at iter 97  (IoU 0.300)
    stagnation restart #3 at iter 110  (IoU 0.300)
    [temporal] Δq_max=0.437 rad  Δq_norm_rms=0.058  → direct quintic ✓
[staged]   → robot b: candidate 0.284 < current 0.284  ✗ rejected
[staged]   Ph2 robot a  zone 0  (uncovered: 65% of target)
    [temporal] λ=0.300  μ=100.0  δ_max=1.20 rad  dof=6
    init sampling: best coverage score 23.1px of uncovered area  (32 samples)
    stagnation restart #1 at iter 65  (IoU 0.308)
    stagnation restart #2 at iter 78  (IoU 0.308)
    stagnation restart #3 at iter 91  (IoU 0.308)
    stagnation restart #4 at iter 104  (IoU 0.308)
    stagnation restart #5 at iter 117  (IoU 0.308)
    [temporal] Δq_max=0.545 rad  Δq_norm_rms=0.075  → direct quintic ✓
[staged]   → robot a: IoU 0.284 → 0.297  ✓
    ↑ new global best IoU 0.297  [phase Ph2 robot a]
[staged] Phase 2 done — composite IoU: 0.297

[staged] Best snapshot: Phase 2  IoU=0.297
[staged] Final refinement — all joints  (256 iters, popsize=192, sigma=0.200)
    [temporal] λ=0.000  μ=100.0  δ_max=1.20 rad  dof=18
    stagnation restart #1 at iter 13  (IoU 0.297)  ICP δ=[4.269898017042756, 4.269898017042756, 4.269898017042756]°
    stagnation restart #2 at iter 26  (IoU 0.297)  ICP δ=[-4.269898017042756, -4.269898017042756, -4.269898017042756]°
    stagnation restart #3 at iter 39  (IoU 0.297)  ICP δ=[4.269898017042756, 4.269898017042756, 4.269898017042756]°
    stagnation restart #4 at iter 52  (IoU 0.297)  ICP δ=[-4.269898017042756, -4.269898017042756, -4.269898017042756]°
    stagnation restart #5 at iter 65  (IoU 0.297)  ICP δ=[4.269898017042756, 4.269898017042756, 4.269898017042756]°
    stagnation restart #6 at iter 78  (IoU 0.297)  ICP δ=[-4.269898017042756, -4.269898017042756, -4.269898017042756]°
    stagnation restart #7 at iter 91  (IoU 0.297)  ICP δ=[4.269898017042756, 4.269898017042756, 4.269898017042756]°
    stagnation restart #8 at iter 104  (IoU 0.297)  ICP δ=[-4.269898017042756, -4.269898017042756, -4.269898017042756]°
    stagnation restart #9 at iter 117  (IoU 0.297)  ICP δ=[4.269898017042756, 4.269898017042756, 4.269898017042756]°
    stagnation restart #10 at iter 130  (IoU 0.297)  ICP δ=[-4.269898017042756, -4.269898017042756, -4.269898017042756]°
    stagnation restart #11 at iter 143  (IoU 0.297)  ICP δ=[4.269898017042756, 4.269898017042756, 4.269898017042756]°
    stagnation restart #12 at iter 156  (IoU 0.297)  ICP δ=[-4.269898017042756, -4.269898017042756, -4.269898017042756]°
    stagnation restart #13 at iter 169  (IoU 0.297)  ICP δ=[4.269898017042756, 4.269898017042756, 4.269898017042756]°
    [temporal] Δq_max=1.130 rad  Δq_norm_rms=0.177  → direct quintic ✓
    ↑ new global best IoU 0.323  [final refinement]
[staged] Final done — IoU: 0.323  ✓
[staged] Done — final IoU: 0.323  loss: 0.6777
[staged] Displacement from prior:  global_max=1.130 rad
          robot_a: Δq_max=0.777 rad [direct ✓]
          robot_b: Δq_max=0.878 rad [direct ✓]
          robot_c: Δq_max=1.130 rad [direct ✓]

  ✓  IoU=0.323  loss=0.6777  evals=73735  time=46s

──────────────────────────────────────────────────────────────
  Frame 8/12 : f07.png
──────────────────────────────────────────────────────────────
[seq] Recomputing zones  (sim=0.23 < 0.7)
[seq] ICP warm-start: Δθ=-11.5°  IoU 0.180 → 0.253
[staged] Temporal continuity: Ph1/Ph2 weight=0.300  final weight=0.000  (curriculum: IoU-free final pass)
[staged] Prior quality: cold (0.253)  →  Ph1 sigma×1.00  iters×1.00  init_samples=32
[staged] Multi-res: Phase 1+2 at 64²px  Final at 128²px
[staged] Popsize: per-robot phases=32  final=192  (theory optimum for 6 DOF = 10)
[staged] Hungarian skipped (skip_greedy: zones unused)
    ↑ new global best IoU 0.253  [warm-start prior]
[staged] Greedy phases skipped (skip_greedy=True, prior IoU=0.253)

[staged] Best snapshot: Phase 1  IoU=0.253
[staged] Final refinement — all joints  (256 iters, popsize=192, sigma=0.200)
    [temporal] λ=0.000  μ=100.0  δ_max=1.20 rad  dof=18
    [temporal] Δq_max=0.552 rad  Δq_norm_rms=0.077  → direct quintic ✓
    ↑ new global best IoU 0.339  [final refinement]
[staged] Final done — IoU: 0.339  ✓
[staged] Done — final IoU: 0.339  loss: 0.6620
[staged] Displacement from prior:  global_max=0.552 rad
          robot_a: Δq_max=0.410 rad [direct ✓]
          robot_b: Δq_max=0.198 rad [direct ✓]
          robot_c: Δq_max=0.552 rad [direct ✓]

  ✓  IoU=0.339  loss=0.6620  evals=13057  time=9s

──────────────────────────────────────────────────────────────
  Frame 9/12 : f08.png
──────────────────────────────────────────────────────────────
[seq] Recomputing zones  (sim=0.21 < 0.7)
[seq] ICP warm-start: Δθ=-12.1°  IoU 0.187 → 0.296
[staged] Temporal continuity: Ph1/Ph2 weight=0.300  final weight=0.000  (curriculum: IoU-free final pass)
[staged] Prior quality: cold (0.296)  →  Ph1 sigma×1.00  iters×1.00  init_samples=32
[staged] Multi-res: Phase 1+2 at 64²px  Final at 128²px
[staged] Popsize: per-robot phases=32  final=192  (theory optimum for 6 DOF = 10)
[staged] Hungarian skipped (skip_greedy: zones unused)
    ↑ new global best IoU 0.296  [warm-start prior]
[staged] Greedy phases skipped (skip_greedy=True, prior IoU=0.296)

[staged] Best snapshot: Phase 1  IoU=0.296
[staged] Final refinement — all joints  (256 iters, popsize=192, sigma=0.200)
    [temporal] λ=0.000  μ=100.0  δ_max=1.20 rad  dof=18
    [temporal] Δq_max=0.409 rad  Δq_norm_rms=0.069  → direct quintic ✓
    ↑ new global best IoU 0.349  [final refinement]
[staged] Final done — IoU: 0.349  ✓
[staged] Done — final IoU: 0.349  loss: 0.6514
[staged] Displacement from prior:  global_max=0.409 rad
          robot_a: Δq_max=0.409 rad [direct ✓]
          robot_b: Δq_max=0.185 rad [direct ✓]
          robot_c: Δq_max=0.183 rad [direct ✓]

  ✓  IoU=0.349  loss=0.6514  evals=16129  time=11s

──────────────────────────────────────────────────────────────
  Frame 10/12 : f09.png
──────────────────────────────────────────────────────────────
[seq] Recomputing zones  (sim=0.21 < 0.7)
[seq] ICP warm-start: Δθ=-12.8°  IoU 0.208 → 0.276
[staged] Temporal continuity: Ph1/Ph2 weight=0.300  final weight=0.000  (curriculum: IoU-free final pass)
[staged] Prior quality: cold (0.276)  →  Ph1 sigma×1.00  iters×1.00  init_samples=32
[staged] Multi-res: Phase 1+2 at 64²px  Final at 128²px
[staged] Popsize: per-robot phases=32  final=192  (theory optimum for 6 DOF = 10)
[staged] Hungarian skipped (skip_greedy: zones unused)
    ↑ new global best IoU 0.276  [warm-start prior]
[staged] Greedy phases skipped (skip_greedy=True, prior IoU=0.276)

[staged] Best snapshot: Phase 1  IoU=0.276
[staged] Final refinement — all joints  (256 iters, popsize=192, sigma=0.200)
    [temporal] λ=0.000  μ=100.0  δ_max=1.20 rad  dof=18
    stagnation restart #1 at iter 56  (IoU 0.385)
    stagnation restart #2 at iter 69  (IoU 0.385)
    stagnation restart #3 at iter 82  (IoU 0.385)
    stagnation restart #4 at iter 95  (IoU 0.385)
    stagnation restart #5 at iter 108  (IoU 0.385)
    stagnation restart #6 at iter 121  (IoU 0.385)
    stagnation restart #7 at iter 134  (IoU 0.385)
    stagnation restart #8 at iter 147  (IoU 0.385)
    stagnation restart #9 at iter 160  (IoU 0.385)
    stagnation restart #10 at iter 173  (IoU 0.385)
    stagnation restart #11 at iter 186  (IoU 0.385)
    stagnation restart #12 at iter 199  (IoU 0.385)
    stagnation restart #13 at iter 212  (IoU 0.385)
    stagnation restart #14 at iter 225  (IoU 0.385)
    stagnation restart #15 at iter 238  (IoU 0.385)
    [temporal] Δq_max=0.534 rad  Δq_norm_rms=0.062  → direct quintic ✓
    ↑ new global best IoU 0.385  [final refinement]
[staged] Final done — IoU: 0.385  ✓
[staged] Done — final IoU: 0.385  loss: 0.6160
[staged] Displacement from prior:  global_max=0.534 rad
          robot_a: Δq_max=0.290 rad [direct ✓]
          robot_b: Δq_max=0.230 rad [direct ✓]
          robot_c: Δq_max=0.534 rad [direct ✓]

  ✓  IoU=0.385  loss=0.6160  evals=49153  time=32s

──────────────────────────────────────────────────────────────
  Frame 11/12 : f10.png
──────────────────────────────────────────────────────────────
[seq] Recomputing zones  (sim=0.20 < 0.7)
[seq] ICP warm-start: Δθ=-16.7°  IoU 0.216 → 0.296
[staged] Temporal continuity: Ph1/Ph2 weight=0.300  final weight=0.000  (curriculum: IoU-free final pass)
[staged] Prior quality: cold (0.296)  →  Ph1 sigma×1.00  iters×1.00  init_samples=32
[staged] Multi-res: Phase 1+2 at 64²px  Final at 128²px
[staged] Popsize: per-robot phases=32  final=192  (theory optimum for 6 DOF = 10)
[staged] Hungarian skipped (skip_greedy: zones unused)
    ↑ new global best IoU 0.296  [warm-start prior]
[staged] Greedy phases skipped (skip_greedy=True, prior IoU=0.296)

[staged] Best snapshot: Phase 1  IoU=0.296
[staged] Final refinement — all joints  (256 iters, popsize=192, sigma=0.200)
    [temporal] λ=0.000  μ=100.0  δ_max=1.20 rad  dof=18
    [temporal] Δq_max=0.644 rad  Δq_norm_rms=0.119  → direct quintic ✓
    ↑ new global best IoU 0.373  [final refinement]
[staged] Final done — IoU: 0.373  ✓
[staged] Done — final IoU: 0.373  loss: 0.6282
[staged] Displacement from prior:  global_max=0.644 rad
          robot_a: Δq_max=0.644 rad [direct ✓]
          robot_b: Δq_max=0.375 rad [direct ✓]
          robot_c: Δq_max=0.577 rad [direct ✓]

  ✓  IoU=0.373  loss=0.6282  evals=20737  time=14s

──────────────────────────────────────────────────────────────
  Frame 12/12 : f11.png
──────────────────────────────────────────────────────────────
[seq] Recomputing zones  (sim=0.21 < 0.7)
[seq] ICP warm-start: Δθ=-22.7°  IoU 0.180 → 0.236
[staged] Temporal continuity: Ph1/Ph2 weight=0.300  final weight=0.000  (curriculum: IoU-free final pass)
[staged] Prior quality: cold (0.236)  →  Ph1 sigma×1.00  iters×1.00  init_samples=32
[staged] Multi-res: Phase 1+2 at 64²px  Final at 128²px
[staged] Popsize: per-robot phases=32  final=192  (theory optimum for 6 DOF = 10)
[staged] Hungarian skipped (skip_greedy: zones unused)
    ↑ new global best IoU 0.236  [warm-start prior]
[staged] Greedy phases skipped (skip_greedy=True, prior IoU=0.236)

[staged] Best snapshot: Phase 1  IoU=0.236
[staged] Final refinement — all joints  (256 iters, popsize=192, sigma=0.200)
    [temporal] λ=0.000  μ=100.0  δ_max=1.20 rad  dof=18
    stagnation restart #1 at iter 71  (IoU 0.340)  ICP δ=[-12.32734246779615, -12.32734246779615, -12.32734246779615]°
    stagnation restart #2 at iter 84  (IoU 0.340)  ICP δ=[12.32734246779615, 12.32734246779615, 12.32734246779615]°
    stagnation restart #3 at iter 97  (IoU 0.340)  ICP δ=[-12.32734246779615, -12.32734246779615, -12.32734246779615]°
    stagnation restart #4 at iter 110  (IoU 0.340)  ICP δ=[12.32734246779615, 12.32734246779615, 12.32734246779615]°
    stagnation restart #5 at iter 123  (IoU 0.340)  ICP δ=[-12.32734246779615, -12.32734246779615, -12.32734246779615]°
    stagnation restart #6 at iter 136  (IoU 0.340)  ICP δ=[12.32734246779615, 12.32734246779615, 12.32734246779615]°
    stagnation restart #7 at iter 149  (IoU 0.340)  ICP δ=[-12.32734246779615, -12.32734246779615, -12.32734246779615]°
    stagnation restart #8 at iter 162  (IoU 0.340)  ICP δ=[12.32734246779615, 12.32734246779615, 12.32734246779615]°
    stagnation restart #9 at iter 175  (IoU 0.340)  ICP δ=[-12.32734246779615, -12.32734246779615, -12.32734246779615]°
    stagnation restart #10 at iter 188  (IoU 0.340)  ICP δ=[12.32734246779615, 12.32734246779615, 12.32734246779615]°
    stagnation restart #11 at iter 201  (IoU 0.340)  ICP δ=[-12.32734246779615, -12.32734246779615, -12.32734246779615]°
    stagnation restart #12 at iter 214  (IoU 0.340)  ICP δ=[12.32734246779615, 12.32734246779615, 12.32734246779615]°
    stagnation restart #13 at iter 227  (IoU 0.340)  ICP δ=[-12.32734246779615, -12.32734246779615, -12.32734246779615]°
    stagnation restart #14 at iter 240  (IoU 0.340)  ICP δ=[12.32734246779615, 12.32734246779615, 12.32734246779615]°
    [temporal] Δq_max=1.015 rad  Δq_norm_rms=0.136  → direct quintic ✓
    ↑ new global best IoU 0.340  [final refinement]
[staged] Final done — IoU: 0.340  ✓
[staged] Done — final IoU: 0.340  loss: 0.6615
[staged] Displacement from prior:  global_max=1.015 rad
          robot_a: Δq_max=0.387 rad [direct ✓]
          robot_b: Δq_max=0.925 rad [direct ✓]
          robot_c: Δq_max=1.015 rad [direct ✓]
[loop] wrap is 144.6 deg, over the 68.8 deg bound — re-solving the last frame against frame 1
[staged] Temporal continuity: Ph1/Ph2 weight=0.300  final weight=0.000  (curriculum: IoU-free final pass)
[staged] Prior quality: cold (0.340)  →  Ph1 sigma×1.00  iters×1.00  init_samples=32
[staged] Multi-res: Phase 1+2 at 64²px  Final at 128²px
[staged] Popsize: per-robot phases=32  final=192  (theory optimum for 6 DOF = 10)

[staged] Hungarian pre-assignment  (3×3 cost matrix, 8 samples/entry = 72 renders)...
[staged]   robot_a → zone 1  robot_b → zone 2  robot_c → zone 0

[staged] Phase 1 — forward greedy  (128 iters × 3 robot(s), sigma=0.40×1.00, popsize=32)
[staged]   Ph1 robot a  zone 1  (uncovered: 47% of target)
    voronoi warm-start: IoU 0.192 ≤ 0.336, kept current
    [temporal] λ=0.300  μ=100.0  δ_max=1.20 rad  dof=6
    init sampling: best coverage score 64.6px of uncovered area  (32 samples)
    stagnation restart #1 at iter 38  (IoU 0.295)
    stagnation restart #2 at iter 51  (IoU 0.295)
    stagnation restart #3 at iter 103  (IoU 0.297)
    stagnation restart #4 at iter 116  (IoU 0.297)
    [temporal] Δq_max=0.303 rad  Δq_norm_rms=0.037  → direct quintic ✓
[staged]   → robot a: candidate 0.276 < current 0.340  ✗ rejected
    ↑ new global best IoU 0.340  [phase Ph1 robot a]
[staged]   Ph1 robot b  zone 2  (uncovered: 9% of target)
    voronoi warm-start: IoU 0.230 ≤ 0.336, kept current
    [temporal] λ=0.300  μ=100.0  δ_max=1.20 rad  dof=6
    init sampling: best coverage score 9.5px of uncovered area  (32 samples)
    stagnation restart #1 at iter 67  (IoU 0.286)
    stagnation restart #2 at iter 80  (IoU 0.286)
    stagnation restart #3 at iter 93  (IoU 0.286)
    stagnation restart #4 at iter 106  (IoU 0.286)
    [temporal] Δq_max=0.154 rad  Δq_norm_rms=0.026  → direct quintic ✓
[staged]   → robot b: candidate 0.273 < current 0.340  ✗ rejected
[staged]   Ph1 robot c  zone 0  (uncovered: 2% of target)
    voronoi warm-start: IoU 0.209 ≤ 0.336, kept current
    [temporal] λ=0.300  μ=100.0  δ_max=1.20 rad  dof=6
    init sampling: best coverage score 1.6px of uncovered area  (32 samples)
    stagnation restart #1 at iter 70  (IoU 0.317)
    stagnation restart #2 at iter 83  (IoU 0.317)
    stagnation restart #3 at iter 96  (IoU 0.317)
    stagnation restart #4 at iter 109  (IoU 0.317)
    [temporal] Δq_max=0.284 rad  Δq_norm_rms=0.035  → direct quintic ✓
[staged]   → robot c: candidate 0.302 < current 0.340  ✗ rejected
[staged] Phase 1 done — composite IoU: 0.340

[staged] Phase 2 — backward pass  (128 iters × 3 robots, sigma=0.260)
[staged]   contributions before Phase 2:
[staged]     robot a: +0.139 IoU
[staged]     robot b: +0.061 IoU
[staged]     robot c: +0.050 IoU  ← low
[staged]   Ph2 robot c  zone 0  (uncovered: 6% of target)
    [temporal] λ=0.300  μ=100.0  δ_max=1.20 rad  dof=6
    init sampling: best coverage score 4.5px of uncovered area  (32 samples)
    stagnation restart #1 at iter 26  (IoU 0.299)
    stagnation restart #2 at iter 40  (IoU 0.301)
    stagnation restart #3 at iter 69  (IoU 0.308)
    [temporal] Δq_max=0.283 rad  Δq_norm_rms=0.035  → direct quintic ✓
[staged]   → robot c: candidate 0.302 < current 0.340  ✗ rejected
[staged]   Ph2 robot b  zone 2  (uncovered: 9% of target)
    [temporal] λ=0.300  μ=100.0  δ_max=1.20 rad  dof=6
    init sampling: best coverage score 9.5px of uncovered area  (32 samples)
    stagnation restart #1 at iter 79  (IoU 0.278)
    stagnation restart #2 at iter 92  (IoU 0.278)
    stagnation restart #3 at iter 105  (IoU 0.278)
    [temporal] Δq_max=0.187 rad  Δq_norm_rms=0.027  → direct quintic ✓
[staged]   → robot b: candidate 0.273 < current 0.340  ✗ rejected
[staged]   Ph2 robot a  zone 1  (uncovered: 47% of target)
    [temporal] λ=0.300  μ=100.0  δ_max=1.20 rad  dof=6
    init sampling: best coverage score 58.7px of uncovered area  (32 samples)
    stagnation restart #1 at iter 55  (IoU 0.281)
    stagnation restart #2 at iter 68  (IoU 0.281)
    stagnation restart #3 at iter 81  (IoU 0.281)
    stagnation restart #4 at iter 94  (IoU 0.281)
    stagnation restart #5 at iter 107  (IoU 0.281)
    [temporal] Δq_max=0.304 rad  Δq_norm_rms=0.037  → direct quintic ✓
[staged]   → robot a: candidate 0.277 < current 0.340  ✗ rejected
[staged] Phase 2 done — composite IoU: 0.340

[staged] Best snapshot: Phase 1  IoU=0.340
[staged] Final refinement — all joints  (256 iters, popsize=192, sigma=0.200)
    [temporal] λ=0.000  μ=100.0  δ_max=1.20 rad  dof=18
    stagnation restart #1 at iter 72  (IoU 0.323)  ICP δ=[3.1819685197548546, 3.1819685197548546, 3.1819685197548546]°
    [temporal] Δq_max=1.199 rad  Δq_norm_rms=0.215  → direct quintic ✓
    ↑ new global best IoU 0.369  [final refinement]
[staged] Final done — IoU: 0.369  ✓
[staged] Done — final IoU: 0.369  loss: 0.6319
[staged] Displacement from prior:  global_max=1.199 rad
          robot_a: Δq_max=0.701 rad [direct ✓]
          robot_b: Δq_max=0.860 rad [direct ✓]
          robot_c: Δq_max=1.199 rad [direct ✓]
[loop] closure rejected: wrap 68.7 deg, prev 131.7 deg — one of them still over bound, keeping the original

  ✓  IoU=0.340  loss=0.6615  evals=49153  time=67s


==============================================================
  Summary  (12 frames, 3 robots, ts=20260902_035622)
==============================================================
  #    Target                        IoU   Evals   Surr    Time
  ---- -------------------------- ------  ------  -----  ------
  1    f00.png                     0.422   50727     0%     35s
  2    f01.png                     0.358   43399     0%     29s
  3    f02.png                     0.295   73735     0%     47s
  4    f03.png                     0.278   33991     0%     19s
  5    f04.png                     0.235   38023     0%     22s
  6    f05.png                     0.229   16897     0%     11s
  7    f06.png                     0.323   73735     0%     46s
  8    f07.png                     0.339   13057     0%      9s
  9    f08.png                     0.349   16129     0%     11s
  10   f09.png                     0.385   49153     0%     32s
  11   f10.png                     0.372   20737     0%     14s
  12   f11.png                     0.340   49153     0%     67s
  ──── ────────────────────────── ──────
  avg                              0.327                   341s
==============================================================

Summary   : ../../umbra-bench/optimized/wiper\summary_20260902_035622.json
CSV       : ../../umbra-bench/optimized/wiper\summary_20260902_035622.csv
Deploy    : mjpython deploy.py --urdf urdf/SO101/so101_new_calib.urdf --ts 20260902_035622 --results-dir ../../umbra-bench/optimized/wiper

