==============================================================
  run_sequence.py  —  8 frame(s)  ×  5 robot(s)
  Timestamp : 20260902_033658
  URDF      : urdf/SO101/so101_new_calib.urdf
  Output    : ../../umbra-bench/optimized/two_arm_wave_n5
  Loss      : α=1.0 β=0.3 γ=0.0 γ_final=0.0 δ=0.0
  Budget    : Ph1=128×5  Ph2=128×5  Final=256  pop=192
  Multi-res : Ph1+2@64px → Final@128px
  Hungarian : reuse if sim≥0.7
==============================================================

[1/3] Building MuJoCo scene...
[scene] so101 ×5: light_y=1.00 wall_y=-2.80 throw=3.80m table_len=0.80m | magnification 2.1x–3.8x
      5 robots  |  30 DOF  |  built in 0.5s  (saved 4s vs per-frame rebuild)

[2/3] Optimizing 8 frame(s)...

[reach] cached → reach_af9f093674ee04d4.npz
[fit] castability 0.077 → 0.083  (scale 0.735, dy +8.2px, dx -8.2px, clip 0.0%)
[fit] clip transform {'scale': 0.7346, 'dy': 8.23, 'dx': -8.23, 'rot': 0.0, 'score': 0.0828, 'clip_frac': 0.0, 'touches_edge': False, 'at_bound': False}  uncastable 8.1% → 11.2%

──────────────────────────────────────────────────────────────
  Frame 1/8 : f00.png
──────────────────────────────────────────────────────────────
[staged] Multi-res: Phase 1+2 at 64²px  Final at 128²px
[staged] Popsize: per-robot phases=32  final=192  (theory optimum for 6 DOF = 10)

[staged] Hungarian pre-assignment  (5×5 cost matrix, 8 samples/entry = 200 renders)...
[staged]   robot_a → zone 3  robot_b → zone 1  robot_c → zone 4  robot_d → zone 2  robot_e → zone 0

[staged] Phase 1 — forward greedy  (128 iters × 5 robot(s), sigma=0.40×1.00, popsize=32)
[staged]   Ph1 robot a  zone 3  (uncovered: 15% of target)
    voronoi warm-start: IoU 0.066 ≤ 0.075, kept current
    init sampling: best coverage score 72.1px of uncovered area  (32 samples)
    stagnation restart #1 at iter 62  (IoU 0.485)
    stagnation restart #2 at iter 75  (IoU 0.485)
    stagnation restart #3 at iter 88  (IoU 0.485)
    stagnation restart #4 at iter 101  (IoU 0.485)
    stagnation restart #5 at iter 114  (IoU 0.485)
[staged]   → robot a: IoU 0.070 → 0.480  ✓
    ↑ new global best IoU 0.480  [phase Ph1 robot a]
[staged]   Ph1 robot b  zone 1  (uncovered: 4% of target)
    voronoi warm-start: IoU 0.408 ≤ 0.484, kept current
    init sampling: best coverage score 15.2px of uncovered area  (32 samples)
    stagnation restart #1 at iter 86  (IoU 0.527)
    stagnation restart #2 at iter 99  (IoU 0.527)
    stagnation restart #3 at iter 112  (IoU 0.527)
[staged]   → robot b: IoU 0.480 → 0.513  ✓
    ↑ new global best IoU 0.513  [phase Ph1 robot b]
[staged]   Ph1 robot c  zone 4  (uncovered: 1% of target)
    voronoi warm-start: IoU 0.450 ≤ 0.522, kept current
    init sampling: best coverage score 3.2px of uncovered area  (32 samples)
    stagnation restart #1 at iter 24  (IoU 0.533)
    stagnation restart #2 at iter 37  (IoU 0.533)
    stagnation restart #3 at iter 50  (IoU 0.533)
    stagnation restart #4 at iter 63  (IoU 0.533)
    stagnation restart #5 at iter 76  (IoU 0.533)
    stagnation restart #6 at iter 100  (IoU 0.536)
    stagnation restart #7 at iter 113  (IoU 0.538)
[staged]   → robot c: IoU 0.513 → 0.534  ✓
    ↑ new global best IoU 0.534  [phase Ph1 robot c]
[staged]   Ph1 robot d  zone 2  (uncovered: 1% of target)
    voronoi warm-start: IoU 0.457 ≤ 0.540, kept current
    init sampling: best coverage score 4.7px of uncovered area  (32 samples)
    stagnation restart #1 at iter 35  (IoU 0.545)
    stagnation restart #2 at iter 58  (IoU 0.546)
    stagnation restart #3 at iter 71  (IoU 0.546)
    stagnation restart #4 at iter 84  (IoU 0.546)
    stagnation restart #5 at iter 97  (IoU 0.546)
    stagnation restart #6 at iter 110  (IoU 0.546)
[staged]   → robot d: IoU 0.534 → 0.537  ✓
    ↑ new global best IoU 0.537  [phase Ph1 robot d]
[staged]   Ph1 robot e  zone 0  (uncovered: 3% of target)
    voronoi warm-start: IoU 0.481 ≤ 0.543, kept current
    init sampling: best coverage score 7.0px of uncovered area  (32 samples)
    stagnation restart #1 at iter 25  (IoU 0.549)
    stagnation restart #2 at iter 38  (IoU 0.549)
    stagnation restart #3 at iter 51  (IoU 0.549)
    stagnation restart #4 at iter 64  (IoU 0.549)
    stagnation restart #5 at iter 77  (IoU 0.549)
    stagnation restart #6 at iter 90  (IoU 0.549)
    stagnation restart #7 at iter 103  (IoU 0.549)
    stagnation restart #8 at iter 116  (IoU 0.549)
[staged]   → robot e: IoU 0.537 → 0.543  ✓
    ↑ new global best IoU 0.543  [phase Ph1 robot e]
[staged] Phase 1 done — composite IoU: 0.543

[staged] Phase 2 — backward pass  (128 iters × 5 robots, sigma=0.260)
[staged]   contributions before Phase 2:
[staged]     robot a: +0.094 IoU
[staged]     robot b: +0.001 IoU  ← low
[staged]     robot c: +0.020 IoU  ← low
[staged]     robot d: +0.003 IoU  ← low
[staged]     robot e: +0.006 IoU  ← low
[staged]   Ph2 robot e  zone 0  (uncovered: 3% of target)
    init sampling: best coverage score 8.9px of uncovered area  (32 samples)
    stagnation restart #1 at iter 26  (IoU 0.547)
    stagnation restart #2 at iter 39  (IoU 0.548)
    stagnation restart #3 at iter 52  (IoU 0.548)
    stagnation restart #4 at iter 65  (IoU 0.548)
    stagnation restart #5 at iter 78  (IoU 0.548)
    stagnation restart #6 at iter 104  (IoU 0.550)
    stagnation restart #7 at iter 117  (IoU 0.550)
[staged]   → robot e: IoU 0.543 → 0.543  ✓
[staged]   Ph2 robot d  zone 2  (uncovered: 3% of target)
    init sampling: best coverage score 6.1px of uncovered area  (32 samples)
    stagnation restart #1 at iter 36  (IoU 0.548)
    stagnation restart #2 at iter 56  (IoU 0.550)
    stagnation restart #3 at iter 69  (IoU 0.550)
    stagnation restart #4 at iter 82  (IoU 0.550)
    stagnation restart #5 at iter 95  (IoU 0.550)
    stagnation restart #6 at iter 108  (IoU 0.550)
[staged]   → robot d: candidate 0.542 < current 0.543  ✗ rejected
[staged]   Ph2 robot c  zone 4  (uncovered: 5% of target)
    init sampling: best coverage score 13.2px of uncovered area  (32 samples)
    stagnation restart #1 at iter 30  (IoU 0.542)
    stagnation restart #2 at iter 69  (IoU 0.555)
    stagnation restart #3 at iter 82  (IoU 0.555)
    stagnation restart #4 at iter 95  (IoU 0.555)
    stagnation restart #5 at iter 108  (IoU 0.555)
[staged]   → robot c: IoU 0.543 → 0.545  ✓
    ↑ new global best IoU 0.545  [phase Ph2 robot c]
[staged]   Ph2 robot b  zone 1  (uncovered: 6% of target)
    init sampling: best coverage score 4.8px of uncovered area  (32 samples)
    stagnation restart #1 at iter 26  (IoU 0.614)  ICP δ=[10.819788052556227]°
    stagnation restart #2 at iter 39  (IoU 0.614)  ICP δ=[-10.819788052556227]°
    stagnation restart #3 at iter 52  (IoU 0.614)  ICP δ=[10.819788052556227]°
    stagnation restart #4 at iter 65  (IoU 0.614)  ICP δ=[-10.819788052556227]°
    stagnation restart #5 at iter 78  (IoU 0.614)  ICP δ=[10.819788052556227]°
    stagnation restart #6 at iter 91  (IoU 0.614)  ICP δ=[-10.819788052556227]°
    stagnation restart #7 at iter 104  (IoU 0.614)  ICP δ=[10.819788052556227]°
[staged]   → robot b: IoU 0.545 → 0.621  ✓
    ↑ new global best IoU 0.621  [phase Ph2 robot b]
[staged]   Ph2 robot a  zone 3  (uncovered: 8% of target)
    init sampling: best coverage score 21.8px of uncovered area  (32 samples)
    stagnation restart #1 at iter 15  (IoU 0.628)
    stagnation restart #2 at iter 77  (IoU 0.702)
    stagnation restart #3 at iter 90  (IoU 0.702)
    stagnation restart #4 at iter 103  (IoU 0.702)
    stagnation restart #5 at iter 116  (IoU 0.702)
[staged]   → robot a: IoU 0.621 → 0.688  ✓
    ↑ new global best IoU 0.688  [phase Ph2 robot a]
[staged] Phase 2 done — composite IoU: 0.688

[staged] Best snapshot: Phase 2  IoU=0.688
[staged] Adaptive final budget: warm (0.688)  iters 256→141  popsize 192→192
[staged] Manifold final pass — computing Jacobian  (ε=0.020, 60 renders)
[staged] Manifold basis: k=12D / 30D  (variance≥85%, top eigenvalues: ['103823.59', '55541.21', '49005.14', '37380.84', '28337.26'])
    ↑ new global best IoU 0.722  [manifold final pass]
[staged] Manifold done — IoU: 0.722  (Δ=+0.034)  ✓
[staged] Done — final IoU: 0.722  loss: 0.2783

  ✓  IoU=0.722  loss=0.2783  evals=50186  time=39s

──────────────────────────────────────────────────────────────
  Frame 2/8 : f01.png
──────────────────────────────────────────────────────────────
[seq] Zone assignment reused  (sim=0.77 ≥ 0.7, saves 200 renders)
[seq] ICP warm-start rejected: IoU 0.599 → 0.587 (Δθ=-1.4°), using prev_q
[staged] Temporal continuity: Ph1/Ph2 weight=0.300  final weight=0.000  (curriculum: IoU-free final pass)
[staged] Prior quality: warm (0.599)  →  Ph1 sigma×0.70  iters×0.85  init_samples=16
[staged] Multi-res: Phase 1+2 at 64²px  Final at 128²px
[staged] Popsize: per-robot phases=32  final=192  (theory optimum for 6 DOF = 10)
[staged] Hungarian: reusing cached zone assignment  robot_a → zone 3  robot_b → zone 1  robot_c → zone 4  robot_d → zone 2  robot_e → zone 0

[staged] Phase 1 — forward greedy  (128 iters × 5 robot(s), sigma=0.40×0.70, popsize=32)
[staged]   Ph1 robot a  zone 3  (uncovered: 1% of target)
    voronoi warm-start: IoU 0.426 ≤ 0.592, kept current
    [temporal] λ=0.300  μ=100.0  δ_max=1.20 rad  dof=6
    init sampling: best coverage score 3.0px of uncovered area  (16 samples)
    stagnation restart #1 at iter 66  (IoU 0.603)
    stagnation restart #2 at iter 79  (IoU 0.603)
    stagnation restart #3 at iter 92  (IoU 0.603)
    [temporal] Δq_max=0.082 rad  Δq_norm_rms=0.014  → direct quintic ✓
[staged]   → robot a: IoU 0.599 → 0.601  ✓
    ↑ new global best IoU 0.601  [phase Ph1 robot a]
[staged]   Ph1 robot b  zone 1  (uncovered: 0% of target)
    voronoi warm-start: IoU 0.462 ≤ 0.600, kept current
    [temporal] λ=0.300  μ=100.0  δ_max=1.20 rad  dof=6
    init sampling: best coverage score 2.1px of uncovered area  (16 samples)
    stagnation restart #1 at iter 63  (IoU 0.652)
    stagnation restart #2 at iter 76  (IoU 0.652)
    stagnation restart #3 at iter 89  (IoU 0.652)
    [temporal] Δq_max=0.342 rad  Δq_norm_rms=0.036  → direct quintic ✓
[staged]   → robot b: IoU 0.601 → 0.648  ✓
    ↑ new global best IoU 0.648  [phase Ph1 robot b]
[staged]   Ph1 robot c  zone 4  (uncovered: 1% of target)
    voronoi warm-start: IoU 0.518 ≤ 0.648, kept current
    [temporal] λ=0.300  μ=100.0  δ_max=1.20 rad  dof=6
    init sampling: best coverage score 0.5px of uncovered area  (16 samples)
    [temporal] Δq_max=0.154 rad  Δq_norm_rms=0.019  → direct quintic ✓
[staged]   → robot c: IoU 0.648 → 0.698  ✓
    ↑ new global best IoU 0.698  [phase Ph1 robot c]
[staged]   Ph1 robot d  zone 2  (uncovered: 0% of target)
    voronoi warm-start: IoU 0.587 ≤ 0.705, kept current
    [temporal] λ=0.300  μ=100.0  δ_max=1.20 rad  dof=6
    init sampling: best coverage score 1.6px of uncovered area  (16 samples)
    stagnation restart #1 at iter 68  (IoU 0.712)
    stagnation restart #2 at iter 81  (IoU 0.712)
    stagnation restart #3 at iter 94  (IoU 0.712)
    [temporal] Δq_max=0.200 rad  Δq_norm_rms=0.027  → direct quintic ✓
[staged]   → robot d: candidate 0.694 < current 0.698  ✗ rejected
[staged]   Ph1 robot e  zone 0  (uncovered: 2% of target)
    voronoi warm-start: IoU 0.593 ≤ 0.705, kept current
    [temporal] λ=0.300  μ=100.0  δ_max=1.20 rad  dof=6
    init sampling: best coverage score 12.8px of uncovered area  (16 samples)
    stagnation restart #1 at iter 77  (IoU 0.718)
    stagnation restart #2 at iter 90  (IoU 0.718)
    [temporal] Δq_max=0.338 rad  Δq_norm_rms=0.049  → direct quintic ✓
[staged]   → robot e: IoU 0.698 → 0.704  ✓
    ↑ new global best IoU 0.704  [phase Ph1 robot e]
[staged] Phase 1 done — composite IoU: 0.704

[staged] Phase 2 — backward pass  (128 iters × 5 robots, sigma=0.260)
[staged]   contributions before Phase 2:
[staged]     robot a: +0.165 IoU
[staged]     robot b: +0.156 IoU
[staged]     robot c: +0.128 IoU
[staged]     robot d: +0.123 IoU
[staged]     robot e: +0.083 IoU
[staged]   Ph2 robot e  zone 0  (uncovered: 8% of target)
    [temporal] λ=0.300  μ=100.0  δ_max=1.20 rad  dof=6
    init sampling: best coverage score 20.2px of uncovered area  (32 samples)
    stagnation restart #1 at iter 32  (IoU 0.712)
    stagnation restart #2 at iter 45  (IoU 0.712)
    stagnation restart #3 at iter 58  (IoU 0.712)
    stagnation restart #4 at iter 71  (IoU 0.712)
    stagnation restart #5 at iter 96  (IoU 0.713)
    stagnation restart #6 at iter 109  (IoU 0.713)
    [temporal] Δq_max=0.208 rad  Δq_norm_rms=0.038  → direct quintic ✓
[staged]   → robot e: candidate 0.702 < current 0.704  ✗ rejected
[staged]   Ph2 robot d  zone 2  (uncovered: 11% of target)
    [temporal] λ=0.300  μ=100.0  δ_max=1.20 rad  dof=6
    init sampling: best coverage score 35.2px of uncovered area  (32 samples)
    stagnation restart #1 at iter 23  (IoU 0.707)
    stagnation restart #2 at iter 68  (IoU 0.718)
    stagnation restart #3 at iter 81  (IoU 0.718)
    stagnation restart #4 at iter 94  (IoU 0.718)
    stagnation restart #5 at iter 107  (IoU 0.718)
    [temporal] Δq_max=0.078 rad  Δq_norm_rms=0.012  → direct quintic ✓
[staged]   → robot d: candidate 0.703 < current 0.704  ✗ rejected
[staged]   Ph2 robot c  zone 4  (uncovered: 11% of target)
    [temporal] λ=0.300  μ=100.0  δ_max=1.20 rad  dof=6
    init sampling: best coverage score 32.8px of uncovered area  (32 samples)
    stagnation restart #1 at iter 64  (IoU 0.713)
    stagnation restart #2 at iter 77  (IoU 0.713)
    stagnation restart #3 at iter 90  (IoU 0.713)
    stagnation restart #4 at iter 103  (IoU 0.713)
    stagnation restart #5 at iter 116  (IoU 0.713)
    [temporal] Δq_max=0.151 rad  Δq_norm_rms=0.019  → direct quintic ✓
[staged]   → robot c: IoU 0.704 → 0.705  ✓
    ↑ new global best IoU 0.705  [phase Ph2 robot c]
[staged]   Ph2 robot b  zone 1  (uncovered: 10% of target)
    [temporal] λ=0.300  μ=100.0  δ_max=1.20 rad  dof=6
    init sampling: best coverage score 14.3px of uncovered area  (32 samples)
    stagnation restart #1 at iter 98  (IoU 0.714)  ICP δ=[7.855695488074776]°
    stagnation restart #2 at iter 111  (IoU 0.714)  ICP δ=[-7.855695488074776]°
    [temporal] Δq_max=0.306 rad  Δq_norm_rms=0.032  → direct quintic ✓
[staged]   → robot b: IoU 0.705 → 0.705  ✓
    ↑ new global best IoU 0.705  [phase Ph2 robot b]
[staged]   Ph2 robot a  zone 3  (uncovered: 7% of target)
    [temporal] λ=0.300  μ=100.0  δ_max=1.20 rad  dof=6
    init sampling: best coverage score 18.3px of uncovered area  (32 samples)
    stagnation restart #1 at iter 72  (IoU 0.716)
    stagnation restart #2 at iter 85  (IoU 0.716)
    stagnation restart #3 at iter 98  (IoU 0.716)
    stagnation restart #4 at iter 111  (IoU 0.716)
    [temporal] Δq_max=0.089 rad  Δq_norm_rms=0.021  → direct quintic ✓
[staged]   → robot a: candidate 0.705 < current 0.705  ✗ rejected
[staged] Phase 2 done — composite IoU: 0.705

[staged] Best snapshot: Phase 2  IoU=0.705
[staged] Adaptive final budget: warm (0.705)  iters 256→141  popsize 192→192
[staged] Manifold final pass — computing Jacobian  (ε=0.020, 60 renders)
[staged] Manifold basis: k=11D / 30D  (variance≥85%, top eigenvalues: ['107941.29', '88498.09', '60877.79', '29216.56', '23896.41'])
    ↑ new global best IoU 0.721  [manifold final pass]
[staged] Manifold done — IoU: 0.721  (Δ=+0.015)  ✓
[staged] Done — final IoU: 0.721  loss: 0.2797
[staged] Displacement from prior:  global_max=0.385 rad
          robot_a: Δq_max=0.057 rad [direct ✓]
          robot_b: Δq_max=0.353 rad [direct ✓]
          robot_c: Δq_max=0.176 rad [direct ✓]
          robot_d: Δq_max=0.000 rad [direct ✓]
          robot_e: Δq_max=0.385 rad [direct ✓]

  ✓  IoU=0.721  loss=0.2797  evals=46986  time=37s

──────────────────────────────────────────────────────────────
  Frame 3/8 : f02.png
──────────────────────────────────────────────────────────────
[seq] Zone assignment reused  (sim=0.76 ≥ 0.7, saves 200 renders)
[seq] ICP warm-start rejected: IoU 0.589 → 0.582 (Δθ=-1.2°), using prev_q
[staged] Temporal continuity: Ph1/Ph2 weight=0.300  final weight=0.000  (curriculum: IoU-free final pass)
[staged] Prior quality: warm (0.589)  →  Ph1 sigma×0.70  iters×0.85  init_samples=16
[staged] Multi-res: Phase 1+2 at 64²px  Final at 128²px
[staged] Popsize: per-robot phases=32  final=192  (theory optimum for 6 DOF = 10)
[staged] Hungarian: reusing cached zone assignment  robot_a → zone 3  robot_b → zone 1  robot_c → zone 4  robot_d → zone 2  robot_e → zone 0

[staged] Phase 1 — forward greedy  (128 iters × 5 robot(s), sigma=0.40×0.70, popsize=32)
[staged]   Ph1 robot a  zone 3  (uncovered: 0% of target)
    voronoi warm-start: IoU 0.525 ≤ 0.582, kept current
    [temporal] λ=0.300  μ=100.0  δ_max=1.20 rad  dof=6
    init sampling: best coverage score 2.0px of uncovered area  (16 samples)
    stagnation restart #1 at iter 65  (IoU 0.588)
    stagnation restart #2 at iter 78  (IoU 0.588)
    stagnation restart #3 at iter 91  (IoU 0.588)
    [temporal] Δq_max=0.023 rad  Δq_norm_rms=0.006  → direct quintic ✓
[staged]   → robot a: candidate 0.586 < current 0.589  ✗ rejected
    ↑ new global best IoU 0.589  [phase Ph1 robot a]
[staged]   Ph1 robot b  zone 1  (uncovered: 17% of target)
    voronoi warm-start: IoU 0.433 ≤ 0.582, kept current
    [temporal] λ=0.300  μ=100.0  δ_max=1.20 rad  dof=6
    init sampling: best coverage score 24.3px of uncovered area  (16 samples)
    stagnation restart #1 at iter 90  (IoU 0.645)  ICP δ=[8.406074599761881]°
    [temporal] Δq_max=0.228 rad  Δq_norm_rms=0.027  → direct quintic ✓
[staged]   → robot b: IoU 0.589 → 0.650  ✓
    ↑ new global best IoU 0.650  [phase Ph1 robot b]
[staged]   Ph1 robot c  zone 4  (uncovered: 1% of target)
    voronoi warm-start: IoU 0.517 ≤ 0.645, kept current
    [temporal] λ=0.300  μ=100.0  δ_max=1.20 rad  dof=6
    init sampling: best coverage score 0.0px of uncovered area  (16 samples)
    stagnation restart #1 at iter 67  (IoU 0.707)
    stagnation restart #2 at iter 80  (IoU 0.707)
    stagnation restart #3 at iter 93  (IoU 0.707)
    [temporal] Δq_max=0.186 rad  Δq_norm_rms=0.020  → direct quintic ✓
[staged]   → robot c: IoU 0.650 → 0.705  ✓
    ↑ new global best IoU 0.705  [phase Ph1 robot c]
[staged]   Ph1 robot d  zone 2  (uncovered: 13% of target)
    voronoi warm-start: IoU 0.571 ≤ 0.702, kept current
    [temporal] λ=0.300  μ=100.0  δ_max=1.20 rad  dof=6
    init sampling: best coverage score 49.2px of uncovered area  (16 samples)
    stagnation restart #1 at iter 66  (IoU 0.706)  ICP δ=[-10.994369402432286]°
    stagnation restart #2 at iter 79  (IoU 0.706)  ICP δ=[10.994369402432286]°
    stagnation restart #3 at iter 92  (IoU 0.706)  ICP δ=[-10.994369402432286]°
    [temporal] Δq_max=0.061 rad  Δq_norm_rms=0.013  → direct quintic ✓
[staged]   → robot d: candidate 0.704 < current 0.705  ✗ rejected
[staged]   Ph1 robot e  zone 0  (uncovered: 2% of target)
    voronoi warm-start: IoU 0.578 ≤ 0.702, kept current
    [temporal] λ=0.300  μ=100.0  δ_max=1.20 rad  dof=6
    init sampling: best coverage score 11.8px of uncovered area  (16 samples)
    stagnation restart #1 at iter 58  (IoU 0.705)
    stagnation restart #2 at iter 71  (IoU 0.705)
    stagnation restart #3 at iter 84  (IoU 0.705)
    stagnation restart #4 at iter 97  (IoU 0.705)
    [temporal] Δq_max=0.029 rad  Δq_norm_rms=0.004  → direct quintic ✓
[staged]   → robot e: candidate 0.702 < current 0.705  ✗ rejected
[staged] Phase 1 done — composite IoU: 0.705

[staged] Phase 2 — backward pass  (128 iters × 5 robots, sigma=0.260)
[staged]   contributions before Phase 2:
[staged]     robot a: +0.162 IoU
[staged]     robot b: +0.164 IoU
[staged]     robot c: +0.131 IoU
[staged]     robot d: +0.127 IoU
[staged]     robot e: +0.090 IoU
[staged]   Ph2 robot e  zone 0  (uncovered: 9% of target)
    [temporal] λ=0.300  μ=100.0  δ_max=1.20 rad  dof=6
    init sampling: best coverage score 18.5px of uncovered area  (32 samples)
    stagnation restart #1 at iter 51  (IoU 0.703)
    stagnation restart #2 at iter 64  (IoU 0.703)
    stagnation restart #3 at iter 77  (IoU 0.703)
    stagnation restart #4 at iter 90  (IoU 0.703)
    stagnation restart #5 at iter 103  (IoU 0.703)
    stagnation restart #6 at iter 116  (IoU 0.703)
    [temporal] Δq_max=0.035 rad  Δq_norm_rms=0.005  → direct quintic ✓
[staged]   → robot e: candidate 0.703 < current 0.705  ✗ rejected
[staged]   Ph2 robot d  zone 2  (uncovered: 13% of target)
    [temporal] λ=0.300  μ=100.0  δ_max=1.20 rad  dof=6
    init sampling: best coverage score 40.2px of uncovered area  (32 samples)
    stagnation restart #1 at iter 38  (IoU 0.705)
    stagnation restart #2 at iter 58  (IoU 0.706)
    stagnation restart #3 at iter 71  (IoU 0.706)
    stagnation restart #4 at iter 84  (IoU 0.706)
    stagnation restart #5 at iter 97  (IoU 0.706)
    stagnation restart #6 at iter 110  (IoU 0.706)
    [temporal] Δq_max=0.284 rad  Δq_norm_rms=0.026  → direct quintic ✓
[staged]   → robot d: candidate 0.705 < current 0.705  ✗ rejected
[staged]   Ph2 robot c  zone 4  (uncovered: 11% of target)
    [temporal] λ=0.300  μ=100.0  δ_max=1.20 rad  dof=6
    init sampling: best coverage score 42.5px of uncovered area  (32 samples)
    stagnation restart #1 at iter 64  (IoU 0.702)
    stagnation restart #2 at iter 77  (IoU 0.702)
    stagnation restart #3 at iter 90  (IoU 0.702)
    stagnation restart #4 at iter 103  (IoU 0.702)
    stagnation restart #5 at iter 116  (IoU 0.702)
    [temporal] Δq_max=0.211 rad  Δq_norm_rms=0.018  → direct quintic ✓
[staged]   → robot c: IoU 0.705 → 0.706  ✓
    ↑ new global best IoU 0.706  [phase Ph2 robot c]
[staged]   Ph2 robot b  zone 1  (uncovered: 13% of target)
    [temporal] λ=0.300  μ=100.0  δ_max=1.20 rad  dof=6
    init sampling: best coverage score 20.3px of uncovered area  (32 samples)
    stagnation restart #1 at iter 89  (IoU 0.702)  ICP δ=[11.720963554040429]°
    stagnation restart #2 at iter 102  (IoU 0.702)  ICP δ=[-11.720963554040429]°
    stagnation restart #3 at iter 115  (IoU 0.702)  ICP δ=[11.720963554040429]°
    [temporal] Δq_max=0.181 rad  Δq_norm_rms=0.023  → direct quintic ✓
[staged]   → robot b: IoU 0.706 → 0.707  ✓
    ↑ new global best IoU 0.707  [phase Ph2 robot b]
[staged]   Ph2 robot a  zone 3  (uncovered: 7% of target)
    [temporal] λ=0.300  μ=100.0  δ_max=1.20 rad  dof=6
    init sampling: best coverage score 18.4px of uncovered area  (32 samples)
    stagnation restart #1 at iter 16  (IoU 0.699)
    stagnation restart #2 at iter 76  (IoU 0.707)
    stagnation restart #3 at iter 89  (IoU 0.707)
    stagnation restart #4 at iter 102  (IoU 0.707)
    stagnation restart #5 at iter 115  (IoU 0.707)
    [temporal] Δq_max=0.134 rad  Δq_norm_rms=0.029  → direct quintic ✓
[staged]   → robot a: candidate 0.706 < current 0.707  ✗ rejected
[staged] Phase 2 done — composite IoU: 0.707

[staged] Best snapshot: Phase 2  IoU=0.707
[staged] Adaptive final budget: warm (0.707)  iters 256→141  popsize 192→192
[staged] Manifold final pass — computing Jacobian  (ε=0.020, 60 renders)
[staged] Manifold basis: k=12D / 30D  (variance≥85%, top eigenvalues: ['120196.23', '68708.70', '65976.59', '38318.43', '26939.58'])
    ↑ new global best IoU 0.709  [manifold final pass]
[staged] Manifold done — IoU: 0.709  (Δ=+0.002)  ✓
[staged] Done — final IoU: 0.709  loss: 0.2911
[staged] Displacement from prior:  global_max=0.179 rad
          robot_a: Δq_max=0.048 rad [direct ✓]
          robot_b: Δq_max=0.179 rad [direct ✓]
          robot_c: Δq_max=0.130 rad [direct ✓]
          robot_d: Δq_max=0.007 rad [direct ✓]
          robot_e: Δq_max=0.020 rad [direct ✓]

  ✓  IoU=0.709  loss=0.2911  evals=47946  time=35s

──────────────────────────────────────────────────────────────
  Frame 4/8 : f03.png
──────────────────────────────────────────────────────────────
[seq] Zone assignment reused  (sim=0.77 ≥ 0.7, saves 200 renders)
[seq] ICP warm-start rejected: IoU 0.624 → 0.620 (Δθ=-1.4°), using prev_q
[staged] Temporal continuity: Ph1/Ph2 weight=0.300  final weight=0.000  (curriculum: IoU-free final pass)
[staged] Prior quality: warm (0.624)  →  Ph1 sigma×0.70  iters×0.85  init_samples=16
[staged] Multi-res: Phase 1+2 at 64²px  Final at 128²px
[staged] Popsize: per-robot phases=32  final=192  (theory optimum for 6 DOF = 10)
[staged] Hungarian: reusing cached zone assignment  robot_a → zone 3  robot_b → zone 1  robot_c → zone 4  robot_d → zone 2  robot_e → zone 0

[staged] Phase 1 — forward greedy  (128 iters × 5 robot(s), sigma=0.40×0.70, popsize=32)
[staged]   Ph1 robot a  zone 3  (uncovered: 1% of target)
    voronoi warm-start: IoU 0.459 ≤ 0.610, kept current
    [temporal] λ=0.300  μ=100.0  δ_max=1.20 rad  dof=6
    init sampling: best coverage score 2.9px of uncovered area  (16 samples)
    stagnation restart #1 at iter 49  (IoU 0.621)
    stagnation restart #2 at iter 62  (IoU 0.621)
    stagnation restart #3 at iter 75  (IoU 0.621)
    stagnation restart #4 at iter 88  (IoU 0.621)
    [temporal] Δq_max=0.146 rad  Δq_norm_rms=0.032  → direct quintic ✓
[staged]   → robot a: candidate 0.624 < current 0.624  ✗ rejected
    ↑ new global best IoU 0.624  [phase Ph1 robot a]
[staged]   Ph1 robot b  zone 1  (uncovered: 16% of target)
    voronoi warm-start: IoU 0.442 ≤ 0.610, kept current
    [temporal] λ=0.300  μ=100.0  δ_max=1.20 rad  dof=6
    init sampling: best coverage score 25.7px of uncovered area  (16 samples)
    stagnation restart #1 at iter 83  (IoU 0.657)  ICP δ=[-7.045592818226694]°
    stagnation restart #2 at iter 96  (IoU 0.657)  ICP δ=[7.045592818226694]°
    [temporal] Δq_max=0.326 rad  Δq_norm_rms=0.026  → direct quintic ✓
[staged]   → robot b: IoU 0.624 → 0.667  ✓
    ↑ new global best IoU 0.667  [phase Ph1 robot b]
[staged]   Ph1 robot c  zone 4  (uncovered: 1% of target)
    voronoi warm-start: IoU 0.513 ≤ 0.658, kept current
    [temporal] λ=0.300  μ=100.0  δ_max=1.20 rad  dof=6
    init sampling: best coverage score 0.0px of uncovered area  (16 samples)
    stagnation restart #1 at iter 82  (IoU 0.707)
    stagnation restart #2 at iter 95  (IoU 0.707)
    [temporal] Δq_max=0.320 rad  Δq_norm_rms=0.029  → direct quintic ✓
[staged]   → robot c: IoU 0.667 → 0.700  ✓
    ↑ new global best IoU 0.700  [phase Ph1 robot c]
[staged]   Ph1 robot d  zone 2  (uncovered: 12% of target)
    voronoi warm-start: IoU 0.572 ≤ 0.703, kept current
    [temporal] λ=0.300  μ=100.0  δ_max=1.20 rad  dof=6
    init sampling: best coverage score 43.1px of uncovered area  (16 samples)
    stagnation restart #1 at iter 46  (IoU 0.699)
    stagnation restart #2 at iter 59  (IoU 0.699)
    stagnation restart #3 at iter 72  (IoU 0.699)
    stagnation restart #4 at iter 85  (IoU 0.699)
    [temporal] Δq_max=0.079 rad  Δq_norm_rms=0.016  → direct quintic ✓
[staged]   → robot d: candidate 0.699 < current 0.700  ✗ rejected
[staged]   Ph1 robot e  zone 0  (uncovered: 2% of target)
    voronoi warm-start: IoU 0.588 ≤ 0.703, kept current
    [temporal] λ=0.300  μ=100.0  δ_max=1.20 rad  dof=6
    init sampling: best coverage score 7.8px of uncovered area  (16 samples)
    stagnation restart #1 at iter 49  (IoU 0.706)
    stagnation restart #2 at iter 62  (IoU 0.706)
    stagnation restart #3 at iter 75  (IoU 0.706)
    stagnation restart #4 at iter 88  (IoU 0.706)
    [temporal] Δq_max=0.018 rad  Δq_norm_rms=0.002  → direct quintic ✓
[staged]   → robot e: candidate 0.699 < current 0.700  ✗ rejected
[staged] Phase 1 done — composite IoU: 0.700

[staged] Phase 2 — backward pass  (128 iters × 5 robots, sigma=0.260)
[staged]   contributions before Phase 2:
[staged]     robot a: +0.153 IoU
[staged]     robot b: +0.164 IoU
[staged]     robot c: +0.129 IoU
[staged]     robot d: +0.123 IoU
[staged]     robot e: +0.083 IoU
[staged]   Ph2 robot e  zone 0  (uncovered: 8% of target)
    [temporal] λ=0.300  μ=100.0  δ_max=1.20 rad  dof=6
    init sampling: best coverage score 14.6px of uncovered area  (32 samples)
    stagnation restart #1 at iter 60  (IoU 0.704)
    stagnation restart #2 at iter 73  (IoU 0.704)
    stagnation restart #3 at iter 86  (IoU 0.704)
    stagnation restart #4 at iter 99  (IoU 0.704)
    stagnation restart #5 at iter 112  (IoU 0.704)
    [temporal] Δq_max=0.015 rad  Δq_norm_rms=0.002  → direct quintic ✓
[staged]   → robot e: candidate 0.699 < current 0.700  ✗ rejected
[staged]   Ph2 robot d  zone 2  (uncovered: 12% of target)
    [temporal] λ=0.300  μ=100.0  δ_max=1.20 rad  dof=6
    init sampling: best coverage score 34.2px of uncovered area  (32 samples)
    stagnation restart #1 at iter 61  (IoU 0.708)
    stagnation restart #2 at iter 74  (IoU 0.708)
    stagnation restart #3 at iter 87  (IoU 0.708)
    stagnation restart #4 at iter 100  (IoU 0.708)
    stagnation restart #5 at iter 113  (IoU 0.708)
    [temporal] Δq_max=0.053 rad  Δq_norm_rms=0.012  → direct quintic ✓
[staged]   → robot d: candidate 0.699 < current 0.700  ✗ rejected
[staged]   Ph2 robot c  zone 4  (uncovered: 11% of target)
    [temporal] λ=0.300  μ=100.0  δ_max=1.20 rad  dof=6
    init sampling: best coverage score 36.4px of uncovered area  (32 samples)
    stagnation restart #1 at iter 71  (IoU 0.703)
    stagnation restart #2 at iter 84  (IoU 0.703)
    stagnation restart #3 at iter 97  (IoU 0.703)
    stagnation restart #4 at iter 110  (IoU 0.703)
    [temporal] Δq_max=0.307 rad  Δq_norm_rms=0.029  → direct quintic ✓
[staged]   → robot c: IoU 0.700 → 0.701  ✓
    ↑ new global best IoU 0.701  [phase Ph2 robot c]
[staged]   Ph2 robot b  zone 1  (uncovered: 12% of target)
    [temporal] λ=0.300  μ=100.0  δ_max=1.20 rad  dof=6
    init sampling: best coverage score 36.9px of uncovered area  (32 samples)
    stagnation restart #1 at iter 69  (IoU 0.702)
    stagnation restart #2 at iter 82  (IoU 0.702)
    stagnation restart #3 at iter 95  (IoU 0.702)
    stagnation restart #4 at iter 108  (IoU 0.702)
    [temporal] Δq_max=0.240 rad  Δq_norm_rms=0.020  → direct quintic ✓
[staged]   → robot b: IoU 0.701 → 0.702  ✓
    ↑ new global best IoU 0.702  [phase Ph2 robot b]
[staged]   Ph2 robot a  zone 3  (uncovered: 7% of target)
    [temporal] λ=0.300  μ=100.0  δ_max=1.20 rad  dof=6
    init sampling: best coverage score 14.0px of uncovered area  (32 samples)
    stagnation restart #1 at iter 68  (IoU 0.713)
    stagnation restart #2 at iter 81  (IoU 0.713)
    stagnation restart #3 at iter 94  (IoU 0.713)
    stagnation restart #4 at iter 107  (IoU 0.713)
    [temporal] Δq_max=0.116 rad  Δq_norm_rms=0.026  → direct quintic ✓
[staged]   → robot a: IoU 0.702 → 0.705  ✓
    ↑ new global best IoU 0.705  [phase Ph2 robot a]
[staged] Phase 2 done — composite IoU: 0.705

[staged] Best snapshot: Phase 2  IoU=0.705
[staged] Adaptive final budget: warm (0.705)  iters 256→141  popsize 192→192
[staged] Manifold final pass — computing Jacobian  (ε=0.020, 60 renders)
[staged] Manifold basis: k=11D / 30D  (variance≥85%, top eigenvalues: ['116539.98', '77235.51', '53338.16', '33718.16', '28393.80'])
    ↑ new global best IoU 0.715  [manifold final pass]
[staged] Manifold done — IoU: 0.715  (Δ=+0.010)  ✓
[staged] Done — final IoU: 0.715  loss: 0.2858
[staged] Displacement from prior:  global_max=0.258 rad
          robot_a: Δq_max=0.157 rad [direct ✓]
          robot_b: Δq_max=0.258 rad [direct ✓]
          robot_c: Δq_max=0.239 rad [direct ✓]
          robot_d: Δq_max=0.004 rad [direct ✓]
          robot_e: Δq_max=0.013 rad [direct ✓]

  ✓  IoU=0.715  loss=0.2858  evals=51018  time=35s

──────────────────────────────────────────────────────────────
  Frame 5/8 : f04.png
──────────────────────────────────────────────────────────────
[seq] Zone assignment reused  (sim=0.76 ≥ 0.7, saves 200 renders)
[staged] Temporal continuity: Ph1/Ph2 weight=0.300  final weight=0.000  (curriculum: IoU-free final pass)
[staged] Prior quality: warm (0.618)  →  Ph1 sigma×0.70  iters×0.85  init_samples=16
[staged] Multi-res: Phase 1+2 at 64²px  Final at 128²px
[staged] Popsize: per-robot phases=32  final=192  (theory optimum for 6 DOF = 10)
[staged] Hungarian: reusing cached zone assignment  robot_a → zone 3  robot_b → zone 1  robot_c → zone 4  robot_d → zone 2  robot_e → zone 0

[staged] Phase 1 — forward greedy  (128 iters × 5 robot(s), sigma=0.40×0.70, popsize=32)
[staged]   Ph1 robot a  zone 3  (uncovered: 1% of target)
    voronoi warm-start: IoU 0.460 ≤ 0.610, kept current
    [temporal] λ=0.300  μ=100.0  δ_max=1.20 rad  dof=6
    init sampling: best coverage score 3.4px of uncovered area  (16 samples)
    stagnation restart #1 at iter 86  (IoU 0.619)
    [temporal] Δq_max=0.151 rad  Δq_norm_rms=0.023  → direct quintic ✓
[staged]   → robot a: candidate 0.617 < current 0.618  ✗ rejected
    ↑ new global best IoU 0.618  [phase Ph1 robot a]
[staged]   Ph1 robot b  zone 1  (uncovered: 16% of target)
    voronoi warm-start: IoU 0.457 ≤ 0.610, kept current
    [temporal] λ=0.300  μ=100.0  δ_max=1.20 rad  dof=6
    init sampling: best coverage score 37.3px of uncovered area  (16 samples)
    stagnation restart #1 at iter 93  (IoU 0.661)
    [temporal] Δq_max=0.257 rad  Δq_norm_rms=0.035  → direct quintic ✓
[staged]   → robot b: IoU 0.618 → 0.670  ✓
    ↑ new global best IoU 0.670  [phase Ph1 robot b]
[staged]   Ph1 robot c  zone 4  (uncovered: 1% of target)
    voronoi warm-start: IoU 0.528 ≤ 0.666, kept current
    [temporal] λ=0.300  μ=100.0  δ_max=1.20 rad  dof=6
    init sampling: best coverage score 1.9px of uncovered area  (16 samples)
    stagnation restart #1 at iter 86  (IoU 0.716)
    [temporal] Δq_max=0.336 rad  Δq_norm_rms=0.030  → direct quintic ✓
[staged]   → robot c: IoU 0.670 → 0.713  ✓
    ↑ new global best IoU 0.713  [phase Ph1 robot c]
[staged]   Ph1 robot d  zone 2  (uncovered: 11% of target)
    voronoi warm-start: IoU 0.587 ≤ 0.712, kept current
    [temporal] λ=0.300  μ=100.0  δ_max=1.20 rad  dof=6
    init sampling: best coverage score 37.8px of uncovered area  (16 samples)
    stagnation restart #1 at iter 69  (IoU 0.711)  ICP δ=[-21.675912145595486]°
    stagnation restart #2 at iter 82  (IoU 0.711)  ICP δ=[21.675912145595486]°
    stagnation restart #3 at iter 95  (IoU 0.711)  ICP δ=[-21.675912145595486]°
    [temporal] Δq_max=0.113 rad  Δq_norm_rms=0.011  → direct quintic ✓
[staged]   → robot d: candidate 0.712 < current 0.713  ✗ rejected
[staged]   Ph1 robot e  zone 0  (uncovered: 5% of target)
    voronoi warm-start: IoU 0.639 ≤ 0.712, kept current
    [temporal] λ=0.300  μ=100.0  δ_max=1.20 rad  dof=6
    init sampling: best coverage score 6.4px of uncovered area  (16 samples)
    stagnation restart #1 at iter 36  (IoU 0.715)
    stagnation restart #2 at iter 49  (IoU 0.715)
    stagnation restart #3 at iter 62  (IoU 0.715)
    stagnation restart #4 at iter 75  (IoU 0.715)
    stagnation restart #5 at iter 88  (IoU 0.715)
    [temporal] Δq_max=0.010 rad  Δq_norm_rms=0.001  → direct quintic ✓
[staged]   → robot e: candidate 0.712 < current 0.713  ✗ rejected
[staged] Phase 1 done — composite IoU: 0.713

[staged] Phase 2 — backward pass  (128 iters × 5 robots, sigma=0.260)
[staged]   contributions before Phase 2:
[staged]     robot a: +0.158 IoU
[staged]     robot b: +0.180 IoU
[staged]     robot c: +0.145 IoU
[staged]     robot d: +0.128 IoU
[staged]     robot e: +0.073 IoU
[staged]   Ph2 robot e  zone 0  (uncovered: 5% of target)
    [temporal] λ=0.300  μ=100.0  δ_max=1.20 rad  dof=6
    init sampling: best coverage score 9.8px of uncovered area  (32 samples)
    stagnation restart #1 at iter 64  (IoU 0.712)
    stagnation restart #2 at iter 77  (IoU 0.712)
    stagnation restart #3 at iter 90  (IoU 0.712)
    stagnation restart #4 at iter 103  (IoU 0.712)
    stagnation restart #5 at iter 116  (IoU 0.712)
    [temporal] Δq_max=0.001 rad  Δq_norm_rms=0.000  → direct quintic ✓
[staged]   → robot e: IoU 0.713 → 0.713  ✓
[staged]   Ph2 robot d  zone 2  (uncovered: 11% of target)
    [temporal] λ=0.300  μ=100.0  δ_max=1.20 rad  dof=6
    init sampling: best coverage score 28.2px of uncovered area  (32 samples)
    stagnation restart #1 at iter 37  (IoU 0.713)  ICP δ=[-21.10190274872022]°
    stagnation restart #2 at iter 81  (IoU 0.715)  ICP δ=[21.10190274872022]°
    stagnation restart #3 at iter 94  (IoU 0.715)  ICP δ=[-21.10190274872022]°
    stagnation restart #4 at iter 107  (IoU 0.715)  ICP δ=[21.10190274872022]°
    [temporal] Δq_max=0.118 rad  Δq_norm_rms=0.011  → direct quintic ✓
[staged]   → robot d: candidate 0.713 < current 0.713  ✗ rejected
[staged]   Ph2 robot c  zone 4  (uncovered: 10% of target)
    [temporal] λ=0.300  μ=100.0  δ_max=1.20 rad  dof=6
    init sampling: best coverage score 26.1px of uncovered area  (32 samples)
    stagnation restart #1 at iter 86  (IoU 0.711)
    stagnation restart #2 at iter 99  (IoU 0.711)
    stagnation restart #3 at iter 112  (IoU 0.711)
    [temporal] Δq_max=0.251 rad  Δq_norm_rms=0.023  → direct quintic ✓
[staged]   → robot c: IoU 0.713 → 0.713  ✓
[staged]   Ph2 robot b  zone 1  (uncovered: 12% of target)
    [temporal] λ=0.300  μ=100.0  δ_max=1.20 rad  dof=6
    init sampling: best coverage score 47.2px of uncovered area  (32 samples)
    stagnation restart #1 at iter 72  (IoU 0.709)  ICP δ=[3.7733659606448677]°
    stagnation restart #2 at iter 85  (IoU 0.709)  ICP δ=[-3.7733659606448677]°
    stagnation restart #3 at iter 98  (IoU 0.709)  ICP δ=[3.7733659606448677]°
    stagnation restart #4 at iter 111  (IoU 0.709)  ICP δ=[-3.7733659606448677]°
    [temporal] Δq_max=0.207 rad  Δq_norm_rms=0.025  → direct quintic ✓
[staged]   → robot b: candidate 0.709 < current 0.713  ✗ rejected
[staged]   Ph2 robot a  zone 3  (uncovered: 6% of target)
    [temporal] λ=0.300  μ=100.0  δ_max=1.20 rad  dof=6
    init sampling: best coverage score 10.9px of uncovered area  (32 samples)
    stagnation restart #1 at iter 79  (IoU 0.724)
    stagnation restart #2 at iter 92  (IoU 0.724)
    stagnation restart #3 at iter 105  (IoU 0.724)
    [temporal] Δq_max=0.128 rad  Δq_norm_rms=0.018  → direct quintic ✓
[staged]   → robot a: IoU 0.713 → 0.716  ✓
    ↑ new global best IoU 0.716  [phase Ph2 robot a]
[staged] Phase 2 done — composite IoU: 0.716

[staged] Best snapshot: Phase 2  IoU=0.716
[staged] Adaptive final budget: warm (0.716)  iters 256→141  popsize 192→192
[staged] Manifold final pass — computing Jacobian  (ε=0.020, 60 renders)
[staged] Manifold basis: k=9D / 30D  (variance≥85%, top eigenvalues: ['125681.72', '73888.55', '67780.26', '37358.57', '27784.41'])
    ↑ new global best IoU 0.724  [manifold final pass]
[staged] Manifold done — IoU: 0.724  (Δ=+0.007)  ✓
[staged] Done — final IoU: 0.724  loss: 0.2765
[staged] Displacement from prior:  global_max=0.263 rad
          robot_a: Δq_max=0.133 rad [direct ✓]
          robot_b: Δq_max=0.206 rad [direct ✓]
          robot_c: Δq_max=0.263 rad [direct ✓]
          robot_d: Δq_max=0.001 rad [direct ✓]
          robot_e: Δq_max=0.001 rad [direct ✓]

  ✓  IoU=0.724  loss=0.2765  evals=45642  time=31s

──────────────────────────────────────────────────────────────
  Frame 6/8 : f05.png
──────────────────────────────────────────────────────────────
[seq] Zone assignment reused  (sim=0.76 ≥ 0.7, saves 200 renders)
[staged] Temporal continuity: Ph1/Ph2 weight=0.300  final weight=0.000  (curriculum: IoU-free final pass)
[staged] Prior quality: warm (0.615)  →  Ph1 sigma×0.70  iters×0.85  init_samples=16
[staged] Multi-res: Phase 1+2 at 64²px  Final at 128²px
[staged] Popsize: per-robot phases=32  final=192  (theory optimum for 6 DOF = 10)
[staged] Hungarian: reusing cached zone assignment  robot_a → zone 3  robot_b → zone 1  robot_c → zone 4  robot_d → zone 2  robot_e → zone 0

[staged] Phase 1 — forward greedy  (128 iters × 5 robot(s), sigma=0.40×0.70, popsize=32)
[staged]   Ph1 robot a  zone 3  (uncovered: 0% of target)
    voronoi warm-start: IoU 0.457 ≤ 0.610, kept current
    [temporal] λ=0.300  μ=100.0  δ_max=1.20 rad  dof=6
    init sampling: best coverage score 2.5px of uncovered area  (16 samples)
    stagnation restart #1 at iter 42  (IoU 0.615)
    stagnation restart #2 at iter 55  (IoU 0.615)
    stagnation restart #3 at iter 68  (IoU 0.615)
    stagnation restart #4 at iter 81  (IoU 0.615)
    stagnation restart #5 at iter 94  (IoU 0.615)
    [temporal] Δq_max=0.138 rad  Δq_norm_rms=0.025  → direct quintic ✓
[staged]   → robot a: candidate 0.614 < current 0.615  ✗ rejected
    ↑ new global best IoU 0.615  [phase Ph1 robot a]
[staged]   Ph1 robot b  zone 1  (uncovered: 0% of target)
    voronoi warm-start: IoU 0.455 ≤ 0.610, kept current
    [temporal] λ=0.300  μ=100.0  δ_max=1.20 rad  dof=6
    init sampling: best coverage score 1.9px of uncovered area  (16 samples)
    stagnation restart #1 at iter 89  (IoU 0.657)
    [temporal] Δq_max=0.204 rad  Δq_norm_rms=0.029  → direct quintic ✓
[staged]   → robot b: IoU 0.615 → 0.664  ✓
    ↑ new global best IoU 0.664  [phase Ph1 robot b]
[staged]   Ph1 robot c  zone 4  (uncovered: 2% of target)
    voronoi warm-start: IoU 0.515 ≤ 0.663, kept current
    [temporal] λ=0.300  μ=100.0  δ_max=1.20 rad  dof=6
    init sampling: best coverage score 5.9px of uncovered area  (16 samples)
    stagnation restart #1 at iter 70  (IoU 0.716)
    stagnation restart #2 at iter 83  (IoU 0.716)
    stagnation restart #3 at iter 96  (IoU 0.716)
    [temporal] Δq_max=0.331 rad  Δq_norm_rms=0.029  → direct quintic ✓
[staged]   → robot c: IoU 0.664 → 0.709  ✓
    ↑ new global best IoU 0.709  [phase Ph1 robot c]
[staged]   Ph1 robot d  zone 2  (uncovered: 12% of target)
    voronoi warm-start: IoU 0.575 ≤ 0.712, kept current
    [temporal] λ=0.300  μ=100.0  δ_max=1.20 rad  dof=6
    init sampling: best coverage score 41.1px of uncovered area  (16 samples)
    stagnation restart #1 at iter 73  (IoU 0.711)  ICP δ=[-3.3291671739941178]°
    stagnation restart #2 at iter 86  (IoU 0.711)  ICP δ=[3.3291671739941178]°
    [temporal] Δq_max=0.224 rad  Δq_norm_rms=0.017  → direct quintic ✓
[staged]   → robot d: IoU 0.709 → 0.711  ✓
    ↑ new global best IoU 0.711  [phase Ph1 robot d]
[staged]   Ph1 robot e  zone 0  (uncovered: 5% of target)
    voronoi warm-start: IoU 0.633 ≤ 0.717, kept current
    [temporal] λ=0.300  μ=100.0  δ_max=1.20 rad  dof=6
    init sampling: best coverage score 9.7px of uncovered area  (16 samples)
    stagnation restart #1 at iter 58  (IoU 0.720)
    stagnation restart #2 at iter 71  (IoU 0.720)
    stagnation restart #3 at iter 84  (IoU 0.720)
    stagnation restart #4 at iter 97  (IoU 0.720)
    [temporal] Δq_max=0.001 rad  Δq_norm_rms=0.000  → direct quintic ✓
[staged]   → robot e: IoU 0.711 → 0.711  ✓
[staged] Phase 1 done — composite IoU: 0.711

[staged] Phase 2 — backward pass  (128 iters × 5 robots, sigma=0.260)
[staged]   contributions before Phase 2:
[staged]     robot a: +0.160 IoU
[staged]     robot b: +0.173 IoU
[staged]     robot c: +0.145 IoU
[staged]     robot d: +0.131 IoU
[staged]     robot e: +0.072 IoU
[staged]   Ph2 robot e  zone 0  (uncovered: 5% of target)
    [temporal] λ=0.300  μ=100.0  δ_max=1.20 rad  dof=6
    init sampling: best coverage score 9.3px of uncovered area  (32 samples)
    stagnation restart #1 at iter 56  (IoU 0.717)
    stagnation restart #2 at iter 69  (IoU 0.717)
    stagnation restart #3 at iter 82  (IoU 0.717)
    stagnation restart #4 at iter 95  (IoU 0.717)
    stagnation restart #5 at iter 108  (IoU 0.717)
    [temporal] Δq_max=0.001 rad  Δq_norm_rms=0.000  → direct quintic ✓
[staged]   → robot e: IoU 0.711 → 0.711  ✓
[staged]   Ph2 robot d  zone 2  (uncovered: 12% of target)
    [temporal] λ=0.300  μ=100.0  δ_max=1.20 rad  dof=6
    init sampling: best coverage score 33.2px of uncovered area  (32 samples)
    stagnation restart #1 at iter 69  (IoU 0.717)  ICP δ=[-5.089721352423803]°
    stagnation restart #2 at iter 82  (IoU 0.717)  ICP δ=[5.089721352423803]°
    stagnation restart #3 at iter 95  (IoU 0.717)  ICP δ=[-5.089721352423803]°
    stagnation restart #4 at iter 108  (IoU 0.717)  ICP δ=[5.089721352423803]°
    [temporal] Δq_max=0.050 rad  Δq_norm_rms=0.011  → direct quintic ✓
[staged]   → robot d: candidate 0.708 < current 0.711  ✗ rejected
[staged]   Ph2 robot c  zone 4  (uncovered: 11% of target)
    [temporal] λ=0.300  μ=100.0  δ_max=1.20 rad  dof=6
    init sampling: best coverage score 26.3px of uncovered area  (32 samples)
    stagnation restart #1 at iter 74  (IoU 0.717)
    stagnation restart #2 at iter 87  (IoU 0.717)
    stagnation restart #3 at iter 100  (IoU 0.717)
    stagnation restart #4 at iter 113  (IoU 0.717)
    [temporal] Δq_max=0.258 rad  Δq_norm_rms=0.024  → direct quintic ✓
[staged]   → robot c: IoU 0.711 → 0.711  ✓
    ↑ new global best IoU 0.711  [phase Ph2 robot c]
[staged]   Ph2 robot b  zone 1  (uncovered: 13% of target)
    [temporal] λ=0.300  μ=100.0  δ_max=1.20 rad  dof=6
    init sampling: best coverage score 38.8px of uncovered area  (32 samples)
    stagnation restart #1 at iter 60  (IoU 0.719)
    stagnation restart #2 at iter 73  (IoU 0.719)
    stagnation restart #3 at iter 86  (IoU 0.719)
    stagnation restart #4 at iter 99  (IoU 0.719)
    stagnation restart #5 at iter 112  (IoU 0.719)
    [temporal] Δq_max=0.246 rad  Δq_norm_rms=0.034  → direct quintic ✓
[staged]   → robot b: IoU 0.711 → 0.717  ✓
    ↑ new global best IoU 0.717  [phase Ph2 robot b]
[staged]   Ph2 robot a  zone 3  (uncovered: 8% of target)
    [temporal] λ=0.300  μ=100.0  δ_max=1.20 rad  dof=6
    init sampling: best coverage score 13.5px of uncovered area  (32 samples)
    stagnation restart #1 at iter 26  (IoU 0.701)
    stagnation restart #2 at iter 87  (IoU 0.727)
    stagnation restart #3 at iter 100  (IoU 0.727)
    stagnation restart #4 at iter 113  (IoU 0.727)
    [temporal] Δq_max=0.095 rad  Δq_norm_rms=0.019  → direct quintic ✓
[staged]   → robot a: IoU 0.717 → 0.722  ✓
    ↑ new global best IoU 0.722  [phase Ph2 robot a]
[staged] Phase 2 done — composite IoU: 0.722

[staged] Best snapshot: Phase 2  IoU=0.722
[staged] Adaptive final budget: warm (0.722)  iters 256→141  popsize 192→192
[staged] Manifold final pass — computing Jacobian  (ε=0.020, 60 renders)
[staged] Manifold basis: k=9D / 30D  (variance≥85%, top eigenvalues: ['100273.60', '63337.76', '55965.23', '35425.09', '28543.60'])
    ↑ new global best IoU 0.729  [manifold final pass]
[staged] Manifold done — IoU: 0.729  (Δ=+0.007)  ✓
[staged] Done — final IoU: 0.729  loss: 0.2712
[staged] Displacement from prior:  global_max=0.283 rad
          robot_a: Δq_max=0.101 rad [direct ✓]
          robot_b: Δq_max=0.234 rad [direct ✓]
          robot_c: Δq_max=0.283 rad [direct ✓]
          robot_d: Δq_max=0.223 rad [direct ✓]
          robot_e: Δq_max=0.001 rad [direct ✓]

  ✓  IoU=0.729  loss=0.2712  evals=46602  time=32s

──────────────────────────────────────────────────────────────
  Frame 7/8 : f06.png
──────────────────────────────────────────────────────────────
[seq] Zone assignment reused  (sim=0.77 ≥ 0.7, saves 200 renders)
[staged] Temporal continuity: Ph1/Ph2 weight=0.300  final weight=0.000  (curriculum: IoU-free final pass)
[staged] Prior quality: warm (0.634)  →  Ph1 sigma×0.70  iters×0.85  init_samples=16
[staged] Multi-res: Phase 1+2 at 64²px  Final at 128²px
[staged] Popsize: per-robot phases=32  final=192  (theory optimum for 6 DOF = 10)
[staged] Hungarian: reusing cached zone assignment  robot_a → zone 3  robot_b → zone 1  robot_c → zone 4  robot_d → zone 2  robot_e → zone 0

[staged] Phase 1 — forward greedy  (128 iters × 5 robot(s), sigma=0.40×0.70, popsize=32)
[staged]   Ph1 robot a  zone 3  (uncovered: 1% of target)
    voronoi warm-start: IoU 0.465 ≤ 0.624, kept current
    [temporal] λ=0.300  μ=100.0  δ_max=1.20 rad  dof=6
    init sampling: best coverage score 4.4px of uncovered area  (16 samples)
    stagnation restart #1 at iter 64  (IoU 0.633)
    stagnation restart #2 at iter 77  (IoU 0.633)
    stagnation restart #3 at iter 90  (IoU 0.633)
    [temporal] Δq_max=0.053 rad  Δq_norm_rms=0.007  → direct quintic ✓
[staged]   → robot a: candidate 0.633 < current 0.634  ✗ rejected
    ↑ new global best IoU 0.634  [phase Ph1 robot a]
[staged]   Ph1 robot b  zone 1  (uncovered: 1% of target)
    voronoi warm-start: IoU 0.440 ≤ 0.624, kept current
    [temporal] λ=0.300  μ=100.0  δ_max=1.20 rad  dof=6
    init sampling: best coverage score 5.1px of uncovered area  (16 samples)
    stagnation restart #1 at iter 60  (IoU 0.657)
    stagnation restart #2 at iter 73  (IoU 0.657)
    [temporal] Δq_max=0.155 rad  Δq_norm_rms=0.022  → direct quintic ✓
[staged]   → robot b: IoU 0.634 → 0.671  ✓
    ↑ new global best IoU 0.671  [phase Ph1 robot b]
[staged]   Ph1 robot c  zone 4  (uncovered: 2% of target)
    voronoi warm-start: IoU 0.516 ≤ 0.665, kept current
    [temporal] λ=0.300  μ=100.0  δ_max=1.20 rad  dof=6
    init sampling: best coverage score 6.3px of uncovered area  (16 samples)
    stagnation restart #1 at iter 71  (IoU 0.718)
    stagnation restart #2 at iter 84  (IoU 0.718)
    stagnation restart #3 at iter 97  (IoU 0.718)
    [temporal] Δq_max=0.198 rad  Δq_norm_rms=0.018  → direct quintic ✓
[staged]   → robot c: IoU 0.671 → 0.716  ✓
    ↑ new global best IoU 0.716  [phase Ph1 robot c]
[staged]   Ph1 robot d  zone 2  (uncovered: 16% of target)
    voronoi warm-start: IoU 0.566 ≤ 0.715, kept current
    [temporal] λ=0.300  μ=100.0  δ_max=1.20 rad  dof=6
    init sampling: best coverage score 46.2px of uncovered area  (16 samples)
    stagnation restart #1 at iter 74  (IoU 0.711)
    stagnation restart #2 at iter 87  (IoU 0.711)
    [temporal] Δq_max=0.049 rad  Δq_norm_rms=0.004  → direct quintic ✓
[staged]   → robot d: IoU 0.716 → 0.716  ✓
    ↑ new global best IoU 0.716  [phase Ph1 robot d]
[staged]   Ph1 robot e  zone 0  (uncovered: 7% of target)
    voronoi warm-start: IoU 0.601 ≤ 0.715, kept current
    [temporal] λ=0.300  μ=100.0  δ_max=1.20 rad  dof=6
    init sampling: best coverage score 13.2px of uncovered area  (16 samples)
    stagnation restart #1 at iter 56  (IoU 0.717)
    stagnation restart #2 at iter 69  (IoU 0.717)
    stagnation restart #3 at iter 82  (IoU 0.717)
    stagnation restart #4 at iter 95  (IoU 0.717)
    [temporal] Δq_max=0.003 rad  Δq_norm_rms=0.001  → direct quintic ✓
[staged]   → robot e: IoU 0.716 → 0.716  ✓
[staged] Phase 1 done — composite IoU: 0.716

[staged] Phase 2 — backward pass  (128 iters × 5 robots, sigma=0.260)
[staged]   contributions before Phase 2:
[staged]     robot a: +0.167 IoU
[staged]     robot b: +0.180 IoU
[staged]     robot c: +0.155 IoU
[staged]     robot d: +0.146 IoU
[staged]     robot e: +0.073 IoU
[staged]   Ph2 robot e  zone 0  (uncovered: 7% of target)
    [temporal] λ=0.300  μ=100.0  δ_max=1.20 rad  dof=6
    init sampling: best coverage score 9.3px of uncovered area  (32 samples)
    stagnation restart #1 at iter 42  (IoU 0.715)
    stagnation restart #2 at iter 55  (IoU 0.715)
    stagnation restart #3 at iter 68  (IoU 0.715)
    stagnation restart #4 at iter 81  (IoU 0.715)
    stagnation restart #5 at iter 94  (IoU 0.715)
    stagnation restart #6 at iter 107  (IoU 0.715)
    [temporal] Δq_max=0.008 rad  Δq_norm_rms=0.001  → direct quintic ✓
[staged]   → robot e: IoU 0.716 → 0.716  ✓
[staged]   Ph2 robot d  zone 2  (uncovered: 16% of target)
    [temporal] λ=0.300  μ=100.0  δ_max=1.20 rad  dof=6
    init sampling: best coverage score 39.1px of uncovered area  (32 samples)
    stagnation restart #1 at iter 18  (IoU 0.652)
    stagnation restart #2 at iter 44  (IoU 0.714)
    stagnation restart #3 at iter 80  (IoU 0.715)
    stagnation restart #4 at iter 93  (IoU 0.715)
    stagnation restart #5 at iter 106  (IoU 0.715)
    [temporal] Δq_max=0.045 rad  Δq_norm_rms=0.004  → direct quintic ✓
[staged]   → robot d: candidate 0.716 < current 0.716  ✗ rejected
[staged]   Ph2 robot c  zone 4  (uncovered: 12% of target)
    [temporal] λ=0.300  μ=100.0  δ_max=1.20 rad  dof=6
    init sampling: best coverage score 33.3px of uncovered area  (32 samples)
    stagnation restart #1 at iter 76  (IoU 0.714)
    stagnation restart #2 at iter 89  (IoU 0.714)
    stagnation restart #3 at iter 102  (IoU 0.714)
    stagnation restart #4 at iter 115  (IoU 0.714)
    [temporal] Δq_max=0.221 rad  Δq_norm_rms=0.020  → direct quintic ✓
[staged]   → robot c: candidate 0.715 < current 0.716  ✗ rejected
[staged]   Ph2 robot b  zone 1  (uncovered: 13% of target)
    [temporal] λ=0.300  μ=100.0  δ_max=1.20 rad  dof=6
    init sampling: best coverage score 21.9px of uncovered area  (32 samples)
    stagnation restart #1 at iter 67  (IoU 0.720)  ICP δ=[3.238152907425122]°
    stagnation restart #2 at iter 80  (IoU 0.720)  ICP δ=[-3.238152907425122]°
    stagnation restart #3 at iter 93  (IoU 0.720)  ICP δ=[3.238152907425122]°
    stagnation restart #4 at iter 106  (IoU 0.720)  ICP δ=[-3.238152907425122]°
    [temporal] Δq_max=0.156 rad  Δq_norm_rms=0.039  → direct quintic ✓
[staged]   → robot b: IoU 0.716 → 0.722  ✓
    ↑ new global best IoU 0.722  [phase Ph2 robot b]
[staged]   Ph2 robot a  zone 3  (uncovered: 9% of target)
    [temporal] λ=0.300  μ=100.0  δ_max=1.20 rad  dof=6
    init sampling: best coverage score 17.1px of uncovered area  (32 samples)
    stagnation restart #1 at iter 68  (IoU 0.733)
    stagnation restart #2 at iter 81  (IoU 0.733)
    stagnation restart #3 at iter 94  (IoU 0.733)
    stagnation restart #4 at iter 107  (IoU 0.733)
    [temporal] Δq_max=0.160 rad  Δq_norm_rms=0.025  → direct quintic ✓
[staged]   → robot a: IoU 0.722 → 0.727  ✓
    ↑ new global best IoU 0.727  [phase Ph2 robot a]
[staged] Phase 2 done — composite IoU: 0.727

[staged] Best snapshot: Phase 2  IoU=0.727
[staged] Adaptive final budget: warm (0.727)  iters 256→141  popsize 192→192
[staged] Manifold final pass — computing Jacobian  (ε=0.020, 60 renders)
[staged] Manifold basis: k=9D / 30D  (variance≥85%, top eigenvalues: ['95650.49', '75257.02', '52818.63', '35947.33', '33905.66'])
    ↑ new global best IoU 0.736  [manifold final pass]
[staged] Manifold done — IoU: 0.736  (Δ=+0.009)  ✓
[staged] Done — final IoU: 0.736  loss: 0.2641
[staged] Displacement from prior:  global_max=0.204 rad
          robot_a: Δq_max=0.160 rad [direct ✓]
          robot_b: Δq_max=0.152 rad [direct ✓]
          robot_c: Δq_max=0.204 rad [direct ✓]
          robot_d: Δq_max=0.048 rad [direct ✓]
          robot_e: Δq_max=0.008 rad [direct ✓]

  ✓  IoU=0.736  loss=0.2641  evals=46986  time=32s

──────────────────────────────────────────────────────────────
  Frame 8/8 : f07.png
──────────────────────────────────────────────────────────────
[seq] Zone assignment reused  (sim=0.76 ≥ 0.7, saves 200 renders)
[staged] Temporal continuity: Ph1/Ph2 weight=0.300  final weight=0.000  (curriculum: IoU-free final pass)
[staged] Prior quality: warm (0.649)  →  Ph1 sigma×0.70  iters×0.85  init_samples=16
[staged] Multi-res: Phase 1+2 at 64²px  Final at 128²px
[staged] Popsize: per-robot phases=32  final=192  (theory optimum for 6 DOF = 10)
[staged] Hungarian: reusing cached zone assignment  robot_a → zone 3  robot_b → zone 1  robot_c → zone 4  robot_d → zone 2  robot_e → zone 0

[staged] Phase 1 — forward greedy  (128 iters × 5 robot(s), sigma=0.40×0.70, popsize=32)
[staged]   Ph1 robot a  zone 3  (uncovered: 1% of target)
    voronoi warm-start: IoU 0.470 ≤ 0.638, kept current
    [temporal] λ=0.300  μ=100.0  δ_max=1.20 rad  dof=6
    init sampling: best coverage score 5.4px of uncovered area  (16 samples)
    stagnation restart #1 at iter 78  (IoU 0.646)
    stagnation restart #2 at iter 91  (IoU 0.646)
    [temporal] Δq_max=0.147 rad  Δq_norm_rms=0.011  → direct quintic ✓
[staged]   → robot a: candidate 0.646 < current 0.649  ✗ rejected
    ↑ new global best IoU 0.649  [phase Ph1 robot a]
[staged]   Ph1 robot b  zone 1  (uncovered: 3% of target)
    voronoi warm-start: IoU 0.455 ≤ 0.638, kept current
    [temporal] λ=0.300  μ=100.0  δ_max=1.20 rad  dof=6
    init sampling: best coverage score 14.2px of uncovered area  (16 samples)
    [temporal] Δq_max=0.146 rad  Δq_norm_rms=0.029  → direct quintic ✓
[staged]   → robot b: IoU 0.649 → 0.697  ✓
    ↑ new global best IoU 0.697  [phase Ph1 robot b]
[staged]   Ph1 robot c  zone 4  (uncovered: 2% of target)
    voronoi warm-start: IoU 0.532 ≤ 0.691, kept current
    [temporal] λ=0.300  μ=100.0  δ_max=1.20 rad  dof=6
    init sampling: best coverage score 8.2px of uncovered area  (16 samples)
    stagnation restart #1 at iter 59  (IoU 0.743)
    stagnation restart #2 at iter 72  (IoU 0.743)
    stagnation restart #3 at iter 85  (IoU 0.743)
    [temporal] Δq_max=0.177 rad  Δq_norm_rms=0.016  → direct quintic ✓
[staged]   → robot c: IoU 0.697 → 0.734  ✓
    ↑ new global best IoU 0.734  [phase Ph1 robot c]
[staged]   Ph1 robot d  zone 2  (uncovered: 0% of target)
    voronoi warm-start: IoU 0.587 ≤ 0.739, kept current
    [temporal] λ=0.300  μ=100.0  δ_max=1.20 rad  dof=6
    init sampling: best coverage score 1.6px of uncovered area  (16 samples)
    stagnation restart #1 at iter 73  (IoU 0.737)
    stagnation restart #2 at iter 86  (IoU 0.737)
    [temporal] Δq_max=0.036 rad  Δq_norm_rms=0.007  → direct quintic ✓
[staged]   → robot d: candidate 0.732 < current 0.734  ✗ rejected
[staged]   Ph1 robot e  zone 0  (uncovered: 7% of target)
    voronoi warm-start: IoU 0.618 ≤ 0.739, kept current
    [temporal] λ=0.300  μ=100.0  δ_max=1.20 rad  dof=6
    init sampling: best coverage score 12.7px of uncovered area  (16 samples)
    stagnation restart #1 at iter 48  (IoU 0.742)
    stagnation restart #2 at iter 61  (IoU 0.742)
    stagnation restart #3 at iter 74  (IoU 0.742)
    stagnation restart #4 at iter 87  (IoU 0.742)
    [temporal] Δq_max=0.003 rad  Δq_norm_rms=0.001  → direct quintic ✓
[staged]   → robot e: IoU 0.734 → 0.734  ✓
[staged] Phase 1 done — composite IoU: 0.734

[staged] Phase 2 — backward pass  (128 iters × 5 robots, sigma=0.260)
[staged]   contributions before Phase 2:
[staged]     robot a: +0.177 IoU
[staged]     robot b: +0.192 IoU
[staged]     robot c: +0.158 IoU
[staged]     robot d: +0.164 IoU
[staged]     robot e: +0.080 IoU
[staged]   Ph2 robot e  zone 0  (uncovered: 7% of target)
    [temporal] λ=0.300  μ=100.0  δ_max=1.20 rad  dof=6
    init sampling: best coverage score 10.1px of uncovered area  (32 samples)
    stagnation restart #1 at iter 40  (IoU 0.739)
    stagnation restart #2 at iter 53  (IoU 0.739)
    stagnation restart #3 at iter 66  (IoU 0.739)
    stagnation restart #4 at iter 79  (IoU 0.739)
    stagnation restart #5 at iter 92  (IoU 0.739)
    stagnation restart #6 at iter 105  (IoU 0.739)
    [temporal] Δq_max=0.010 rad  Δq_norm_rms=0.002  → direct quintic ✓
[staged]   → robot e: IoU 0.734 → 0.734  ✓
[staged]   Ph2 robot d  zone 2  (uncovered: 16% of target)
    [temporal] λ=0.300  μ=100.0  δ_max=1.20 rad  dof=6
    init sampling: best coverage score 46.1px of uncovered area  (32 samples)
    stagnation restart #1 at iter 45  (IoU 0.740)
    stagnation restart #2 at iter 58  (IoU 0.740)
    stagnation restart #3 at iter 101  (IoU 0.741)
    stagnation restart #4 at iter 114  (IoU 0.741)
    [temporal] Δq_max=0.044 rad  Δq_norm_rms=0.006  → direct quintic ✓
[staged]   → robot d: candidate 0.732 < current 0.734  ✗ rejected
[staged]   Ph2 robot c  zone 4  (uncovered: 12% of target)
    [temporal] λ=0.300  μ=100.0  δ_max=1.20 rad  dof=6
    init sampling: best coverage score 28.0px of uncovered area  (32 samples)
    stagnation restart #1 at iter 69  (IoU 0.740)
    stagnation restart #2 at iter 82  (IoU 0.740)
    stagnation restart #3 at iter 95  (IoU 0.740)
    stagnation restart #4 at iter 108  (IoU 0.740)
    [temporal] Δq_max=0.152 rad  Δq_norm_rms=0.013  → direct quintic ✓
[staged]   → robot c: candidate 0.732 < current 0.734  ✗ rejected
[staged]   Ph2 robot b  zone 1  (uncovered: 13% of target)
    [temporal] λ=0.300  μ=100.0  δ_max=1.20 rad  dof=6
    init sampling: best coverage score 25.0px of uncovered area  (32 samples)
    stagnation restart #1 at iter 72  (IoU 0.739)
    stagnation restart #2 at iter 85  (IoU 0.739)
    stagnation restart #3 at iter 98  (IoU 0.739)
    stagnation restart #4 at iter 111  (IoU 0.739)
    [temporal] Δq_max=0.169 rad  Δq_norm_rms=0.036  → direct quintic ✓
[staged]   → robot b: IoU 0.734 → 0.737  ✓
    ↑ new global best IoU 0.737  [phase Ph2 robot b]
[staged]   Ph2 robot a  zone 3  (uncovered: 8% of target)
    [temporal] λ=0.300  μ=100.0  δ_max=1.20 rad  dof=6
    init sampling: best coverage score 13.2px of uncovered area  (32 samples)
    stagnation restart #1 at iter 28  (IoU 0.737)
    stagnation restart #2 at iter 75  (IoU 0.751)
    stagnation restart #3 at iter 88  (IoU 0.751)
    stagnation restart #4 at iter 101  (IoU 0.751)
    stagnation restart #5 at iter 114  (IoU 0.751)
    [temporal] Δq_max=0.164 rad  Δq_norm_rms=0.013  → direct quintic ✓
[staged]   → robot a: candidate 0.735 < current 0.737  ✗ rejected
[staged] Phase 2 done — composite IoU: 0.737

[staged] Best snapshot: Phase 2  IoU=0.737
[staged] Adaptive final budget: warm (0.737)  iters 256→141  popsize 192→192
[staged] Manifold final pass — computing Jacobian  (ε=0.020, 60 renders)
[staged] Manifold basis: k=9D / 30D  (variance≥85%, top eigenvalues: ['101980.36', '95590.11', '55459.42', '34659.18', '34414.27'])
    ↑ new global best IoU 0.751  [manifold final pass]
[staged] Manifold done — IoU: 0.751  (Δ=+0.015)  ✓
[staged] Done — final IoU: 0.751  loss: 0.2490
[staged] Displacement from prior:  global_max=0.198 rad
          robot_a: Δq_max=0.028 rad [direct ✓]
          robot_b: Δq_max=0.164 rad [direct ✓]
          robot_c: Δq_max=0.198 rad [direct ✓]
          robot_d: Δq_max=0.000 rad [direct ✓]
          robot_e: Δq_max=0.010 rad [direct ✓]
[loop] wrap already reachable (44.3 deg) — closure not needed

  ✓  IoU=0.751  loss=0.2490  evals=47754  time=33s


==============================================================
  Summary  (8 frames, 5 robots, ts=20260902_033658)
==============================================================
  #    Target                        IoU   Evals   Surr    Time
  ---- -------------------------- ------  ------  -----  ------
  1    f00.png                     0.722   50186     0%     39s
  2    f01.png                     0.721   46986     0%     37s
  3    f02.png                     0.709   47946     0%     35s
  4    f03.png                     0.715   51018     0%     35s
  5    f04.png                     0.724   45642     0%     32s
  6    f05.png                     0.729   46602     0%     32s
  7    f06.png                     0.736   46986     0%     32s
  8    f07.png                     0.751   47754     0%     33s
  ──── ────────────────────────── ──────
  avg                              0.726                   275s
==============================================================

Summary   : ../../umbra-bench/optimized/two_arm_wave_n5\summary_20260902_033658.json
CSV       : ../../umbra-bench/optimized/two_arm_wave_n5\summary_20260902_033658.csv
Deploy    : mjpython deploy.py --urdf urdf/SO101/so101_new_calib.urdf --ts 20260902_033658 --results-dir ../../umbra-bench/optimized/two_arm_wave_n5

