==============================================================
  run_sequence.py  —  8 frame(s)  ×  3 robot(s)
  Timestamp : 20260902_033420
  URDF      : urdf/SO101/so101_new_calib.urdf
  Output    : ../../umbra-bench/optimized/stick_wave
  Loss      : α=1.0 β=0.3 γ=0.0 γ_final=0.0 δ=0.0
  Budget    : Ph1=128×3  Ph2=128×3  Final=256  pop=192
  Multi-res : Ph1+2@64px → Final@128px
  Hungarian : reuse if sim≥0.7
==============================================================

[1/3] Building MuJoCo scene...
[scene] so101 ×3: light_y=1.00 wall_y=-2.40 throw=3.40m table_len=0.40m | magnification 2.4x–3.4x
      3 robots  |  18 DOF  |  built in 0.5s  (saved 4s vs per-frame rebuild)

[2/3] Optimizing 8 frame(s)...

[reach] cached → reach_20b4e1e1b3b47664.npz
[fit] castability 0.087 → 0.104  (scale 0.735, dy +16.5px, dx -8.2px, clip 0.0%)
[fit] clip transform {'scale': 0.7346, 'dy': 16.46, 'dx': -8.23, 'rot': 0.0, 'score': 0.1038, 'clip_frac': 0.00031, 'touches_edge': False, 'at_bound': False}  uncastable 4.1% → 11.8%

──────────────────────────────────────────────────────────────
  Frame 1/8 : f00.png
──────────────────────────────────────────────────────────────
[staged] Multi-res: Phase 1+2 at 64²px  Final at 128²px
[staged] Popsize: per-robot phases=32  final=192  (theory optimum for 6 DOF = 10)

[staged] Hungarian pre-assignment  (3×3 cost matrix, 8 samples/entry = 72 renders)...
[staged]   robot_a → zone 2  robot_b → zone 0  robot_c → zone 1

[staged] Phase 1 — forward greedy  (128 iters × 3 robot(s), sigma=0.40×1.00, popsize=32)
[staged]   Ph1 robot a  zone 2  (uncovered: 26% of target)
    voronoi warm-start: IoU 0.067 ≤ 0.082, kept current
    init sampling: best coverage score 127.1px of uncovered area  (32 samples)
    stagnation restart #1 at iter 52  (IoU 0.546)  ICP δ=[-2.931299261225017]°
    stagnation restart #2 at iter 65  (IoU 0.546)  ICP δ=[2.931299261225017]°
    stagnation restart #3 at iter 78  (IoU 0.546)  ICP δ=[-2.931299261225017]°
    stagnation restart #4 at iter 91  (IoU 0.546)  ICP δ=[2.931299261225017]°
    stagnation restart #5 at iter 104  (IoU 0.546)  ICP δ=[-2.931299261225017]°
    stagnation restart #6 at iter 117  (IoU 0.546)  ICP δ=[2.931299261225017]°
[staged]   → robot a: IoU 0.076 → 0.534  ✓
    ↑ new global best IoU 0.534  [phase Ph1 robot a]
[staged]   Ph1 robot b  zone 0  (uncovered: 2% of target)
    voronoi warm-start: IoU 0.433 ≤ 0.543, kept current
    init sampling: best coverage score 9.8px of uncovered area  (32 samples)
    stagnation restart #1 at iter 69  (IoU 0.613)
    stagnation restart #2 at iter 82  (IoU 0.613)
    stagnation restart #3 at iter 95  (IoU 0.613)
    stagnation restart #4 at iter 108  (IoU 0.613)
[staged]   → robot b: IoU 0.534 → 0.607  ✓
    ↑ new global best IoU 0.607  [phase Ph1 robot b]
[staged]   Ph1 robot c  zone 1  (uncovered: 9% of target)
    voronoi warm-start: IoU 0.535 ≤ 0.610, kept current
    init sampling: best coverage score 23.3px of uncovered area  (32 samples)
    stagnation restart #1 at iter 21  (IoU 0.666)  ICP δ=[-3.480696249006336]°
    stagnation restart #2 at iter 79  (IoU 0.701)
    stagnation restart #3 at iter 92  (IoU 0.701)
    stagnation restart #4 at iter 105  (IoU 0.701)
[staged]   → robot c: IoU 0.607 → 0.686  ✓
    ↑ new global best IoU 0.686  [phase Ph1 robot c]
[staged] Phase 1 done — composite IoU: 0.686

[staged] Phase 2 — backward pass  (128 iters × 3 robots, sigma=0.260)
[staged]   contributions before Phase 2:
[staged]     robot a: +0.142 IoU
[staged]     robot b: +0.079 IoU
[staged]     robot c: +0.078 IoU
[staged]   Ph2 robot c  zone 1  (uncovered: 13% of target)
    init sampling: best coverage score 17.2px of uncovered area  (32 samples)
    stagnation restart #1 at iter 64  (IoU 0.672)  ICP δ=[-27.908179709374348]°
[staged]   → robot c: candidate 0.683 < current 0.686  ✗ rejected
[staged]   Ph2 robot b  zone 0  (uncovered: 9% of target)
    init sampling: best coverage score 19.8px of uncovered area  (32 samples)
[staged]   → robot b: candidate 0.684 < current 0.686  ✗ rejected
[staged]   Ph2 robot a  zone 2  (uncovered: 17% of target)
    init sampling: best coverage score 52.1px of uncovered area  (32 samples)
    stagnation restart #1 at iter 13  (IoU 0.708)
    stagnation restart #2 at iter 54  (IoU 0.757)
    stagnation restart #3 at iter 67  (IoU 0.757)
    stagnation restart #4 at iter 80  (IoU 0.757)
    stagnation restart #5 at iter 93  (IoU 0.757)
    stagnation restart #6 at iter 106  (IoU 0.757)
[staged]   → robot a: IoU 0.686 → 0.744  ✓
    ↑ new global best IoU 0.744  [phase Ph2 robot a]
[staged] Phase 2 done — composite IoU: 0.744

[staged] Best snapshot: Phase 2  IoU=0.744
[staged] Adaptive final budget: warm (0.744)  iters 256→141  popsize 192→192
[staged] Final refinement — all joints  (141 iters, popsize=192, sigma=0.200)
    stagnation restart #1 at iter 13  (IoU 0.744)
    stagnation restart #2 at iter 26  (IoU 0.744)
    stagnation restart #3 at iter 39  (IoU 0.744)
    stagnation restart #4 at iter 52  (IoU 0.744)
    stagnation restart #5 at iter 130  (IoU 0.815)
    ↑ new global best IoU 0.815  [final refinement]
[staged] Final done — IoU: 0.815  ✓
[staged] Done — final IoU: 0.815  loss: 0.1855

  ✓  IoU=0.815  loss=0.1855  evals=49223  time=34s

──────────────────────────────────────────────────────────────
  Frame 2/8 : f01.png
──────────────────────────────────────────────────────────────
[seq] Zone assignment reused  (sim=0.86 ≥ 0.7, saves 72 renders)
[seq] ICP warm-start rejected: IoU 0.746 → 0.734 (Δθ=-1.1°), using prev_q
[staged] Temporal continuity: Ph1/Ph2 weight=0.300  final weight=0.000  (curriculum: IoU-free final pass)
[staged] Prior quality: warm (0.746)  →  Ph1 sigma×0.70  iters×0.85  init_samples=16
[staged] Multi-res: Phase 1+2 at 64²px  Final at 128²px
[staged] Popsize: per-robot phases=32  final=192  (theory optimum for 6 DOF = 10)
[staged] Hungarian: reusing cached zone assignment  robot_a → zone 2  robot_b → zone 0  robot_c → zone 1

[staged] Phase 1 — forward greedy  (128 iters × 3 robot(s), sigma=0.40×0.70, popsize=32)
[staged]   Ph1 robot a  zone 2  (uncovered: 5% of target)
    voronoi warm-start: IoU 0.552 ≤ 0.726, kept current
    [temporal] λ=0.300  μ=100.0  δ_max=1.20 rad  dof=6
    init sampling: best coverage score 25.9px of uncovered area  (16 samples)
    stagnation restart #1 at iter 31  (IoU 0.736)
    stagnation restart #2 at iter 53  (IoU 0.790)
    stagnation restart #3 at iter 66  (IoU 0.790)
    stagnation restart #4 at iter 79  (IoU 0.790)
    stagnation restart #5 at iter 92  (IoU 0.790)
    [temporal] Δq_max=0.141 rad  Δq_norm_rms=0.013  → direct quintic ✓
[staged]   → robot a: IoU 0.746 → 0.803  ✓
    ↑ new global best IoU 0.803  [phase Ph1 robot a]
[staged]   Ph1 robot b  zone 0  (uncovered: 1% of target)
    voronoi warm-start: IoU 0.437 ≤ 0.781, kept current
    [temporal] λ=0.300  μ=100.0  δ_max=1.20 rad  dof=6
    init sampling: best coverage score 3.7px of uncovered area  (16 samples)
    stagnation restart #1 at iter 76  (IoU 0.795)  ICP δ=[-9.987979899852059]°
    stagnation restart #2 at iter 89  (IoU 0.795)  ICP δ=[9.987979899852059]°
    [temporal] Δq_max=0.217 rad  Δq_norm_rms=0.038  → direct quintic ✓
[staged]   → robot b: candidate 0.802 < current 0.803  ✗ rejected
[staged]   Ph1 robot c  zone 1  (uncovered: 2% of target)
    voronoi warm-start: IoU 0.616 ≤ 0.781, kept current
    [temporal] λ=0.300  μ=100.0  δ_max=1.20 rad  dof=6
    init sampling: best coverage score 2.9px of uncovered area  (16 samples)
    stagnation restart #1 at iter 61  (IoU 0.781)
    stagnation restart #2 at iter 74  (IoU 0.781)
    stagnation restart #3 at iter 87  (IoU 0.781)
    [temporal] Δq_max=0.030 rad  Δq_norm_rms=0.004  → direct quintic ✓
[staged]   → robot c: IoU 0.803 → 0.804  ✓
    ↑ new global best IoU 0.804  [phase Ph1 robot c]
[staged] Phase 1 done — composite IoU: 0.804

[staged] Phase 2 — backward pass  (128 iters × 3 robots, sigma=0.260)
[staged]   contributions before Phase 2:
[staged]     robot a: +0.270 IoU
[staged]     robot b: +0.252 IoU
[staged]     robot c: +0.096 IoU
[staged]   Ph2 robot c  zone 1  (uncovered: 9% of target)
    [temporal] λ=0.300  μ=100.0  δ_max=1.20 rad  dof=6
    init sampling: best coverage score 12.2px of uncovered area  (32 samples)
    stagnation restart #1 at iter 35  (IoU 0.778)
    stagnation restart #2 at iter 69  (IoU 0.784)  ICP δ=[-3.0392064379538617]°
    stagnation restart #3 at iter 82  (IoU 0.784)  ICP δ=[3.0392064379538617]°
    stagnation restart #4 at iter 95  (IoU 0.784)  ICP δ=[-3.0392064379538617]°
    stagnation restart #5 at iter 108  (IoU 0.784)  ICP δ=[3.0392064379538617]°
    [temporal] Δq_max=0.041 rad  Δq_norm_rms=0.004  → direct quintic ✓
[staged]   → robot c: IoU 0.804 → 0.806  ✓
    ↑ new global best IoU 0.806  [phase Ph2 robot c]
[staged]   Ph2 robot b  zone 0  (uncovered: 24% of target)
    [temporal] λ=0.300  μ=100.0  δ_max=1.20 rad  dof=6
    init sampling: best coverage score 65.8px of uncovered area  (32 samples)
    stagnation restart #1 at iter 54  (IoU 0.792)  ICP δ=[-9.987979899852059]°
    stagnation restart #2 at iter 67  (IoU 0.792)  ICP δ=[9.987979899852059]°
    stagnation restart #3 at iter 80  (IoU 0.792)  ICP δ=[-9.987979899852059]°
    stagnation restart #4 at iter 93  (IoU 0.792)  ICP δ=[9.987979899852059]°
    stagnation restart #5 at iter 106  (IoU 0.792)  ICP δ=[-9.987979899852059]°
    [temporal] Δq_max=0.089 rad  Δq_norm_rms=0.016  → direct quintic ✓
[staged]   → robot b: candidate 0.801 < current 0.806  ✗ rejected
[staged]   Ph2 robot a  zone 2  (uncovered: 24% of target)
    [temporal] λ=0.300  μ=100.0  δ_max=1.20 rad  dof=6
    init sampling: best coverage score 68.2px of uncovered area  (32 samples)
    stagnation restart #1 at iter 68  (IoU 0.787)
    stagnation restart #2 at iter 81  (IoU 0.787)
    stagnation restart #3 at iter 94  (IoU 0.787)
    stagnation restart #4 at iter 107  (IoU 0.787)
    [temporal] Δq_max=0.158 rad  Δq_norm_rms=0.021  → direct quintic ✓
[staged]   → robot a: candidate 0.803 < current 0.806  ✗ rejected
[staged] Phase 2 done — composite IoU: 0.806

[staged] Best snapshot: Phase 2  IoU=0.806
[staged] Adaptive final budget: hot (0.806)  iters 256→77  popsize 192→77
[staged] Final refinement — all joints  (77 iters, popsize=77, sigma=0.200)
    [temporal] λ=0.000  μ=100.0  δ_max=1.20 rad  dof=18
    stagnation restart #1 at iter 13  (IoU 0.806)
    stagnation restart #2 at iter 26  (IoU 0.806)
    stagnation restart #3 at iter 39  (IoU 0.806)
    stagnation restart #4 at iter 52  (IoU 0.806)
    stagnation restart #5 at iter 65  (IoU 0.806)
    [temporal] Δq_max=0.141 rad  Δq_norm_rms=0.008  → direct quintic ✓
[staged] Final done — IoU: 0.806  ✓
[staged] Done — final IoU: 0.806  loss: 0.1943
[staged] Displacement from prior:  global_max=0.141 rad
          robot_a: Δq_max=0.141 rad [direct ✓]
          robot_b: Δq_max=0.000 rad [direct ✓]
          robot_c: Δq_max=0.041 rad [direct ✓]

  ✓  IoU=0.806  loss=0.1943  evals=28592  time=19s

──────────────────────────────────────────────────────────────
  Frame 3/8 : f02.png
──────────────────────────────────────────────────────────────
[seq] Zone assignment reused  (sim=0.84 ≥ 0.7, saves 72 renders)
[seq] ICP warm-start rejected: IoU 0.739 → 0.718 (Δθ=-2.3°), using prev_q
[staged] Temporal continuity: Ph1/Ph2 weight=0.300  final weight=0.000  (curriculum: IoU-free final pass)
[staged] Prior quality: warm (0.739)  →  Ph1 sigma×0.70  iters×0.85  init_samples=16
[staged] Multi-res: Phase 1+2 at 64²px  Final at 128²px
[staged] Popsize: per-robot phases=32  final=192  (theory optimum for 6 DOF = 10)
[staged] Hungarian: reusing cached zone assignment  robot_a → zone 2  robot_b → zone 0  robot_c → zone 1

[staged] Phase 1 — forward greedy  (128 iters × 3 robot(s), sigma=0.40×0.70, popsize=32)
[staged]   Ph1 robot a  zone 2  (uncovered: 5% of target)
    voronoi warm-start: IoU 0.532 ≤ 0.717, kept current
    [temporal] λ=0.300  μ=100.0  δ_max=1.20 rad  dof=6
    init sampling: best coverage score 25.9px of uncovered area  (16 samples)
    stagnation restart #1 at iter 87  (IoU 0.784)
    [temporal] Δq_max=0.205 rad  Δq_norm_rms=0.015  → direct quintic ✓
[staged]   → robot a: IoU 0.739 → 0.787  ✓
    ↑ new global best IoU 0.787  [phase Ph1 robot a]
[staged]   Ph1 robot b  zone 0  (uncovered: 1% of target)
    voronoi warm-start: IoU 0.438 ≤ 0.774, kept current
    [temporal] λ=0.300  μ=100.0  δ_max=1.20 rad  dof=6
    init sampling: best coverage score 2.7px of uncovered area  (16 samples)
    stagnation restart #1 at iter 87  (IoU 0.790)  ICP δ=[-10.165438871863607]°
    [temporal] Δq_max=0.140 rad  Δq_norm_rms=0.022  → direct quintic ✓
[staged]   → robot b: candidate 0.786 < current 0.787  ✗ rejected
[staged]   Ph1 robot c  zone 1  (uncovered: 1% of target)
    voronoi warm-start: IoU 0.627 ≤ 0.774, kept current
    [temporal] λ=0.300  μ=100.0  δ_max=1.20 rad  dof=6
    init sampling: best coverage score 1.9px of uncovered area  (16 samples)
    stagnation restart #1 at iter 34  (IoU 0.776)
    stagnation restart #2 at iter 80  (IoU 0.783)
    stagnation restart #3 at iter 93  (IoU 0.783)
    [temporal] Δq_max=0.466 rad  Δq_norm_rms=0.038  → direct quintic ✓
[staged]   → robot c: IoU 0.787 → 0.805  ✓
    ↑ new global best IoU 0.805  [phase Ph1 robot c]
[staged] Phase 1 done — composite IoU: 0.805

[staged] Phase 2 — backward pass  (128 iters × 3 robots, sigma=0.260)
[staged]   contributions before Phase 2:
[staged]     robot a: +0.273 IoU
[staged]     robot b: +0.243 IoU
[staged]     robot c: +0.094 IoU
[staged]   Ph2 robot c  zone 1  (uncovered: 8% of target)
    [temporal] λ=0.300  μ=100.0  δ_max=1.20 rad  dof=6
    init sampling: best coverage score 19.7px of uncovered area  (32 samples)
    stagnation restart #1 at iter 54  (IoU 0.790)
    stagnation restart #2 at iter 67  (IoU 0.790)
    stagnation restart #3 at iter 80  (IoU 0.790)
    stagnation restart #4 at iter 93  (IoU 0.790)
    stagnation restart #5 at iter 106  (IoU 0.790)
    [temporal] Δq_max=0.957 rad  Δq_norm_rms=0.070  → direct quintic ✓
[staged]   → robot c: candidate 0.799 < current 0.805  ✗ rejected
[staged]   Ph2 robot b  zone 0  (uncovered: 24% of target)
    [temporal] λ=0.300  μ=100.0  δ_max=1.20 rad  dof=6
    init sampling: best coverage score 68.7px of uncovered area  (32 samples)
    stagnation restart #1 at iter 78  (IoU 0.807)  ICP δ=[-10.165438871863607]°
    stagnation restart #2 at iter 91  (IoU 0.807)  ICP δ=[10.165438871863607]°
    stagnation restart #3 at iter 104  (IoU 0.807)  ICP δ=[-10.165438871863607]°
    stagnation restart #4 at iter 117  (IoU 0.807)  ICP δ=[10.165438871863607]°
    [temporal] Δq_max=0.257 rad  Δq_norm_rms=0.038  → direct quintic ✓
[staged]   → robot b: IoU 0.805 → 0.808  ✓
    ↑ new global best IoU 0.808  [phase Ph2 robot b]
[staged]   Ph2 robot a  zone 2  (uncovered: 25% of target)
    [temporal] λ=0.300  μ=100.0  δ_max=1.20 rad  dof=6
    init sampling: best coverage score 73.1px of uncovered area  (32 samples)
    stagnation restart #1 at iter 46  (IoU 0.808)
    stagnation restart #2 at iter 59  (IoU 0.808)
    stagnation restart #3 at iter 72  (IoU 0.808)
    stagnation restart #4 at iter 85  (IoU 0.808)
    stagnation restart #5 at iter 98  (IoU 0.808)
    stagnation restart #6 at iter 111  (IoU 0.808)
    [temporal] Δq_max=0.233 rad  Δq_norm_rms=0.017  → direct quintic ✓
[staged]   → robot a: candidate 0.808 < current 0.808  ✗ rejected
[staged] Phase 2 done — composite IoU: 0.808

[staged] Best snapshot: Phase 2  IoU=0.808
[staged] Adaptive final budget: hot (0.808)  iters 256→77  popsize 192→77
[staged] Final refinement — all joints  (77 iters, popsize=77, sigma=0.200)
    [temporal] λ=0.000  μ=100.0  δ_max=1.20 rad  dof=18
    stagnation restart #1 at iter 13  (IoU 0.808)
    stagnation restart #2 at iter 26  (IoU 0.808)
    stagnation restart #3 at iter 39  (IoU 0.808)
    stagnation restart #4 at iter 52  (IoU 0.808)
    stagnation restart #5 at iter 65  (IoU 0.808)
    [temporal] Δq_max=0.466 rad  Δq_norm_rms=0.032  → direct quintic ✓
[staged] Final done — IoU: 0.808  ✓
[staged] Done — final IoU: 0.808  loss: 0.1917
[staged] Displacement from prior:  global_max=0.466 rad
          robot_a: Δq_max=0.205 rad [direct ✓]
          robot_b: Δq_max=0.257 rad [direct ✓]
          robot_c: Δq_max=0.466 rad [direct ✓]

  ✓  IoU=0.808  loss=0.1917  evals=28592  time=19s

──────────────────────────────────────────────────────────────
  Frame 4/8 : f03.png
──────────────────────────────────────────────────────────────
[seq] Zone assignment reused  (sim=0.86 ≥ 0.7, saves 72 renders)
[seq] ICP warm-start rejected: IoU 0.744 → 0.731 (Δθ=-1.9°), using prev_q
[staged] Temporal continuity: Ph1/Ph2 weight=0.300  final weight=0.000  (curriculum: IoU-free final pass)
[staged] Prior quality: warm (0.744)  →  Ph1 sigma×0.70  iters×0.85  init_samples=16
[staged] Multi-res: Phase 1+2 at 64²px  Final at 128²px
[staged] Popsize: per-robot phases=32  final=192  (theory optimum for 6 DOF = 10)
[staged] Hungarian: reusing cached zone assignment  robot_a → zone 2  robot_b → zone 0  robot_c → zone 1

[staged] Phase 1 — forward greedy  (128 iters × 3 robot(s), sigma=0.40×0.70, popsize=32)
[staged]   Ph1 robot a  zone 2  (uncovered: 7% of target)
    voronoi warm-start: IoU 0.530 ≤ 0.747, kept current
    [temporal] λ=0.300  μ=100.0  δ_max=1.20 rad  dof=6
    init sampling: best coverage score 33.3px of uncovered area  (16 samples)
    stagnation restart #1 at iter 87  (IoU 0.791)
    [temporal] Δq_max=0.144 rad  Δq_norm_rms=0.018  → direct quintic ✓
[staged]   → robot a: IoU 0.744 → 0.771  ✓
    ↑ new global best IoU 0.771  [phase Ph1 robot a]
[staged]   Ph1 robot b  zone 0  (uncovered: 22% of target)
    voronoi warm-start: IoU 0.511 ≤ 0.780, kept current
    [temporal] λ=0.300  μ=100.0  δ_max=1.20 rad  dof=6
    init sampling: best coverage score 69.2px of uncovered area  (16 samples)
    stagnation restart #1 at iter 87  (IoU 0.786)  ICP δ=[-8.521208493617232]°
    [temporal] Δq_max=0.102 rad  Δq_norm_rms=0.016  → direct quintic ✓
[staged]   → robot b: candidate 0.766 < current 0.771  ✗ rejected
[staged]   Ph1 robot c  zone 1  (uncovered: 1% of target)
    voronoi warm-start: IoU 0.627 ≤ 0.780, kept current
    [temporal] λ=0.300  μ=100.0  δ_max=1.20 rad  dof=6
    init sampling: best coverage score 1.9px of uncovered area  (16 samples)
    stagnation restart #1 at iter 35  (IoU 0.778)
    stagnation restart #2 at iter 70  (IoU 0.783)
    stagnation restart #3 at iter 83  (IoU 0.783)
    stagnation restart #4 at iter 96  (IoU 0.783)
    [temporal] Δq_max=0.263 rad  Δq_norm_rms=0.020  → direct quintic ✓
[staged]   → robot c: IoU 0.771 → 0.794  ✓
    ↑ new global best IoU 0.794  [phase Ph1 robot c]
[staged] Phase 1 done — composite IoU: 0.794

[staged] Phase 2 — backward pass  (128 iters × 3 robots, sigma=0.260)
[staged]   contributions before Phase 2:
[staged]     robot a: +0.269 IoU
[staged]     robot b: +0.235 IoU
[staged]     robot c: +0.100 IoU
[staged]   Ph2 robot c  zone 1  (uncovered: 8% of target)
    [temporal] λ=0.300  μ=100.0  δ_max=1.20 rad  dof=6
    init sampling: best coverage score 30.5px of uncovered area  (32 samples)
    stagnation restart #1 at iter 64  (IoU 0.797)
    stagnation restart #2 at iter 77  (IoU 0.797)
    stagnation restart #3 at iter 90  (IoU 0.797)
    stagnation restart #4 at iter 103  (IoU 0.797)
    stagnation restart #5 at iter 116  (IoU 0.797)
    [temporal] Δq_max=0.264 rad  Δq_norm_rms=0.020  → direct quintic ✓
[staged]   → robot c: IoU 0.794 → 0.794  ✓
    ↑ new global best IoU 0.794  [phase Ph2 robot c]
[staged]   Ph2 robot b  zone 0  (uncovered: 22% of target)
    [temporal] λ=0.300  μ=100.0  δ_max=1.20 rad  dof=6
    init sampling: best coverage score 61.8px of uncovered area  (32 samples)
    stagnation restart #1 at iter 74  (IoU 0.797)  ICP δ=[-8.521208493617232]°
    stagnation restart #2 at iter 87  (IoU 0.797)  ICP δ=[8.521208493617232]°
    stagnation restart #3 at iter 100  (IoU 0.797)  ICP δ=[-8.521208493617232]°
    stagnation restart #4 at iter 113  (IoU 0.797)  ICP δ=[8.521208493617232]°
    [temporal] Δq_max=0.092 rad  Δq_norm_rms=0.013  → direct quintic ✓
[staged]   → robot b: candidate 0.794 < current 0.794  ✗ rejected
[staged]   Ph2 robot a  zone 2  (uncovered: 25% of target)
    [temporal] λ=0.300  μ=100.0  δ_max=1.20 rad  dof=6
    init sampling: best coverage score 73.4px of uncovered area  (32 samples)
    stagnation restart #1 at iter 57  (IoU 0.801)
    stagnation restart #2 at iter 70  (IoU 0.801)
    stagnation restart #3 at iter 83  (IoU 0.801)
    stagnation restart #4 at iter 96  (IoU 0.801)
    stagnation restart #5 at iter 109  (IoU 0.801)
    [temporal] Δq_max=0.219 rad  Δq_norm_rms=0.016  → direct quintic ✓
[staged]   → robot a: IoU 0.794 → 0.801  ✓
    ↑ new global best IoU 0.801  [phase Ph2 robot a]
[staged] Phase 2 done — composite IoU: 0.801

[staged] Best snapshot: Phase 2  IoU=0.801
[staged] Adaptive final budget: hot (0.801)  iters 256→77  popsize 192→77
[staged] Final refinement — all joints  (77 iters, popsize=77, sigma=0.200)
    [temporal] λ=0.000  μ=100.0  δ_max=1.20 rad  dof=18
    stagnation restart #1 at iter 13  (IoU 0.801)
    stagnation restart #2 at iter 26  (IoU 0.801)
    stagnation restart #3 at iter 39  (IoU 0.801)
    stagnation restart #4 at iter 52  (IoU 0.801)
    stagnation restart #5 at iter 65  (IoU 0.801)
    [temporal] Δq_max=0.264 rad  Δq_norm_rms=0.015  → direct quintic ✓
[staged] Final done — IoU: 0.801  ✓
[staged] Done — final IoU: 0.801  loss: 0.1992
[staged] Displacement from prior:  global_max=0.264 rad
          robot_a: Δq_max=0.219 rad [direct ✓]
          robot_b: Δq_max=0.000 rad [direct ✓]
          robot_c: Δq_max=0.264 rad [direct ✓]

  ✓  IoU=0.801  loss=0.1992  evals=28592  time=18s

──────────────────────────────────────────────────────────────
  Frame 5/8 : f04.png
──────────────────────────────────────────────────────────────
[seq] Zone assignment reused  (sim=0.86 ≥ 0.7, saves 72 renders)
[seq] ICP warm-start rejected: IoU 0.763 → 0.729 (Δθ=-3.1°), using prev_q
[staged] Temporal continuity: Ph1/Ph2 weight=0.300  final weight=0.000  (curriculum: IoU-free final pass)
[staged] Prior quality: hot (0.763)  →  Ph1 sigma×0.50  iters×0.70  init_samples=8
[staged] Multi-res: Phase 1+2 at 64²px  Final at 128²px
[staged] Popsize: per-robot phases=32  final=192  (theory optimum for 6 DOF = 10)
[staged] Hungarian: reusing cached zone assignment  robot_a → zone 2  robot_b → zone 0  robot_c → zone 1

[staged] Phase 1 — forward greedy  (128 iters × 3 robot(s), sigma=0.40×0.50, popsize=32)
[staged]   Ph1 robot a  zone 2  (uncovered: 7% of target)
    voronoi warm-start: IoU 0.545 ≤ 0.763, kept current
    [temporal] λ=0.300  μ=100.0  δ_max=1.20 rad  dof=6
    init sampling: best coverage score 27.3px of uncovered area  (8 samples)
    stagnation restart #1 at iter 49  (IoU 0.790)
    stagnation restart #2 at iter 62  (IoU 0.790)
    stagnation restart #3 at iter 75  (IoU 0.790)
    [temporal] Δq_max=0.147 rad  Δq_norm_rms=0.023  → direct quintic ✓
[staged]   → robot a: IoU 0.763 → 0.776  ✓
    ↑ new global best IoU 0.776  [phase Ph1 robot a]
[staged]   Ph1 robot b  zone 0  (uncovered: 20% of target)
    voronoi warm-start: IoU 0.520 ≤ 0.780, kept current
    [temporal] λ=0.300  μ=100.0  δ_max=1.20 rad  dof=6
    init sampling: best coverage score 40.5px of uncovered area  (8 samples)
    [temporal] Δq_max=0.137 rad  Δq_norm_rms=0.027  → direct quintic ✓
[staged]   → robot b: IoU 0.776 → 0.785  ✓
    ↑ new global best IoU 0.785  [phase Ph1 robot b]
[staged]   Ph1 robot c  zone 1  (uncovered: 2% of target)
    voronoi warm-start: IoU 0.626 ≤ 0.788, kept current
    [temporal] λ=0.300  μ=100.0  δ_max=1.20 rad  dof=6
    init sampling: best coverage score 4.2px of uncovered area  (8 samples)
    stagnation restart #1 at iter 47  (IoU 0.792)
    stagnation restart #2 at iter 60  (IoU 0.792)
    stagnation restart #3 at iter 73  (IoU 0.792)
    [temporal] Δq_max=0.184 rad  Δq_norm_rms=0.014  → direct quintic ✓
[staged]   → robot c: IoU 0.785 → 0.807  ✓
    ↑ new global best IoU 0.807  [phase Ph1 robot c]
[staged] Phase 1 done — composite IoU: 0.807

[staged] Phase 2 — backward pass  (128 iters × 3 robots, sigma=0.260)
[staged]   contributions before Phase 2:
[staged]     robot a: +0.231 IoU
[staged]     robot b: +0.229 IoU
[staged]     robot c: +0.109 IoU
[staged]   Ph2 robot c  zone 1  (uncovered: 7% of target)
    [temporal] λ=0.300  μ=100.0  δ_max=1.20 rad  dof=6
    init sampling: best coverage score 19.9px of uncovered area  (32 samples)
    stagnation restart #1 at iter 53  (IoU 0.808)
    stagnation restart #2 at iter 66  (IoU 0.808)
    stagnation restart #3 at iter 102  (IoU 0.809)
    stagnation restart #4 at iter 115  (IoU 0.809)
    [temporal] Δq_max=0.178 rad  Δq_norm_rms=0.013  → direct quintic ✓
[staged]   → robot c: candidate 0.807 < current 0.807  ✗ rejected
[staged]   Ph2 robot b  zone 0  (uncovered: 19% of target)
    [temporal] λ=0.300  μ=100.0  δ_max=1.20 rad  dof=6
    init sampling: best coverage score 50.9px of uncovered area  (32 samples)
    stagnation restart #1 at iter 22  (IoU 0.788)  ICP δ=[-8.521208493617232]°
    stagnation restart #2 at iter 76  (IoU 0.809)  ICP δ=[8.521208493617232]°
    stagnation restart #3 at iter 89  (IoU 0.809)  ICP δ=[-8.521208493617232]°
    stagnation restart #4 at iter 102  (IoU 0.809)  ICP δ=[8.521208493617232]°
    stagnation restart #5 at iter 115  (IoU 0.809)  ICP δ=[-8.521208493617232]°
    [temporal] Δq_max=0.139 rad  Δq_norm_rms=0.028  → direct quintic ✓
[staged]   → robot b: candidate 0.807 < current 0.807  ✗ rejected
[staged]   Ph2 robot a  zone 2  (uncovered: 17% of target)
    [temporal] λ=0.300  μ=100.0  δ_max=1.20 rad  dof=6
    init sampling: best coverage score 62.3px of uncovered area  (32 samples)
    stagnation restart #1 at iter 46  (IoU 0.809)
    stagnation restart #2 at iter 59  (IoU 0.809)
    stagnation restart #3 at iter 72  (IoU 0.809)
    stagnation restart #4 at iter 85  (IoU 0.809)
    stagnation restart #5 at iter 98  (IoU 0.809)
    stagnation restart #6 at iter 111  (IoU 0.809)
    [temporal] Δq_max=0.175 rad  Δq_norm_rms=0.028  → direct quintic ✓
[staged]   → robot a: candidate 0.805 < current 0.807  ✗ rejected
[staged] Phase 2 done — composite IoU: 0.807

[staged] Best snapshot: Phase 1  IoU=0.807
[staged] Adaptive final budget: hot (0.807)  iters 256→77  popsize 192→77
[staged] Final refinement — all joints  (77 iters, popsize=77, sigma=0.200)
    [temporal] λ=0.000  μ=100.0  δ_max=1.20 rad  dof=18
    stagnation restart #1 at iter 13  (IoU 0.807)
    stagnation restart #2 at iter 26  (IoU 0.807)
    stagnation restart #3 at iter 39  (IoU 0.807)
    stagnation restart #4 at iter 52  (IoU 0.807)
    stagnation restart #5 at iter 65  (IoU 0.807)
    [temporal] Δq_max=0.184 rad  Δq_norm_rms=0.022  → direct quintic ✓
[staged] Final done — IoU: 0.807  ✓
[staged] Done — final IoU: 0.807  loss: 0.1932
[staged] Displacement from prior:  global_max=0.184 rad
          robot_a: Δq_max=0.147 rad [direct ✓]
          robot_b: Δq_max=0.137 rad [direct ✓]
          robot_c: Δq_max=0.184 rad [direct ✓]

  ✓  IoU=0.807  loss=0.1932  evals=26768  time=16s

──────────────────────────────────────────────────────────────
  Frame 6/8 : f05.png
──────────────────────────────────────────────────────────────
[seq] Zone assignment reused  (sim=0.86 ≥ 0.7, saves 72 renders)
[staged] Temporal continuity: Ph1/Ph2 weight=0.300  final weight=0.000  (curriculum: IoU-free final pass)
[staged] Prior quality: warm (0.725)  →  Ph1 sigma×0.70  iters×0.85  init_samples=16
[staged] Multi-res: Phase 1+2 at 64²px  Final at 128²px
[staged] Popsize: per-robot phases=32  final=192  (theory optimum for 6 DOF = 10)
[staged] Hungarian: reusing cached zone assignment  robot_a → zone 2  robot_b → zone 0  robot_c → zone 1

[staged] Phase 1 — forward greedy  (128 iters × 3 robot(s), sigma=0.40×0.70, popsize=32)
[staged]   Ph1 robot a  zone 2  (uncovered: 4% of target)
    voronoi warm-start: IoU 0.459 ≤ 0.721, kept current
    [temporal] λ=0.300  μ=100.0  δ_max=1.20 rad  dof=6
    init sampling: best coverage score 21.0px of uncovered area  (16 samples)
    stagnation restart #1 at iter 70  (IoU 0.762)
    stagnation restart #2 at iter 83  (IoU 0.762)
    stagnation restart #3 at iter 96  (IoU 0.762)
    [temporal] Δq_max=0.239 rad  Δq_norm_rms=0.019  → direct quintic ✓
[staged]   → robot a: IoU 0.725 → 0.754  ✓
    ↑ new global best IoU 0.754  [phase Ph1 robot a]
[staged]   Ph1 robot b  zone 0  (uncovered: 24% of target)
    voronoi warm-start: IoU 0.517 ≤ 0.752, kept current
    [temporal] λ=0.300  μ=100.0  δ_max=1.20 rad  dof=6
    init sampling: best coverage score 71.2px of uncovered area  (16 samples)
    stagnation restart #1 at iter 94  (IoU 0.797)  ICP δ=[-8.521208493617232]°
    [temporal] Δq_max=0.138 rad  Δq_norm_rms=0.025  → direct quintic ✓
[staged]   → robot b: IoU 0.754 → 0.791  ✓
    ↑ new global best IoU 0.791  [phase Ph1 robot b]
[staged]   Ph1 robot c  zone 1  (uncovered: 1% of target)
    voronoi warm-start: IoU 0.626 ≤ 0.792, kept current
    [temporal] λ=0.300  μ=100.0  δ_max=1.20 rad  dof=6
    init sampling: best coverage score 1.9px of uncovered area  (16 samples)
    stagnation restart #1 at iter 36  (IoU 0.778)
    stagnation restart #2 at iter 69  (IoU 0.779)
    stagnation restart #3 at iter 82  (IoU 0.779)
    stagnation restart #4 at iter 95  (IoU 0.779)
    [temporal] Δq_max=0.154 rad  Δq_norm_rms=0.012  → direct quintic ✓
[staged]   → robot c: IoU 0.791 → 0.795  ✓
    ↑ new global best IoU 0.795  [phase Ph1 robot c]
[staged] Phase 1 done — composite IoU: 0.795

[staged] Phase 2 — backward pass  (128 iters × 3 robots, sigma=0.260)
[staged]   contributions before Phase 2:
[staged]     robot a: +0.272 IoU
[staged]     robot b: +0.238 IoU
[staged]     robot c: +0.099 IoU
[staged]   Ph2 robot c  zone 1  (uncovered: 9% of target)
    [temporal] λ=0.300  μ=100.0  δ_max=1.20 rad  dof=6
    init sampling: best coverage score 32.2px of uncovered area  (32 samples)
    stagnation restart #1 at iter 54  (IoU 0.794)
    stagnation restart #2 at iter 67  (IoU 0.794)
    stagnation restart #3 at iter 80  (IoU 0.794)
    stagnation restart #4 at iter 93  (IoU 0.794)
    stagnation restart #5 at iter 106  (IoU 0.794)
    [temporal] Δq_max=0.065 rad  Δq_norm_rms=0.007  → direct quintic ✓
[staged]   → robot c: candidate 0.790 < current 0.795  ✗ rejected
[staged]   Ph2 robot b  zone 0  (uncovered: 23% of target)
    [temporal] λ=0.300  μ=100.0  δ_max=1.20 rad  dof=6
    init sampling: best coverage score 62.8px of uncovered area  (32 samples)
    stagnation restart #1 at iter 71  (IoU 0.794)  ICP δ=[-8.521208493617232]°
    stagnation restart #2 at iter 84  (IoU 0.794)  ICP δ=[8.521208493617232]°
    stagnation restart #3 at iter 97  (IoU 0.794)  ICP δ=[-8.521208493617232]°
    stagnation restart #4 at iter 110  (IoU 0.794)  ICP δ=[8.521208493617232]°
    [temporal] Δq_max=0.149 rad  Δq_norm_rms=0.028  → direct quintic ✓
[staged]   → robot b: candidate 0.794 < current 0.795  ✗ rejected
[staged]   Ph2 robot a  zone 2  (uncovered: 25% of target)
    [temporal] λ=0.300  μ=100.0  δ_max=1.20 rad  dof=6
    init sampling: best coverage score 76.4px of uncovered area  (32 samples)
    stagnation restart #1 at iter 54  (IoU 0.801)
    stagnation restart #2 at iter 67  (IoU 0.801)
    stagnation restart #3 at iter 80  (IoU 0.801)
    stagnation restart #4 at iter 93  (IoU 0.801)
    stagnation restart #5 at iter 106  (IoU 0.801)
    [temporal] Δq_max=0.139 rad  Δq_norm_rms=0.020  → direct quintic ✓
[staged]   → robot a: IoU 0.795 → 0.801  ✓
    ↑ new global best IoU 0.801  [phase Ph2 robot a]
[staged] Phase 2 done — composite IoU: 0.801

[staged] Best snapshot: Phase 2  IoU=0.801
[staged] Adaptive final budget: hot (0.801)  iters 256→77  popsize 192→77
[staged] Final refinement — all joints  (77 iters, popsize=77, sigma=0.200)
    [temporal] λ=0.000  μ=100.0  δ_max=1.20 rad  dof=18
    stagnation restart #1 at iter 13  (IoU 0.801)
    stagnation restart #2 at iter 26  (IoU 0.801)
    stagnation restart #3 at iter 39  (IoU 0.801)
    stagnation restart #4 at iter 52  (IoU 0.801)
    stagnation restart #5 at iter 65  (IoU 0.801)
    [temporal] Δq_max=0.154 rad  Δq_norm_rms=0.020  → direct quintic ✓
[staged] Final done — IoU: 0.801  ✓
[staged] Done — final IoU: 0.801  loss: 0.1989
[staged] Displacement from prior:  global_max=0.154 rad
          robot_a: Δq_max=0.139 rad [direct ✓]
          robot_b: Δq_max=0.138 rad [direct ✓]
          robot_c: Δq_max=0.154 rad [direct ✓]

  ✓  IoU=0.801  loss=0.1989  evals=28592  time=16s

──────────────────────────────────────────────────────────────
  Frame 7/8 : f06.png
──────────────────────────────────────────────────────────────
[seq] Zone assignment reused  (sim=0.86 ≥ 0.7, saves 72 renders)
[staged] Temporal continuity: Ph1/Ph2 weight=0.300  final weight=0.000  (curriculum: IoU-free final pass)
[staged] Prior quality: warm (0.740)  →  Ph1 sigma×0.70  iters×0.85  init_samples=16
[staged] Multi-res: Phase 1+2 at 64²px  Final at 128²px
[staged] Popsize: per-robot phases=32  final=192  (theory optimum for 6 DOF = 10)
[staged] Hungarian: reusing cached zone assignment  robot_a → zone 2  robot_b → zone 0  robot_c → zone 1

[staged] Phase 1 — forward greedy  (128 iters × 3 robot(s), sigma=0.40×0.70, popsize=32)
[staged]   Ph1 robot a  zone 2  (uncovered: 8% of target)
    voronoi warm-start: IoU 0.548 ≤ 0.743, kept current
    [temporal] λ=0.300  μ=100.0  δ_max=1.20 rad  dof=6
    init sampling: best coverage score 35.7px of uncovered area  (16 samples)
    stagnation restart #1 at iter 78  (IoU 0.816)
    stagnation restart #2 at iter 91  (IoU 0.816)
    [temporal] Δq_max=0.231 rad  Δq_norm_rms=0.020  → direct quintic ✓
[staged]   → robot a: IoU 0.740 → 0.805  ✓
    ↑ new global best IoU 0.805  [phase Ph1 robot a]
[staged]   Ph1 robot b  zone 0  (uncovered: 1% of target)
    voronoi warm-start: IoU 0.439 ≤ 0.806, kept current
    [temporal] λ=0.300  μ=100.0  δ_max=1.20 rad  dof=6
    init sampling: best coverage score 3.7px of uncovered area  (16 samples)
    stagnation restart #1 at iter 27  (IoU 0.785)  ICP δ=[-9.987979899852059]°
    stagnation restart #2 at iter 93  (IoU 0.814)  ICP δ=[9.987979899852059]°
    [temporal] Δq_max=0.054 rad  Δq_norm_rms=0.009  → direct quintic ✓
[staged]   → robot b: candidate 0.798 < current 0.805  ✗ rejected
[staged]   Ph1 robot c  zone 1  (uncovered: 1% of target)
    voronoi warm-start: IoU 0.635 ≤ 0.806, kept current
    [temporal] λ=0.300  μ=100.0  δ_max=1.20 rad  dof=6
    init sampling: best coverage score 1.9px of uncovered area  (16 samples)
    stagnation restart #1 at iter 66  (IoU 0.793)
    stagnation restart #2 at iter 79  (IoU 0.793)
    stagnation restart #3 at iter 92  (IoU 0.793)
    [temporal] Δq_max=0.181 rad  Δq_norm_rms=0.014  → direct quintic ✓
[staged]   → robot c: candidate 0.803 < current 0.805  ✗ rejected
[staged] Phase 1 done — composite IoU: 0.805

[staged] Phase 2 — backward pass  (128 iters × 3 robots, sigma=0.260)
[staged]   contributions before Phase 2:
[staged]     robot a: +0.285 IoU
[staged]     robot b: +0.249 IoU
[staged]     robot c: +0.099 IoU
[staged]   Ph2 robot c  zone 1  (uncovered: 8% of target)
    [temporal] λ=0.300  μ=100.0  δ_max=1.20 rad  dof=6
    init sampling: best coverage score 19.5px of uncovered area  (32 samples)
    stagnation restart #1 at iter 50  (IoU 0.806)
    stagnation restart #2 at iter 63  (IoU 0.806)
    stagnation restart #3 at iter 76  (IoU 0.806)
    stagnation restart #4 at iter 89  (IoU 0.806)
    stagnation restart #5 at iter 102  (IoU 0.806)
    stagnation restart #6 at iter 115  (IoU 0.806)
    [temporal] Δq_max=0.004 rad  Δq_norm_rms=0.001  → direct quintic ✓
[staged]   → robot c: IoU 0.805 → 0.805  ✓
    ↑ new global best IoU 0.805  [phase Ph2 robot c]
[staged]   Ph2 robot b  zone 0  (uncovered: 24% of target)
    [temporal] λ=0.300  μ=100.0  δ_max=1.20 rad  dof=6
    init sampling: best coverage score 67.7px of uncovered area  (32 samples)
    stagnation restart #1 at iter 100  (IoU 0.811)  ICP δ=[-9.987979899852059]°
    stagnation restart #2 at iter 113  (IoU 0.811)  ICP δ=[9.987979899852059]°
    [temporal] Δq_max=0.149 rad  Δq_norm_rms=0.022  → direct quintic ✓
[staged]   → robot b: candidate 0.800 < current 0.805  ✗ rejected
[staged]   Ph2 robot a  zone 2  (uncovered: 26% of target)
    [temporal] λ=0.300  μ=100.0  δ_max=1.20 rad  dof=6
    init sampling: best coverage score 76.4px of uncovered area  (32 samples)
    stagnation restart #1 at iter 104  (IoU 0.806)
    stagnation restart #2 at iter 117  (IoU 0.806)
    [temporal] Δq_max=0.233 rad  Δq_norm_rms=0.018  → direct quintic ✓
[staged]   → robot a: IoU 0.805 → 0.807  ✓
    ↑ new global best IoU 0.807  [phase Ph2 robot a]
[staged] Phase 2 done — composite IoU: 0.807

[staged] Best snapshot: Phase 2  IoU=0.807
[staged] Adaptive final budget: hot (0.807)  iters 256→77  popsize 192→77
[staged] Final refinement — all joints  (77 iters, popsize=77, sigma=0.200)
    [temporal] λ=0.000  μ=100.0  δ_max=1.20 rad  dof=18
    stagnation restart #1 at iter 13  (IoU 0.807)
    stagnation restart #2 at iter 26  (IoU 0.807)
    stagnation restart #3 at iter 39  (IoU 0.807)
    stagnation restart #4 at iter 52  (IoU 0.807)
    stagnation restart #5 at iter 65  (IoU 0.807)
    [temporal] Δq_max=0.233 rad  Δq_norm_rms=0.010  → direct quintic ✓
[staged] Final done — IoU: 0.807  ✓
[staged] Done — final IoU: 0.807  loss: 0.1928
[staged] Displacement from prior:  global_max=0.233 rad
          robot_a: Δq_max=0.233 rad [direct ✓]
          robot_b: Δq_max=0.000 rad [direct ✓]
          robot_c: Δq_max=0.004 rad [direct ✓]

  ✓  IoU=0.807  loss=0.1928  evals=28592  time=16s

──────────────────────────────────────────────────────────────
  Frame 8/8 : f07.png
──────────────────────────────────────────────────────────────
[seq] Zone assignment reused  (sim=0.84 ≥ 0.7, saves 72 renders)
[seq] ICP warm-start rejected: IoU 0.735 → 0.722 (Δθ=1.3°), using prev_q
[staged] Temporal continuity: Ph1/Ph2 weight=0.300  final weight=0.000  (curriculum: IoU-free final pass)
[staged] Prior quality: warm (0.735)  →  Ph1 sigma×0.70  iters×0.85  init_samples=16
[staged] Multi-res: Phase 1+2 at 64²px  Final at 128²px
[staged] Popsize: per-robot phases=32  final=192  (theory optimum for 6 DOF = 10)
[staged] Hungarian: reusing cached zone assignment  robot_a → zone 2  robot_b → zone 0  robot_c → zone 1

[staged] Phase 1 — forward greedy  (128 iters × 3 robot(s), sigma=0.40×0.70, popsize=32)
[staged]   Ph1 robot a  zone 2  (uncovered: 7% of target)
    voronoi warm-start: IoU 0.523 ≤ 0.734, kept current
    [temporal] λ=0.300  μ=100.0  δ_max=1.20 rad  dof=6
    init sampling: best coverage score 35.7px of uncovered area  (16 samples)
    [temporal] Δq_max=0.219 rad  Δq_norm_rms=0.018  → direct quintic ✓
[staged]   → robot a: IoU 0.735 → 0.786  ✓
    ↑ new global best IoU 0.786  [phase Ph1 robot a]
[staged]   Ph1 robot b  zone 0  (uncovered: 1% of target)
    voronoi warm-start: IoU 0.428 ≤ 0.786, kept current
    [temporal] λ=0.300  μ=100.0  δ_max=1.20 rad  dof=6
    init sampling: best coverage score 4.4px of uncovered area  (16 samples)
    stagnation restart #1 at iter 95  (IoU 0.795)  ICP δ=[-10.362110415897776]°
    [temporal] Δq_max=0.077 rad  Δq_norm_rms=0.012  → direct quintic ✓
[staged]   → robot b: candidate 0.781 < current 0.786  ✗ rejected
[staged]   Ph1 robot c  zone 1  (uncovered: 1% of target)
    voronoi warm-start: IoU 0.629 ≤ 0.786, kept current
    [temporal] λ=0.300  μ=100.0  δ_max=1.20 rad  dof=6
    init sampling: best coverage score 1.9px of uncovered area  (16 samples)
    stagnation restart #1 at iter 71  (IoU 0.793)
    stagnation restart #2 at iter 84  (IoU 0.793)
    stagnation restart #3 at iter 97  (IoU 0.793)
    [temporal] Δq_max=0.412 rad  Δq_norm_rms=0.031  → direct quintic ✓
[staged]   → robot c: IoU 0.786 → 0.793  ✓
    ↑ new global best IoU 0.793  [phase Ph1 robot c]
[staged] Phase 1 done — composite IoU: 0.793

[staged] Phase 2 — backward pass  (128 iters × 3 robots, sigma=0.260)
[staged]   contributions before Phase 2:
[staged]     robot a: +0.304 IoU
[staged]     robot b: +0.239 IoU
[staged]     robot c: +0.095 IoU
[staged]   Ph2 robot c  zone 1  (uncovered: 9% of target)
    [temporal] λ=0.300  μ=100.0  δ_max=1.20 rad  dof=6
    init sampling: best coverage score 11.8px of uncovered area  (32 samples)
    stagnation restart #1 at iter 62  (IoU 0.798)
    stagnation restart #2 at iter 75  (IoU 0.798)
    stagnation restart #3 at iter 88  (IoU 0.798)
    stagnation restart #4 at iter 101  (IoU 0.798)
    stagnation restart #5 at iter 114  (IoU 0.798)
    [temporal] Δq_max=0.136 rad  Δq_norm_rms=0.011  → direct quintic ✓
[staged]   → robot c: IoU 0.793 → 0.795  ✓
    ↑ new global best IoU 0.795  [phase Ph2 robot c]
[staged]   Ph2 robot b  zone 0  (uncovered: 25% of target)
    [temporal] λ=0.300  μ=100.0  δ_max=1.20 rad  dof=6
    init sampling: best coverage score 69.7px of uncovered area  (32 samples)
    stagnation restart #1 at iter 93  (IoU 0.804)  ICP δ=[-10.362110415897776]°
    stagnation restart #2 at iter 106  (IoU 0.804)  ICP δ=[10.362110415897776]°
    [temporal] Δq_max=0.076 rad  Δq_norm_rms=0.012  → direct quintic ✓
[staged]   → robot b: candidate 0.794 < current 0.795  ✗ rejected
[staged]   Ph2 robot a  zone 2  (uncovered: 26% of target)
    [temporal] λ=0.300  μ=100.0  δ_max=1.20 rad  dof=6
    init sampling: best coverage score 74.4px of uncovered area  (32 samples)
    stagnation restart #1 at iter 52  (IoU 0.798)
    stagnation restart #2 at iter 65  (IoU 0.798)
    stagnation restart #3 at iter 78  (IoU 0.798)
    stagnation restart #4 at iter 91  (IoU 0.798)
    stagnation restart #5 at iter 104  (IoU 0.798)
    stagnation restart #6 at iter 117  (IoU 0.798)
    [temporal] Δq_max=0.212 rad  Δq_norm_rms=0.023  → direct quintic ✓
[staged]   → robot a: IoU 0.795 → 0.797  ✓
    ↑ new global best IoU 0.797  [phase Ph2 robot a]
[staged] Phase 2 done — composite IoU: 0.797

[staged] Best snapshot: Phase 2  IoU=0.797
[staged] Adaptive final budget: hot (0.797)  iters 256→77  popsize 192→77
[staged] Final refinement — all joints  (77 iters, popsize=77, sigma=0.200)
    [temporal] λ=0.000  μ=100.0  δ_max=1.20 rad  dof=18
    stagnation restart #1 at iter 13  (IoU 0.797)
    stagnation restart #2 at iter 26  (IoU 0.797)
    stagnation restart #3 at iter 39  (IoU 0.797)
    stagnation restart #4 at iter 52  (IoU 0.797)
    stagnation restart #5 at iter 65  (IoU 0.797)
    [temporal] Δq_max=0.212 rad  Δq_norm_rms=0.015  → direct quintic ✓
[staged] Final done — IoU: 0.797  ✓
[staged] Done — final IoU: 0.797  loss: 0.2029
[staged] Displacement from prior:  global_max=0.212 rad
          robot_a: Δq_max=0.212 rad [direct ✓]
          robot_b: Δq_max=0.000 rad [direct ✓]
          robot_c: Δq_max=0.136 rad [direct ✓]
[loop] wrap already reachable (38.1 deg) — closure not needed

  ✓  IoU=0.797  loss=0.2029  evals=28592  time=16s


==============================================================
  Summary  (8 frames, 3 robots, ts=20260902_033420)
==============================================================
  #    Target                        IoU   Evals   Surr    Time
  ---- -------------------------- ------  ------  -----  ------
  1    f00.png                     0.815   49223     0%     34s
  2    f01.png                     0.806   28592     0%     19s
  3    f02.png                     0.808   28592     0%     19s
  4    f03.png                     0.801   28592     0%     18s
  5    f04.png                     0.807   26768     0%     16s
  6    f05.png                     0.801   28592     0%     16s
  7    f06.png                     0.807   28592     0%     16s
  8    f07.png                     0.797   28592     0%     16s
  ──── ────────────────────────── ──────
  avg                              0.805                   155s
==============================================================

Summary   : ../../umbra-bench/optimized/stick_wave\summary_20260902_033420.json
CSV       : ../../umbra-bench/optimized/stick_wave\summary_20260902_033420.csv
Deploy    : mjpython deploy.py --urdf urdf/SO101/so101_new_calib.urdf --ts 20260902_033420 --results-dir ../../umbra-bench/optimized/stick_wave

