==============================================================
  run_sequence.py  —  8 frame(s)  ×  5 robot(s)
  Timestamp : 20260902_044636
  URDF      : urdf/SO101/so101_new_calib.urdf
  Output    : ../../umbra-bench/optimized/seamfix_windmill_n5
  Loss      : α=1.0 β=0.3 γ=0.0 γ_final=0.0 δ=0.0
  Budget    : Ph1=128×5  Ph2=128×5  Final=256  pop=192
  Multi-res : Ph1+2@64px → Final@128px
  Hungarian : reuse if sim≥0.7
==============================================================

[1/3] Building MuJoCo scene...
[scene] so101 ×5: light_y=1.00 wall_y=-2.80 throw=3.80m table_len=0.80m | magnification 2.1x–3.8x
      5 robots  |  30 DOF  |  built in 0.5s  (saved 4s vs per-frame rebuild)

[2/3] Optimizing 8 frame(s)...

[reach] cached → reach_af9f093674ee04d4.npz
[fit] castability 0.061 → 0.077  (scale 0.927, dy +24.7px, dx -16.5px, clip 0.2%)
[fit] clip transform {'scale': 0.9269, 'dy': 24.69, 'dx': -16.46, 'rot': 0.0, 'score': 0.0766, 'clip_frac': 0.00188, 'touches_edge': False, 'at_bound': False}  uncastable 4.2% → 33.2%

──────────────────────────────────────────────────────────────
  Frame 1/8 : f00.png
──────────────────────────────────────────────────────────────
[staged] Multi-res: Phase 1+2 at 64²px  Final at 128²px
[staged] Popsize: per-robot phases=32  final=192  (theory optimum for 6 DOF = 10)

[staged] Hungarian pre-assignment  (5×5 cost matrix, 8 samples/entry = 200 renders)...
[staged]   robot_a → zone 0  robot_b → zone 4  robot_c → zone 3  robot_d → zone 1  robot_e → zone 2

[staged] Phase 1 — forward greedy  (128 iters × 5 robot(s), sigma=0.40×1.00, popsize=32)
[staged]   Ph1 robot a  zone 0  (uncovered: 14% of target)
    voronoi warm-start: IoU 0.103 → 0.163 ✓
    init sampling: best coverage score 51.4px of uncovered area  (16 samples)
    stagnation restart #1 at iter 113  (IoU 0.339)  ICP δ=[3.7621604405405713]°
[staged]   → robot a: IoU 0.105 → 0.328  ✓
    ↑ new global best IoU 0.328  [phase Ph1 robot a]
[staged]   Ph1 robot b  zone 4  (uncovered: 25% of target)
    voronoi warm-start: IoU 0.253 ≤ 0.336, kept current
    init sampling: best coverage score 42.9px of uncovered area  (32 samples)
    stagnation restart #1 at iter 41  (IoU 0.371)
    stagnation restart #2 at iter 54  (IoU 0.371)
    stagnation restart #3 at iter 67  (IoU 0.371)
[staged]   → robot b: IoU 0.328 → 0.370  ✓
    ↑ new global best IoU 0.370  [phase Ph1 robot b]
[staged]   Ph1 robot c  zone 3  (uncovered: 1% of target)
    voronoi warm-start: IoU 0.311 ≤ 0.379, kept current
    init sampling: best coverage score 1.2px of uncovered area  (32 samples)
    stagnation restart #1 at iter 33  (IoU 0.409)
    stagnation restart #2 at iter 46  (IoU 0.409)
    stagnation restart #3 at iter 59  (IoU 0.409)
    stagnation restart #4 at iter 72  (IoU 0.409)
    stagnation restart #5 at iter 85  (IoU 0.409)
    stagnation restart #6 at iter 98  (IoU 0.409)
    stagnation restart #7 at iter 111  (IoU 0.409)
[staged]   → robot c: IoU 0.370 → 0.400  ✓
    ↑ new global best IoU 0.400  [phase Ph1 robot c]
[staged]   Ph1 robot d  zone 1  (uncovered: 4% of target)
    voronoi warm-start: IoU 0.356 ≤ 0.406, kept current
    init sampling: best coverage score 9.6px of uncovered area  (32 samples)
    stagnation restart #1 at iter 30  (IoU 0.424)
    stagnation restart #2 at iter 44  (IoU 0.424)
    stagnation restart #3 at iter 57  (IoU 0.424)
    stagnation restart #4 at iter 70  (IoU 0.424)
    stagnation restart #5 at iter 83  (IoU 0.424)
    stagnation restart #6 at iter 96  (IoU 0.424)
    stagnation restart #7 at iter 109  (IoU 0.424)
[staged]   → robot d: IoU 0.400 → 0.412  ✓
    ↑ new global best IoU 0.412  [phase Ph1 robot d]
[staged]   Ph1 robot e  zone 2  (uncovered: 3% of target)
    voronoi warm-start: IoU 0.395 ≤ 0.419, kept current
    init sampling: best coverage score 6.1px of uncovered area  (32 samples)
    stagnation restart #1 at iter 15  (IoU 0.456)
    stagnation restart #2 at iter 28  (IoU 0.456)
    stagnation restart #3 at iter 41  (IoU 0.456)
    stagnation restart #4 at iter 54  (IoU 0.456)
    stagnation restart #5 at iter 67  (IoU 0.456)
    stagnation restart #6 at iter 80  (IoU 0.456)
    stagnation restart #7 at iter 93  (IoU 0.456)
    stagnation restart #8 at iter 106  (IoU 0.456)
[staged]   → robot e: IoU 0.412 → 0.442  ✓
    ↑ new global best IoU 0.442  [phase Ph1 robot e]
[staged] Phase 1 done — composite IoU: 0.442

[staged] Phase 2 — backward pass  (128 iters × 5 robots, sigma=0.260)
[staged]   contributions before Phase 2:
[staged]     robot a: +0.085 IoU
[staged]     robot b: +0.060 IoU
[staged]     robot c: +0.050 IoU
[staged]     robot d: +0.029 IoU  ← low
[staged]     robot e: +0.030 IoU  ← low
[staged]   Ph2 robot e  zone 2  (uncovered: 3% of target)
    init sampling: best coverage score 7.4px of uncovered area  (32 samples)
    stagnation restart #1 at iter 18  (IoU 0.445)
[staged]   → robot e: candidate 0.437 < current 0.442  ✗ rejected
[staged]   Ph2 robot d  zone 1  (uncovered: 2% of target)
    init sampling: best coverage score 2.6px of uncovered area  (32 samples)
    stagnation restart #1 at iter 18  (IoU 0.449)
    stagnation restart #2 at iter 31  (IoU 0.449)
    stagnation restart #3 at iter 44  (IoU 0.449)
[staged]   → robot d: candidate 0.441 < current 0.442  ✗ rejected
[staged]   Ph2 robot c  zone 3  (uncovered: 10% of target)
    init sampling: best coverage score 30.2px of uncovered area  (32 samples)
    stagnation restart #1 at iter 37  (IoU 0.449)
    stagnation restart #2 at iter 50  (IoU 0.449)
    stagnation restart #3 at iter 63  (IoU 0.449)
    stagnation restart #4 at iter 76  (IoU 0.449)
    stagnation restart #5 at iter 89  (IoU 0.449)
    stagnation restart #6 at iter 102  (IoU 0.449)
    stagnation restart #7 at iter 115  (IoU 0.449)
[staged]   → robot c: candidate 0.441 < current 0.442  ✗ rejected
[staged]   Ph2 robot b  zone 4  (uncovered: 14% of target)
    init sampling: best coverage score 46.6px of uncovered area  (32 samples)
    stagnation restart #1 at iter 21  (IoU 0.427)
    stagnation restart #2 at iter 34  (IoU 0.427)
    stagnation restart #3 at iter 112  (IoU 0.466)
[staged]   → robot b: IoU 0.442 → 0.461  ✓
    ↑ new global best IoU 0.461  [phase Ph2 robot b]
[staged]   Ph2 robot a  zone 0  (uncovered: 14% of target)
    init sampling: best coverage score 30.9px of uncovered area  (32 samples)
    stagnation restart #1 at iter 15  (IoU 0.457)
[staged]   → robot a: candidate 0.454 < current 0.461  ✗ rejected
[staged] Phase 2 done — composite IoU: 0.461

[staged] Best snapshot: Phase 2  IoU=0.461
[staged] Adaptive final budget: warm (0.461)  iters 256→141  popsize 192→192
[staged] Manifold final pass — computing Jacobian  (ε=0.020, 60 renders)
[staged] Manifold basis: k=7D / 30D  (variance≥85%, top eigenvalues: ['377748.22', '324483.59', '139847.09', '76410.35', '72875.76'])
    ↑ new global best IoU 0.463  [manifold final pass]
[staged] Manifold done — IoU: 0.463  (Δ=+0.002)  ✓
[staged] Done — final IoU: 0.463  loss: 0.5385

  ✓  IoU=0.463  loss=0.5385  evals=43338  time=34s

──────────────────────────────────────────────────────────────
  Frame 2/8 : f01.png
──────────────────────────────────────────────────────────────
[seq] Recomputing zones  (sim=0.45 < 0.7)
[seq] ICP warm-start rejected: IoU 0.360 → 0.249 (Δθ=-10.7°), using prev_q
[staged] Temporal continuity: Ph1/Ph2 weight=0.300  final weight=0.000  (curriculum: IoU-free final pass)
[staged] Prior quality: cold (0.360)  →  Ph1 sigma×1.00  iters×1.00  init_samples=32
[staged] Multi-res: Phase 1+2 at 64²px  Final at 128²px
[staged] Popsize: per-robot phases=32  final=192  (theory optimum for 6 DOF = 10)

[staged] Hungarian pre-assignment  (5×5 cost matrix, 8 samples/entry = 200 renders)...
[staged]   robot_a → zone 2  robot_b → zone 3  robot_c → zone 0  robot_d → zone 4  robot_e → zone 1

[staged] Phase 1 — forward greedy  (128 iters × 5 robot(s), sigma=0.40×1.00, popsize=32)
[staged]   Ph1 robot a  zone 2  (uncovered: 2% of target)
    voronoi warm-start: IoU 0.305 ≤ 0.351, kept current
    [temporal] λ=0.300  μ=100.0  δ_max=1.20 rad  dof=6
    init sampling: best coverage score 9.2px of uncovered area  (32 samples)
    stagnation restart #1 at iter 24  (IoU 0.338)
    stagnation restart #2 at iter 37  (IoU 0.338)
    stagnation restart #3 at iter 89  (IoU 0.390)
    stagnation restart #4 at iter 102  (IoU 0.390)
    stagnation restart #5 at iter 115  (IoU 0.390)
    [temporal] Δq_max=0.297 rad  Δq_norm_rms=0.045  → direct quintic ✓
[staged]   → robot a: IoU 0.360 → 0.388  ✓
    ↑ new global best IoU 0.388  [phase Ph1 robot a]
[staged]   Ph1 robot b  zone 3  (uncovered: 1% of target)
    voronoi warm-start: IoU 0.290 ≤ 0.385, kept current
    [temporal] λ=0.300  μ=100.0  δ_max=1.20 rad  dof=6
    init sampling: best coverage score 3.7px of uncovered area  (32 samples)
    stagnation restart #1 at iter 90  (IoU 0.425)
    stagnation restart #2 at iter 103  (IoU 0.425)
    stagnation restart #3 at iter 116  (IoU 0.425)
    [temporal] Δq_max=0.028 rad  Δq_norm_rms=0.004  → direct quintic ✓
[staged]   → robot b: IoU 0.388 → 0.424  ✓
    ↑ new global best IoU 0.424  [phase Ph1 robot b]
[staged]   Ph1 robot c  zone 0  (uncovered: 4% of target)
    voronoi warm-start: IoU 0.348 ≤ 0.421, kept current
    [temporal] λ=0.300  μ=100.0  δ_max=1.20 rad  dof=6
    init sampling: best coverage score 15.6px of uncovered area  (32 samples)
    stagnation restart #1 at iter 63  (IoU 0.454)
    stagnation restart #2 at iter 76  (IoU 0.454)
    stagnation restart #3 at iter 89  (IoU 0.454)
    stagnation restart #4 at iter 102  (IoU 0.454)
    stagnation restart #5 at iter 115  (IoU 0.454)
    [temporal] Δq_max=0.170 rad  Δq_norm_rms=0.022  → direct quintic ✓
[staged]   → robot c: IoU 0.424 → 0.455  ✓
    ↑ new global best IoU 0.455  [phase Ph1 robot c]
[staged]   Ph1 robot d  zone 4  (uncovered: 8% of target)
    voronoi warm-start: IoU 0.398 ≤ 0.453, kept current
    [temporal] λ=0.300  μ=100.0  δ_max=1.20 rad  dof=6
    init sampling: best coverage score 21.0px of uncovered area  (32 samples)
    stagnation restart #1 at iter 31  (IoU 0.462)
    stagnation restart #2 at iter 44  (IoU 0.462)
    stagnation restart #3 at iter 57  (IoU 0.462)
    stagnation restart #4 at iter 105  (IoU 0.462)
    [temporal] Δq_max=0.101 rad  Δq_norm_rms=0.014  → direct quintic ✓
[staged]   → robot d: IoU 0.455 → 0.461  ✓
    ↑ new global best IoU 0.461  [phase Ph1 robot d]
[staged]   Ph1 robot e  zone 1  (uncovered: 8% of target)
    voronoi warm-start: IoU 0.425 ≤ 0.457, kept current
    [temporal] λ=0.300  μ=100.0  δ_max=1.20 rad  dof=6
    init sampling: best coverage score 20.2px of uncovered area  (32 samples)
    stagnation restart #1 at iter 54  (IoU 0.482)
    stagnation restart #2 at iter 67  (IoU 0.482)
    stagnation restart #3 at iter 80  (IoU 0.482)
    stagnation restart #4 at iter 93  (IoU 0.482)
    stagnation restart #5 at iter 106  (IoU 0.482)
    [temporal] Δq_max=0.121 rad  Δq_norm_rms=0.020  → direct quintic ✓
[staged]   → robot e: IoU 0.461 → 0.473  ✓
    ↑ new global best IoU 0.473  [phase Ph1 robot e]
[staged] Phase 1 done — composite IoU: 0.473

[staged] Phase 2 — backward pass  (128 iters × 5 robots, sigma=0.260)
[staged]   contributions before Phase 2:
[staged]     robot a: +0.115 IoU
[staged]     robot b: +0.078 IoU
[staged]     robot c: +0.061 IoU
[staged]     robot d: +0.036 IoU  ← low
[staged]     robot e: +0.046 IoU  ← low
[staged]   Ph2 robot e  zone 1  (uncovered: 8% of target)
    [temporal] λ=0.300  μ=100.0  δ_max=1.20 rad  dof=6
    init sampling: best coverage score 20.2px of uncovered area  (32 samples)
    stagnation restart #1 at iter 71  (IoU 0.477)
    stagnation restart #2 at iter 84  (IoU 0.477)
    stagnation restart #3 at iter 97  (IoU 0.477)
    stagnation restart #4 at iter 110  (IoU 0.477)
    [temporal] Δq_max=0.123 rad  Δq_norm_rms=0.020  → direct quintic ✓
[staged]   → robot e: candidate 0.473 < current 0.473  ✗ rejected
[staged]   Ph2 robot d  zone 4  (uncovered: 4% of target)
    [temporal] λ=0.300  μ=100.0  δ_max=1.20 rad  dof=6
    init sampling: best coverage score 5.2px of uncovered area  (32 samples)
    stagnation restart #1 at iter 49  (IoU 0.478)
    stagnation restart #2 at iter 62  (IoU 0.478)
    stagnation restart #3 at iter 75  (IoU 0.478)
    stagnation restart #4 at iter 88  (IoU 0.478)
    stagnation restart #5 at iter 101  (IoU 0.478)
    stagnation restart #6 at iter 114  (IoU 0.478)
    [temporal] Δq_max=0.136 rad  Δq_norm_rms=0.016  → direct quintic ✓
[staged]   → robot d: IoU 0.473 → 0.473  ✓
    ↑ new global best IoU 0.473  [phase Ph2 robot d]
[staged]   Ph2 robot c  zone 0  (uncovered: 13% of target)
    [temporal] λ=0.300  μ=100.0  δ_max=1.20 rad  dof=6
    init sampling: best coverage score 33.3px of uncovered area  (32 samples)
    stagnation restart #1 at iter 43  (IoU 0.477)
    stagnation restart #2 at iter 56  (IoU 0.477)
    stagnation restart #3 at iter 69  (IoU 0.477)
    stagnation restart #4 at iter 82  (IoU 0.477)
    stagnation restart #5 at iter 95  (IoU 0.477)
    stagnation restart #6 at iter 108  (IoU 0.477)
    [temporal] Δq_max=0.169 rad  Δq_norm_rms=0.022  → direct quintic ✓
[staged]   → robot c: candidate 0.473 < current 0.473  ✗ rejected
[staged]   Ph2 robot b  zone 3  (uncovered: 12% of target)
    [temporal] λ=0.300  μ=100.0  δ_max=1.20 rad  dof=6
    init sampling: best coverage score 37.0px of uncovered area  (32 samples)
    stagnation restart #1 at iter 94  (IoU 0.480)
    stagnation restart #2 at iter 107  (IoU 0.480)
    [temporal] Δq_max=0.105 rad  Δq_norm_rms=0.019  → direct quintic ✓
[staged]   → robot b: IoU 0.473 → 0.473  ✓
    ↑ new global best IoU 0.473  [phase Ph2 robot b]
[staged]   Ph2 robot a  zone 2  (uncovered: 17% of target)
    [temporal] λ=0.300  μ=100.0  δ_max=1.20 rad  dof=6
    init sampling: best coverage score 40.2px of uncovered area  (32 samples)
    stagnation restart #1 at iter 93  (IoU 0.453)
    stagnation restart #2 at iter 106  (IoU 0.453)
    [temporal] Δq_max=0.745 rad  Δq_norm_rms=0.105  → direct quintic ✓
[staged]   → robot a: candidate 0.449 < current 0.473  ✗ rejected
[staged] Phase 2 done — composite IoU: 0.473

[staged] Best snapshot: Phase 2  IoU=0.473
[staged] Adaptive final budget: warm (0.473)  iters 256→141  popsize 192→192
[staged] Manifold final pass — computing Jacobian  (ε=0.020, 60 renders)
[staged] Manifold basis: k=8D / 30D  (variance≥85%, top eigenvalues: ['327120.69', '280298.78', '116010.77', '77965.38', '73086.77'])
[staged] Manifold: candidate dq_max=0.290 rad (reachable), snapshot dq_max=0.297 rad (reachable)
    ↑ new global best IoU 0.476  [manifold final pass]
[staged] Manifold done — IoU: 0.476  (Δ=+0.003)  ✓
[staged] Done — final IoU: 0.476  loss: 0.5252
[staged] Displacement from prior:  global_max=0.290 rad
          robot_a: Δq_max=0.290 rad [direct ✓]
          robot_b: Δq_max=0.094 rad [direct ✓]
          robot_c: Δq_max=0.172 rad [direct ✓]
          robot_d: Δq_max=0.136 rad [direct ✓]
          robot_e: Δq_max=0.110 rad [direct ✓]

  ✓  IoU=0.476  loss=0.5252  evals=50954  time=40s

──────────────────────────────────────────────────────────────
  Frame 3/8 : f02.png
──────────────────────────────────────────────────────────────
[seq] Recomputing zones  (sim=0.42 < 0.7)
[seq] ICP warm-start rejected: IoU 0.307 → 0.229 (Δθ=-13.8°), using prev_q
[staged] Temporal continuity: Ph1/Ph2 weight=0.300  final weight=0.000  (curriculum: IoU-free final pass)
[staged] Prior quality: cold (0.307)  →  Ph1 sigma×1.00  iters×1.00  init_samples=32
[staged] Multi-res: Phase 1+2 at 64²px  Final at 128²px
[staged] Popsize: per-robot phases=32  final=192  (theory optimum for 6 DOF = 10)

[staged] Hungarian pre-assignment  (5×5 cost matrix, 8 samples/entry = 200 renders)...
[staged]   robot_a → zone 2  robot_b → zone 1  robot_c → zone 0  robot_d → zone 3  robot_e → zone 4

[staged] Phase 1 — forward greedy  (128 iters × 5 robot(s), sigma=0.40×1.00, popsize=32)
[staged]   Ph1 robot a  zone 2  (uncovered: 34% of target)
    voronoi warm-start: IoU 0.226 ≤ 0.305, kept current
    [temporal] λ=0.300  μ=100.0  δ_max=1.20 rad  dof=6
    init sampling: best coverage score 51.1px of uncovered area  (32 samples)
    stagnation restart #1 at iter 95  (IoU 0.347)
    stagnation restart #2 at iter 108  (IoU 0.347)
    [temporal] Δq_max=0.471 rad  Δq_norm_rms=0.062  → direct quintic ✓
[staged]   → robot a: IoU 0.307 → 0.338  ✓
    ↑ new global best IoU 0.338  [phase Ph1 robot a]
[staged]   Ph1 robot b  zone 1  (uncovered: 8% of target)
    voronoi warm-start: IoU 0.298 ≤ 0.341, kept current
    [temporal] λ=0.300  μ=100.0  δ_max=1.20 rad  dof=6
    init sampling: best coverage score 25.8px of uncovered area  (32 samples)
    stagnation restart #1 at iter 85  (IoU 0.371)
    stagnation restart #2 at iter 98  (IoU 0.371)
    stagnation restart #3 at iter 111  (IoU 0.371)
    [temporal] Δq_max=0.201 rad  Δq_norm_rms=0.019  → direct quintic ✓
[staged]   → robot b: IoU 0.338 → 0.362  ✓
    ↑ new global best IoU 0.362  [phase Ph1 robot b]
[staged]   Ph1 robot c  zone 0  (uncovered: 11% of target)
    voronoi warm-start: IoU 0.357 ≤ 0.371, kept current
    [temporal] λ=0.300  μ=100.0  δ_max=1.20 rad  dof=6
    init sampling: best coverage score 24.4px of uncovered area  (32 samples)
    stagnation restart #1 at iter 59  (IoU 0.393)
    stagnation restart #2 at iter 72  (IoU 0.393)
    stagnation restart #3 at iter 85  (IoU 0.393)
    stagnation restart #4 at iter 98  (IoU 0.393)
    stagnation restart #5 at iter 111  (IoU 0.393)
    [temporal] Δq_max=0.434 rad  Δq_norm_rms=0.058  → direct quintic ✓
[staged]   → robot c: IoU 0.362 → 0.383  ✓
    ↑ new global best IoU 0.383  [phase Ph1 robot c]
[staged]   Ph1 robot d  zone 3  (uncovered: 12% of target)
    voronoi warm-start: IoU 0.365 ≤ 0.391, kept current
    [temporal] λ=0.300  μ=100.0  δ_max=1.20 rad  dof=6
    init sampling: best coverage score 26.4px of uncovered area  (32 samples)
    stagnation restart #1 at iter 50  (IoU 0.396)
    stagnation restart #2 at iter 63  (IoU 0.396)
    stagnation restart #3 at iter 76  (IoU 0.396)
    stagnation restart #4 at iter 89  (IoU 0.396)
    stagnation restart #5 at iter 102  (IoU 0.396)
    stagnation restart #6 at iter 115  (IoU 0.396)
    [temporal] Δq_max=0.022 rad  Δq_norm_rms=0.003  → direct quintic ✓
[staged]   → robot d: IoU 0.383 → 0.383  ✓
    ↑ new global best IoU 0.383  [phase Ph1 robot d]
[staged]   Ph1 robot e  zone 4  (uncovered: 1% of target)
    voronoi warm-start: IoU 0.378 ≤ 0.392, kept current
    [temporal] λ=0.300  μ=100.0  δ_max=1.20 rad  dof=6
    init sampling: best coverage score 2.9px of uncovered area  (32 samples)
    stagnation restart #1 at iter 38  (IoU 0.406)
    stagnation restart #2 at iter 51  (IoU 0.406)
    stagnation restart #3 at iter 64  (IoU 0.406)
    stagnation restart #4 at iter 77  (IoU 0.406)
    stagnation restart #5 at iter 90  (IoU 0.406)
    stagnation restart #6 at iter 103  (IoU 0.406)
    stagnation restart #7 at iter 116  (IoU 0.406)
    [temporal] Δq_max=0.194 rad  Δq_norm_rms=0.030  → direct quintic ✓
[staged]   → robot e: IoU 0.383 → 0.393  ✓
    ↑ new global best IoU 0.393  [phase Ph1 robot e]
[staged] Phase 1 done — composite IoU: 0.393

[staged] Phase 2 — backward pass  (128 iters × 5 robots, sigma=0.260)
[staged]   contributions before Phase 2:
[staged]     robot a: +0.081 IoU
[staged]     robot b: +0.070 IoU
[staged]     robot c: +0.021 IoU  ← low
[staged]     robot d: +0.020 IoU  ← low
[staged]     robot e: +0.018 IoU  ← low
[staged]   Ph2 robot e  zone 4  (uncovered: 12% of target)
    [temporal] λ=0.300  μ=100.0  δ_max=1.20 rad  dof=6
    init sampling: best coverage score 27.0px of uncovered area  (32 samples)
    stagnation restart #1 at iter 56  (IoU 0.401)
    stagnation restart #2 at iter 69  (IoU 0.401)
    stagnation restart #3 at iter 82  (IoU 0.401)
    stagnation restart #4 at iter 95  (IoU 0.401)
    stagnation restart #5 at iter 108  (IoU 0.401)
    [temporal] Δq_max=0.195 rad  Δq_norm_rms=0.033  → direct quintic ✓
[staged]   → robot e: IoU 0.393 → 0.394  ✓
    ↑ new global best IoU 0.394  [phase Ph2 robot e]
[staged]   Ph2 robot d  zone 3  (uncovered: 11% of target)
    [temporal] λ=0.300  μ=100.0  δ_max=1.20 rad  dof=6
    init sampling: best coverage score 24.5px of uncovered area  (32 samples)
    stagnation restart #1 at iter 55  (IoU 0.405)
    stagnation restart #2 at iter 68  (IoU 0.405)
    stagnation restart #3 at iter 81  (IoU 0.405)
    stagnation restart #4 at iter 94  (IoU 0.405)
    stagnation restart #5 at iter 107  (IoU 0.405)
    [temporal] Δq_max=0.121 rad  Δq_norm_rms=0.016  → direct quintic ✓
[staged]   → robot d: IoU 0.394 → 0.395  ✓
    ↑ new global best IoU 0.395  [phase Ph2 robot d]
[staged]   Ph2 robot c  zone 0  (uncovered: 11% of target)
    [temporal] λ=0.300  μ=100.0  δ_max=1.20 rad  dof=6
    init sampling: best coverage score 27.2px of uncovered area  (32 samples)
    stagnation restart #1 at iter 54  (IoU 0.405)
    stagnation restart #2 at iter 67  (IoU 0.405)
    stagnation restart #3 at iter 80  (IoU 0.405)
    stagnation restart #4 at iter 93  (IoU 0.405)
    stagnation restart #5 at iter 106  (IoU 0.405)
    [temporal] Δq_max=0.419 rad  Δq_norm_rms=0.059  → direct quintic ✓
[staged]   → robot c: IoU 0.395 → 0.396  ✓
    ↑ new global best IoU 0.396  [phase Ph2 robot c]
[staged]   Ph2 robot b  zone 1  (uncovered: 24% of target)
    [temporal] λ=0.300  μ=100.0  δ_max=1.20 rad  dof=6
    init sampling: best coverage score 70.9px of uncovered area  (32 samples)
    stagnation restart #1 at iter 34  (IoU 0.399)
    stagnation restart #2 at iter 47  (IoU 0.399)
    stagnation restart #3 at iter 60  (IoU 0.399)
    stagnation restart #4 at iter 73  (IoU 0.399)
    stagnation restart #5 at iter 86  (IoU 0.399)
    stagnation restart #6 at iter 99  (IoU 0.399)
    stagnation restart #7 at iter 112  (IoU 0.399)
    [temporal] Δq_max=0.162 rad  Δq_norm_rms=0.031  → direct quintic ✓
[staged]   → robot b: candidate 0.389 < current 0.396  ✗ rejected
[staged]   Ph2 robot a  zone 2  (uncovered: 27% of target)
    [temporal] λ=0.300  μ=100.0  δ_max=1.20 rad  dof=6
    init sampling: best coverage score 53.6px of uncovered area  (32 samples)
    stagnation restart #1 at iter 27  (IoU 0.370)
    stagnation restart #2 at iter 76  (IoU 0.398)
    stagnation restart #3 at iter 89  (IoU 0.398)
    stagnation restart #4 at iter 102  (IoU 0.398)
    stagnation restart #5 at iter 115  (IoU 0.398)
    [temporal] Δq_max=0.075 rad  Δq_norm_rms=0.020  → direct quintic ✓
[staged]   → robot a: candidate 0.388 < current 0.396  ✗ rejected
[staged] Phase 2 done — composite IoU: 0.396

[staged] Best snapshot: Phase 2  IoU=0.396
[staged] Manifold final pass — computing Jacobian  (ε=0.020, 60 renders)
[staged] Manifold basis: k=7D / 30D  (variance≥85%, top eigenvalues: ['367414.84', '223964.14', '139272.00', '82351.67', '48799.27'])
[staged] Manifold: candidate dq_max=0.472 rad (reachable), snapshot dq_max=0.471 rad (reachable)
    ↑ new global best IoU 0.402  [manifold final pass]
[staged] Manifold done — IoU: 0.402  (Δ=+0.007)  ✓
[staged] Done — final IoU: 0.402  loss: 0.5993
[staged] Displacement from prior:  global_max=0.472 rad
          robot_a: Δq_max=0.472 rad [direct ✓]
          robot_b: Δq_max=0.189 rad [direct ✓]
          robot_c: Δq_max=0.419 rad [direct ✓]
          robot_d: Δq_max=0.121 rad [direct ✓]
          robot_e: Δq_max=0.283 rad [direct ✓]

  ✓  IoU=0.402  loss=0.5993  evals=53450  time=40s

──────────────────────────────────────────────────────────────
  Frame 4/8 : f03.png
──────────────────────────────────────────────────────────────
[seq] Recomputing zones  (sim=0.41 < 0.7)
[seq] ICP warm-start rejected: IoU 0.316 → 0.308 (Δθ=-10.3°), using prev_q
[staged] Temporal continuity: Ph1/Ph2 weight=0.300  final weight=0.000  (curriculum: IoU-free final pass)
[staged] Prior quality: cold (0.316)  →  Ph1 sigma×1.00  iters×1.00  init_samples=32
[staged] Multi-res: Phase 1+2 at 64²px  Final at 128²px
[staged] Popsize: per-robot phases=32  final=192  (theory optimum for 6 DOF = 10)

[staged] Hungarian pre-assignment  (5×5 cost matrix, 8 samples/entry = 200 renders)...
[staged]   robot_a → zone 2  robot_b → zone 1  robot_c → zone 0  robot_d → zone 3  robot_e → zone 4

[staged] Phase 1 — forward greedy  (128 iters × 5 robot(s), sigma=0.40×1.00, popsize=32)
[staged]   Ph1 robot a  zone 2  (uncovered: 38% of target)
    voronoi warm-start: IoU 0.259 ≤ 0.312, kept current
    [temporal] λ=0.300  μ=100.0  δ_max=1.20 rad  dof=6
    init sampling: best coverage score 70.3px of uncovered area  (32 samples)
    stagnation restart #1 at iter 24  (IoU 0.343)
    stagnation restart #2 at iter 73  (IoU 0.390)
    stagnation restart #3 at iter 86  (IoU 0.390)
    stagnation restart #4 at iter 99  (IoU 0.390)
    stagnation restart #5 at iter 112  (IoU 0.390)
    [temporal] Δq_max=0.404 rad  Δq_norm_rms=0.071  → direct quintic ✓
[staged]   → robot a: IoU 0.316 → 0.386  ✓
    ↑ new global best IoU 0.386  [phase Ph1 robot a]
[staged]   Ph1 robot b  zone 1  (uncovered: 1% of target)
    voronoi warm-start: IoU 0.318 ≤ 0.385, kept current
    [temporal] λ=0.300  μ=100.0  δ_max=1.20 rad  dof=6
    init sampling: best coverage score 2.4px of uncovered area  (32 samples)
    stagnation restart #1 at iter 34  (IoU 0.405)
    stagnation restart #2 at iter 84  (IoU 0.421)
    stagnation restart #3 at iter 97  (IoU 0.421)
    stagnation restart #4 at iter 110  (IoU 0.421)
    [temporal] Δq_max=0.242 rad  Δq_norm_rms=0.023  → direct quintic ✓
[staged]   → robot b: IoU 0.386 → 0.418  ✓
    ↑ new global best IoU 0.418  [phase Ph1 robot b]
[staged]   Ph1 robot c  zone 0  (uncovered: 6% of target)
    voronoi warm-start: IoU 0.352 ≤ 0.418, kept current
    [temporal] λ=0.300  μ=100.0  δ_max=1.20 rad  dof=6
    init sampling: best coverage score 20.3px of uncovered area  (32 samples)
    stagnation restart #1 at iter 68  (IoU 0.424)  ICP δ=[2.8119368820825263]°
    stagnation restart #2 at iter 81  (IoU 0.424)  ICP δ=[-2.8119368820825263]°
    stagnation restart #3 at iter 94  (IoU 0.424)  ICP δ=[2.8119368820825263]°
    stagnation restart #4 at iter 107  (IoU 0.424)  ICP δ=[-2.8119368820825263]°
    [temporal] Δq_max=0.082 rad  Δq_norm_rms=0.012  → direct quintic ✓
[staged]   → robot c: IoU 0.418 → 0.423  ✓
    ↑ new global best IoU 0.423  [phase Ph1 robot c]
[staged]   Ph1 robot d  zone 3  (uncovered: 9% of target)
    voronoi warm-start: IoU 0.392 ≤ 0.423, kept current
    [temporal] λ=0.300  μ=100.0  δ_max=1.20 rad  dof=6
    init sampling: best coverage score 25.7px of uncovered area  (32 samples)
    stagnation restart #1 at iter 26  (IoU 0.429)
    stagnation restart #2 at iter 75  (IoU 0.431)
    stagnation restart #3 at iter 88  (IoU 0.431)
    stagnation restart #4 at iter 101  (IoU 0.431)
    stagnation restart #5 at iter 114  (IoU 0.431)
    [temporal] Δq_max=0.181 rad  Δq_norm_rms=0.026  → direct quintic ✓
[staged]   → robot d: IoU 0.423 → 0.426  ✓
    ↑ new global best IoU 0.426  [phase Ph1 robot d]
[staged]   Ph1 robot e  zone 4  (uncovered: 12% of target)
    voronoi warm-start: IoU 0.405 ≤ 0.428, kept current
    [temporal] λ=0.300  μ=100.0  δ_max=1.20 rad  dof=6
    init sampling: best coverage score 23.8px of uncovered area  (32 samples)
    stagnation restart #1 at iter 58  (IoU 0.454)
    stagnation restart #2 at iter 71  (IoU 0.454)
    stagnation restart #3 at iter 84  (IoU 0.454)
    stagnation restart #4 at iter 97  (IoU 0.454)
    stagnation restart #5 at iter 110  (IoU 0.454)
    [temporal] Δq_max=0.150 rad  Δq_norm_rms=0.021  → direct quintic ✓
[staged]   → robot e: IoU 0.426 → 0.443  ✓
    ↑ new global best IoU 0.443  [phase Ph1 robot e]
[staged] Phase 1 done — composite IoU: 0.443

[staged] Phase 2 — backward pass  (128 iters × 5 robots, sigma=0.260)
[staged]   contributions before Phase 2:
[staged]     robot a: +0.102 IoU
[staged]     robot b: +0.066 IoU
[staged]     robot c: +0.062 IoU
[staged]     robot d: +0.014 IoU  ← low
[staged]     robot e: +0.037 IoU  ← low
[staged]   Ph2 robot e  zone 4  (uncovered: 12% of target)
    [temporal] λ=0.300  μ=100.0  δ_max=1.20 rad  dof=6
    init sampling: best coverage score 19.7px of uncovered area  (32 samples)
    stagnation restart #1 at iter 57  (IoU 0.447)
    stagnation restart #2 at iter 70  (IoU 0.447)
    stagnation restart #3 at iter 83  (IoU 0.447)
    stagnation restart #4 at iter 96  (IoU 0.447)
    stagnation restart #5 at iter 109  (IoU 0.447)
    [temporal] Δq_max=0.168 rad  Δq_norm_rms=0.021  → direct quintic ✓
[staged]   → robot e: IoU 0.443 → 0.443  ✓
    ↑ new global best IoU 0.443  [phase Ph2 robot e]
[staged]   Ph2 robot d  zone 3  (uncovered: 5% of target)
    [temporal] λ=0.300  μ=100.0  δ_max=1.20 rad  dof=6
    init sampling: best coverage score 11.7px of uncovered area  (32 samples)
    stagnation restart #1 at iter 57  (IoU 0.450)
    stagnation restart #2 at iter 70  (IoU 0.450)
    stagnation restart #3 at iter 83  (IoU 0.450)
    stagnation restart #4 at iter 96  (IoU 0.450)
    stagnation restart #5 at iter 109  (IoU 0.450)
    [temporal] Δq_max=0.085 rad  Δq_norm_rms=0.012  → direct quintic ✓
[staged]   → robot d: IoU 0.443 → 0.446  ✓
    ↑ new global best IoU 0.446  [phase Ph2 robot d]
[staged]   Ph2 robot c  zone 0  (uncovered: 15% of target)
    [temporal] λ=0.300  μ=100.0  δ_max=1.20 rad  dof=6
    init sampling: best coverage score 37.2px of uncovered area  (32 samples)
    stagnation restart #1 at iter 94  (IoU 0.450)
    stagnation restart #2 at iter 107  (IoU 0.450)
    [temporal] Δq_max=0.079 rad  Δq_norm_rms=0.011  → direct quintic ✓
[staged]   → robot c: candidate 0.446 < current 0.446  ✗ rejected
[staged]   Ph2 robot b  zone 1  (uncovered: 12% of target)
    [temporal] λ=0.300  μ=100.0  δ_max=1.20 rad  dof=6
    init sampling: best coverage score 30.0px of uncovered area  (32 samples)
    stagnation restart #1 at iter 87  (IoU 0.452)
    stagnation restart #2 at iter 100  (IoU 0.452)
    stagnation restart #3 at iter 113  (IoU 0.452)
    [temporal] Δq_max=0.316 rad  Δq_norm_rms=0.025  → direct quintic ✓
[staged]   → robot b: IoU 0.446 → 0.448  ✓
    ↑ new global best IoU 0.448  [phase Ph2 robot b]
[staged]   Ph2 robot a  zone 2  (uncovered: 28% of target)
    [temporal] λ=0.300  μ=100.0  δ_max=1.20 rad  dof=6
    init sampling: best coverage score 83.9px of uncovered area  (32 samples)
    stagnation restart #1 at iter 33  (IoU 0.426)
    stagnation restart #2 at iter 112  (IoU 0.453)
    [temporal] Δq_max=0.354 rad  Δq_norm_rms=0.055  → direct quintic ✓
[staged]   → robot a: candidate 0.445 < current 0.448  ✗ rejected
[staged] Phase 2 done — composite IoU: 0.448

[staged] Best snapshot: Phase 2  IoU=0.448
[staged] Adaptive final budget: warm (0.448)  iters 256→141  popsize 192→192
[staged] Manifold final pass — computing Jacobian  (ε=0.020, 60 renders)
[staged] Manifold basis: k=8D / 30D  (variance≥85%, top eigenvalues: ['217073.88', '184893.59', '142257.42', '45665.16', '45052.61'])
[staged] Manifold: candidate dq_max=0.412 rad (reachable), snapshot dq_max=0.404 rad (reachable)
    ↑ new global best IoU 0.456  [manifold final pass]
[staged] Manifold done — IoU: 0.456  (Δ=+0.008)  ✓
[staged] Done — final IoU: 0.456  loss: 0.5454
[staged] Displacement from prior:  global_max=0.412 rad
          robot_a: Δq_max=0.412 rad [direct ✓]
          robot_b: Δq_max=0.313 rad [direct ✓]
          robot_c: Δq_max=0.085 rad [direct ✓]
          robot_d: Δq_max=0.085 rad [direct ✓]
          robot_e: Δq_max=0.173 rad [direct ✓]

  ✓  IoU=0.456  loss=0.5454  evals=50378  time=36s

──────────────────────────────────────────────────────────────
  Frame 5/8 : f04.png
──────────────────────────────────────────────────────────────
[seq] Recomputing zones  (sim=0.45 < 0.7)
[seq] ICP warm-start rejected: IoU 0.319 → 0.247 (Δθ=-11.9°), using prev_q
[staged] Temporal continuity: Ph1/Ph2 weight=0.300  final weight=0.000  (curriculum: IoU-free final pass)
[staged] Prior quality: cold (0.319)  →  Ph1 sigma×1.00  iters×1.00  init_samples=32
[staged] Multi-res: Phase 1+2 at 64²px  Final at 128²px
[staged] Popsize: per-robot phases=32  final=192  (theory optimum for 6 DOF = 10)

[staged] Hungarian pre-assignment  (5×5 cost matrix, 8 samples/entry = 200 renders)...
[staged]   robot_a → zone 4  robot_b → zone 1  robot_c → zone 0  robot_d → zone 3  robot_e → zone 2

[staged] Phase 1 — forward greedy  (128 iters × 5 robot(s), sigma=0.40×1.00, popsize=32)
[staged]   Ph1 robot a  zone 4  (uncovered: 1% of target)
    voronoi warm-start: IoU 0.239 ≤ 0.319, kept current
    [temporal] λ=0.300  μ=100.0  δ_max=1.20 rad  dof=6
    init sampling: best coverage score 3.9px of uncovered area  (32 samples)
    stagnation restart #1 at iter 87  (IoU 0.363)
    stagnation restart #2 at iter 100  (IoU 0.363)
    stagnation restart #3 at iter 113  (IoU 0.363)
    [temporal] Δq_max=0.146 rad  Δq_norm_rms=0.017  → direct quintic ✓
[staged]   → robot a: IoU 0.319 → 0.353  ✓
    ↑ new global best IoU 0.353  [phase Ph1 robot a]
[staged]   Ph1 robot b  zone 1  (uncovered: 25% of target)
    voronoi warm-start: IoU 0.287 ≤ 0.357, kept current
    [temporal] λ=0.300  μ=100.0  δ_max=1.20 rad  dof=6
    init sampling: best coverage score 64.9px of uncovered area  (32 samples)
    stagnation restart #1 at iter 44  (IoU 0.385)
    stagnation restart #2 at iter 57  (IoU 0.385)
    stagnation restart #3 at iter 78  (IoU 0.386)
    stagnation restart #4 at iter 91  (IoU 0.386)
    stagnation restart #5 at iter 104  (IoU 0.386)
    stagnation restart #6 at iter 117  (IoU 0.386)
    [temporal] Δq_max=0.393 rad  Δq_norm_rms=0.061  → direct quintic ✓
[staged]   → robot b: IoU 0.353 → 0.377  ✓
    ↑ new global best IoU 0.377  [phase Ph1 robot b]
[staged]   Ph1 robot c  zone 0  (uncovered: 6% of target)
    voronoi warm-start: IoU 0.335 ≤ 0.381, kept current
    [temporal] λ=0.300  μ=100.0  δ_max=1.20 rad  dof=6
    init sampling: best coverage score 13.3px of uncovered area  (32 samples)
    stagnation restart #1 at iter 46  (IoU 0.382)
    stagnation restart #2 at iter 59  (IoU 0.382)
    stagnation restart #3 at iter 72  (IoU 0.382)
    stagnation restart #4 at iter 85  (IoU 0.382)
    stagnation restart #5 at iter 98  (IoU 0.382)
    stagnation restart #6 at iter 111  (IoU 0.382)
    [temporal] Δq_max=0.492 rad  Δq_norm_rms=0.045  → direct quintic ✓
[staged]   → robot c: IoU 0.377 → 0.381  ✓
    ↑ new global best IoU 0.381  [phase Ph1 robot c]
[staged]   Ph1 robot d  zone 3  (uncovered: 1% of target)
    voronoi warm-start: IoU 0.345 ≤ 0.384, kept current
    [temporal] λ=0.300  μ=100.0  δ_max=1.20 rad  dof=6
    init sampling: best coverage score 3.4px of uncovered area  (32 samples)
    stagnation restart #1 at iter 35  (IoU 0.396)
    stagnation restart #2 at iter 48  (IoU 0.396)
    stagnation restart #3 at iter 61  (IoU 0.396)
    [temporal] Δq_max=0.353 rad  Δq_norm_rms=0.051  → direct quintic ✓
[staged]   → robot d: IoU 0.381 → 0.387  ✓
    ↑ new global best IoU 0.387  [phase Ph1 robot d]
[staged]   Ph1 robot e  zone 2  (uncovered: 3% of target)
    voronoi warm-start: IoU 0.382 ≤ 0.394, kept current
    [temporal] λ=0.300  μ=100.0  δ_max=1.20 rad  dof=6
    init sampling: best coverage score 4.7px of uncovered area  (32 samples)
    stagnation restart #1 at iter 54  (IoU 0.415)
    stagnation restart #2 at iter 67  (IoU 0.415)
    stagnation restart #3 at iter 80  (IoU 0.415)
    stagnation restart #4 at iter 93  (IoU 0.415)
    stagnation restart #5 at iter 106  (IoU 0.415)
    [temporal] Δq_max=0.335 rad  Δq_norm_rms=0.039  → direct quintic ✓
[staged]   → robot e: IoU 0.387 → 0.406  ✓
    ↑ new global best IoU 0.406  [phase Ph1 robot e]
[staged] Phase 1 done — composite IoU: 0.406

[staged] Phase 2 — backward pass  (128 iters × 5 robots, sigma=0.260)
[staged]   contributions before Phase 2:
[staged]     robot a: +0.096 IoU
[staged]     robot b: +0.046 IoU  ← low
[staged]     robot c: +0.013 IoU  ← low
[staged]     robot d: +0.008 IoU  ← low
[staged]     robot e: +0.022 IoU  ← low
[staged]   Ph2 robot e  zone 2  (uncovered: 14% of target)
    [temporal] λ=0.300  μ=100.0  δ_max=1.20 rad  dof=6
    init sampling: best coverage score 28.4px of uncovered area  (32 samples)
    stagnation restart #1 at iter 59  (IoU 0.412)
    stagnation restart #2 at iter 72  (IoU 0.412)
    stagnation restart #3 at iter 85  (IoU 0.412)
    stagnation restart #4 at iter 98  (IoU 0.412)
    stagnation restart #5 at iter 111  (IoU 0.412)
    [temporal] Δq_max=0.234 rad  Δq_norm_rms=0.033  → direct quintic ✓
[staged]   → robot e: candidate 0.405 < current 0.406  ✗ rejected
[staged]   Ph2 robot d  zone 3  (uncovered: 12% of target)
    [temporal] λ=0.300  μ=100.0  δ_max=1.20 rad  dof=6
    init sampling: best coverage score 23.7px of uncovered area  (32 samples)
    stagnation restart #1 at iter 83  (IoU 0.413)
    stagnation restart #2 at iter 96  (IoU 0.413)
    stagnation restart #3 at iter 109  (IoU 0.413)
    [temporal] Δq_max=0.307 rad  Δq_norm_rms=0.050  → direct quintic ✓
[staged]   → robot d: IoU 0.406 → 0.409  ✓
    ↑ new global best IoU 0.409  [phase Ph2 robot d]
[staged]   Ph2 robot c  zone 0  (uncovered: 14% of target)
    [temporal] λ=0.300  μ=100.0  δ_max=1.20 rad  dof=6
    init sampling: best coverage score 20.8px of uncovered area  (32 samples)
    stagnation restart #1 at iter 94  (IoU 0.415)  ICP δ=[-4.9406848646444566]°
    stagnation restart #2 at iter 107  (IoU 0.415)  ICP δ=[4.9406848646444566]°
    [temporal] Δq_max=0.042 rad  Δq_norm_rms=0.007  → direct quintic ✓
[staged]   → robot c: IoU 0.409 → 0.411  ✓
    ↑ new global best IoU 0.411  [phase Ph2 robot c]
[staged]   Ph2 robot b  zone 1  (uncovered: 17% of target)
    [temporal] λ=0.300  μ=100.0  δ_max=1.20 rad  dof=6
    init sampling: best coverage score 47.7px of uncovered area  (32 samples)
    stagnation restart #1 at iter 25  (IoU 0.414)
    stagnation restart #2 at iter 91  (IoU 0.426)
    stagnation restart #3 at iter 104  (IoU 0.426)
    stagnation restart #4 at iter 117  (IoU 0.426)
    [temporal] Δq_max=0.042 rad  Δq_norm_rms=0.007  → direct quintic ✓
[staged]   → robot b: IoU 0.411 → 0.420  ✓
    ↑ new global best IoU 0.420  [phase Ph2 robot b]
[staged]   Ph2 robot a  zone 4  (uncovered: 25% of target)
    [temporal] λ=0.300  μ=100.0  δ_max=1.20 rad  dof=6
    init sampling: best coverage score 59.0px of uncovered area  (32 samples)
    stagnation restart #1 at iter 117  (IoU 0.381)
    [temporal] Δq_max=1.244 rad  Δq_norm_rms=0.226  → STOMP/sequential needed  (Δq_max 1.24 ≥ δ_max 1.20)
[staged]   → robot a: candidate 0.378 < current 0.420  ✗ rejected
[staged] Phase 2 done — composite IoU: 0.420

[staged] Best snapshot: Phase 2  IoU=0.420
[staged] Adaptive final budget: warm (0.420)  iters 256→141  popsize 192→192
[staged] Manifold final pass — computing Jacobian  (ε=0.020, 60 renders)
[staged] Manifold basis: k=10D / 30D  (variance≥85%, top eigenvalues: ['274131.34', '130492.62', '113277.63', '67346.56', '43987.56'])
[staged] Manifold: candidate dq_max=0.335 rad (reachable), snapshot dq_max=0.335 rad (reachable)
    ↑ new global best IoU 0.425  [manifold final pass]
[staged] Manifold done — IoU: 0.425  (Δ=+0.004)  ✓
[staged] Done — final IoU: 0.425  loss: 0.5770
[staged] Displacement from prior:  global_max=0.335 rad
          robot_a: Δq_max=0.131 rad [direct ✓]
          robot_b: Δq_max=0.186 rad [direct ✓]
          robot_c: Δq_max=0.043 rad [direct ✓]
          robot_d: Δq_max=0.288 rad [direct ✓]
          robot_e: Δq_max=0.335 rad [direct ✓]

  ✓  IoU=0.425  loss=0.5770  evals=54602  time=40s

──────────────────────────────────────────────────────────────
  Frame 6/8 : f05.png
──────────────────────────────────────────────────────────────
[seq] Recomputing zones  (sim=0.41 < 0.7)
[seq] ICP warm-start rejected: IoU 0.329 → 0.256 (Δθ=-17.6°), using prev_q
[staged] Temporal continuity: Ph1/Ph2 weight=0.300  final weight=0.000  (curriculum: IoU-free final pass)
[staged] Prior quality: cold (0.329)  →  Ph1 sigma×1.00  iters×1.00  init_samples=32
[staged] Multi-res: Phase 1+2 at 64²px  Final at 128²px
[staged] Popsize: per-robot phases=32  final=192  (theory optimum for 6 DOF = 10)

[staged] Hungarian pre-assignment  (5×5 cost matrix, 8 samples/entry = 200 renders)...
[staged]   robot_a → zone 1  robot_b → zone 2  robot_c → zone 0  robot_d → zone 3  robot_e → zone 4

[staged] Phase 1 — forward greedy  (128 iters × 5 robot(s), sigma=0.40×1.00, popsize=32)
[staged]   Ph1 robot a  zone 1  (uncovered: 30% of target)
    voronoi warm-start: IoU 0.217 ≤ 0.327, kept current
    [temporal] λ=0.300  μ=100.0  δ_max=1.20 rad  dof=6
    init sampling: best coverage score 44.7px of uncovered area  (32 samples)
    stagnation restart #1 at iter 75  (IoU 0.374)
    stagnation restart #2 at iter 88  (IoU 0.374)
    stagnation restart #3 at iter 101  (IoU 0.374)
    stagnation restart #4 at iter 114  (IoU 0.374)
    [temporal] Δq_max=0.225 rad  Δq_norm_rms=0.030  → direct quintic ✓
[staged]   → robot a: IoU 0.329 → 0.368  ✓
    ↑ new global best IoU 0.368  [phase Ph1 robot a]
[staged]   Ph1 robot b  zone 2  (uncovered: 27% of target)
    voronoi warm-start: IoU 0.267 ≤ 0.369, kept current
    [temporal] λ=0.300  μ=100.0  δ_max=1.20 rad  dof=6
    init sampling: best coverage score 58.1px of uncovered area  (32 samples)
    stagnation restart #1 at iter 104  (IoU 0.408)
    stagnation restart #2 at iter 117  (IoU 0.408)
    [temporal] Δq_max=0.184 rad  Δq_norm_rms=0.014  → direct quintic ✓
[staged]   → robot b: IoU 0.368 → 0.397  ✓
    ↑ new global best IoU 0.397  [phase Ph1 robot b]
[staged]   Ph1 robot c  zone 0  (uncovered: 7% of target)
    voronoi warm-start: IoU 0.342 ≤ 0.404, kept current
    [temporal] λ=0.300  μ=100.0  δ_max=1.20 rad  dof=6
    init sampling: best coverage score 26.7px of uncovered area  (32 samples)
    stagnation restart #1 at iter 83  (IoU 0.406)  ICP δ=[5.416699206578054]°
    stagnation restart #2 at iter 96  (IoU 0.406)  ICP δ=[-5.416699206578054]°
    stagnation restart #3 at iter 109  (IoU 0.406)  ICP δ=[5.416699206578054]°
    [temporal] Δq_max=0.022 rad  Δq_norm_rms=0.004  → direct quintic ✓
[staged]   → robot c: IoU 0.397 → 0.397  ✓
    ↑ new global best IoU 0.397  [phase Ph1 robot c]
[staged]   Ph1 robot d  zone 3  (uncovered: 18% of target)
    voronoi warm-start: IoU 0.348 ≤ 0.405, kept current
    [temporal] λ=0.300  μ=100.0  δ_max=1.20 rad  dof=6
    init sampling: best coverage score 26.9px of uncovered area  (32 samples)
    stagnation restart #1 at iter 53  (IoU 0.418)
    stagnation restart #2 at iter 66  (IoU 0.418)
    stagnation restart #3 at iter 79  (IoU 0.418)
    stagnation restart #4 at iter 92  (IoU 0.418)
    stagnation restart #5 at iter 105  (IoU 0.418)
    [temporal] Δq_max=0.162 rad  Δq_norm_rms=0.034  → direct quintic ✓
[staged]   → robot d: IoU 0.397 → 0.404  ✓
    ↑ new global best IoU 0.404  [phase Ph1 robot d]
[staged]   Ph1 robot e  zone 4  (uncovered: 4% of target)
    voronoi warm-start: IoU 0.381 ≤ 0.413, kept current
    [temporal] λ=0.300  μ=100.0  δ_max=1.20 rad  dof=6
    init sampling: best coverage score 7.9px of uncovered area  (32 samples)
    stagnation restart #1 at iter 62  (IoU 0.433)
    stagnation restart #2 at iter 75  (IoU 0.433)
    stagnation restart #3 at iter 88  (IoU 0.433)
    stagnation restart #4 at iter 101  (IoU 0.433)
    stagnation restart #5 at iter 114  (IoU 0.433)
    [temporal] Δq_max=0.347 rad  Δq_norm_rms=0.035  → direct quintic ✓
[staged]   → robot e: IoU 0.404 → 0.419  ✓
    ↑ new global best IoU 0.419  [phase Ph1 robot e]
[staged] Phase 1 done — composite IoU: 0.419

[staged] Phase 2 — backward pass  (128 iters × 5 robots, sigma=0.260)
[staged]   contributions before Phase 2:
[staged]     robot a: +0.065 IoU
[staged]     robot b: +0.039 IoU  ← low
[staged]     robot c: -0.008 IoU  ← low
[staged]     robot d: +0.026 IoU  ← low
[staged]     robot e: +0.039 IoU  ← low
[staged]   Ph2 robot e  zone 4  (uncovered: 16% of target)
    [temporal] λ=0.300  μ=100.0  δ_max=1.20 rad  dof=6
    init sampling: best coverage score 38.2px of uncovered area  (32 samples)
    stagnation restart #1 at iter 49  (IoU 0.430)
    stagnation restart #2 at iter 62  (IoU 0.430)
    stagnation restart #3 at iter 75  (IoU 0.430)
    stagnation restart #4 at iter 88  (IoU 0.430)
    stagnation restart #5 at iter 101  (IoU 0.430)
    stagnation restart #6 at iter 114  (IoU 0.430)
    [temporal] Δq_max=0.237 rad  Δq_norm_rms=0.029  → direct quintic ✓
[staged]   → robot e: candidate 0.418 < current 0.419  ✗ rejected
[staged]   Ph2 robot d  zone 3  (uncovered: 16% of target)
    [temporal] λ=0.300  μ=100.0  δ_max=1.20 rad  dof=6
    init sampling: best coverage score 21.5px of uncovered area  (32 samples)
    stagnation restart #1 at iter 83  (IoU 0.433)
    stagnation restart #2 at iter 96  (IoU 0.433)
    stagnation restart #3 at iter 109  (IoU 0.433)
    [temporal] Δq_max=0.219 rad  Δq_norm_rms=0.034  → direct quintic ✓
[staged]   → robot d: IoU 0.419 → 0.420  ✓
    ↑ new global best IoU 0.420  [phase Ph2 robot d]
[staged]   Ph2 robot c  zone 0  (uncovered: 12% of target)
    [temporal] λ=0.300  μ=100.0  δ_max=1.20 rad  dof=6
    init sampling: best coverage score 15.2px of uncovered area  (32 samples)
    stagnation restart #1 at iter 77  (IoU 0.445)
    stagnation restart #2 at iter 90  (IoU 0.445)
    stagnation restart #3 at iter 103  (IoU 0.445)
    stagnation restart #4 at iter 116  (IoU 0.445)
    [temporal] Δq_max=0.962 rad  Δq_norm_rms=0.123  → direct quintic ✓
[staged]   → robot c: IoU 0.420 → 0.430  ✓
    ↑ new global best IoU 0.430  [phase Ph2 robot c]
[staged]   Ph2 robot b  zone 2  (uncovered: 20% of target)
    [temporal] λ=0.300  μ=100.0  δ_max=1.20 rad  dof=6
    init sampling: best coverage score 43.2px of uncovered area  (32 samples)
    stagnation restart #1 at iter 57  (IoU 0.448)
    stagnation restart #2 at iter 70  (IoU 0.448)
    stagnation restart #3 at iter 83  (IoU 0.448)
    stagnation restart #4 at iter 96  (IoU 0.448)
    stagnation restart #5 at iter 109  (IoU 0.448)
    [temporal] Δq_max=0.337 rad  Δq_norm_rms=0.035  → direct quintic ✓
[staged]   → robot b: IoU 0.430 → 0.438  ✓
    ↑ new global best IoU 0.438  [phase Ph2 robot b]
[staged]   Ph2 robot a  zone 1  (uncovered: 13% of target)
    [temporal] λ=0.300  μ=100.0  δ_max=1.20 rad  dof=6
    init sampling: best coverage score 23.5px of uncovered area  (32 samples)
    stagnation restart #1 at iter 61  (IoU 0.474)
    stagnation restart #2 at iter 74  (IoU 0.474)
    stagnation restart #3 at iter 87  (IoU 0.474)
    stagnation restart #4 at iter 100  (IoU 0.474)
    stagnation restart #5 at iter 113  (IoU 0.474)
    [temporal] Δq_max=1.043 rad  Δq_norm_rms=0.131  → direct quintic ✓
[staged]   → robot a: IoU 0.438 → 0.459  ✓
    ↑ new global best IoU 0.459  [phase Ph2 robot a]
[staged] Phase 2 done — composite IoU: 0.459

[staged] Best snapshot: Phase 2  IoU=0.459
[staged] Adaptive final budget: warm (0.459)  iters 256→141  popsize 192→192
[staged] Manifold final pass — computing Jacobian  (ε=0.020, 60 renders)
[staged] Manifold basis: k=10D / 30D  (variance≥85%, top eigenvalues: ['309057.47', '100159.99', '98959.02', '67750.54', '59326.89'])
[staged] Manifold: candidate dq_max=1.071 rad (reachable), snapshot dq_max=1.043 rad (reachable)
    ↑ new global best IoU 0.463  [manifold final pass]
[staged] Manifold done — IoU: 0.463  (Δ=+0.004)  ✓
[staged] Done — final IoU: 0.463  loss: 0.5381
[staged] Displacement from prior:  global_max=1.071 rad
          robot_a: Δq_max=1.071 rad [direct ✓]
          robot_b: Δq_max=0.434 rad [direct ✓]
          robot_c: Δq_max=0.991 rad [direct ✓]
          robot_d: Δq_max=0.248 rad [direct ✓]
          robot_e: Δq_max=0.342 rad [direct ✓]

  ✓  IoU=0.463  loss=0.5381  evals=54986  time=40s

──────────────────────────────────────────────────────────────
  Frame 7/8 : f06.png
──────────────────────────────────────────────────────────────
[seq] Recomputing zones  (sim=0.43 < 0.7)
[seq] ICP warm-start rejected: IoU 0.357 → 0.280 (Δθ=-18.9°), using prev_q
[staged] Temporal continuity: Ph1/Ph2 weight=0.300  final weight=0.000  (curriculum: IoU-free final pass)
[staged] Prior quality: cold (0.357)  →  Ph1 sigma×1.00  iters×1.00  init_samples=32
[staged] Multi-res: Phase 1+2 at 64²px  Final at 128²px
[staged] Popsize: per-robot phases=32  final=192  (theory optimum for 6 DOF = 10)

[staged] Hungarian pre-assignment  (5×5 cost matrix, 8 samples/entry = 200 renders)...
[staged]   robot_a → zone 3  robot_b → zone 4  robot_c → zone 2  robot_d → zone 0  robot_e → zone 1

[staged] Phase 1 — forward greedy  (128 iters × 5 robot(s), sigma=0.40×1.00, popsize=32)
[staged]   Ph1 robot a  zone 3  (uncovered: 20% of target)
    voronoi warm-start: IoU 0.225 ≤ 0.354, kept current
    [temporal] λ=0.300  μ=100.0  δ_max=1.20 rad  dof=6
    init sampling: best coverage score 36.1px of uncovered area  (32 samples)
    stagnation restart #1 at iter 44  (IoU 0.360)
    stagnation restart #2 at iter 57  (IoU 0.360)
    stagnation restart #3 at iter 70  (IoU 0.360)
    stagnation restart #4 at iter 83  (IoU 0.360)
    stagnation restart #5 at iter 96  (IoU 0.360)
    stagnation restart #6 at iter 109  (IoU 0.360)
    [temporal] Δq_max=0.002 rad  Δq_norm_rms=0.000  → direct quintic ✓
[staged]   → robot a: IoU 0.357 → 0.357  ✓
    ↑ new global best IoU 0.357  [phase Ph1 robot a]
[staged]   Ph1 robot b  zone 4  (uncovered: 11% of target)
    voronoi warm-start: IoU 0.268 ≤ 0.354, kept current
    [temporal] λ=0.300  μ=100.0  δ_max=1.20 rad  dof=6
    init sampling: best coverage score 17.6px of uncovered area  (32 samples)
    stagnation restart #1 at iter 30  (IoU 0.368)
    stagnation restart #2 at iter 100  (IoU 0.384)
    stagnation restart #3 at iter 113  (IoU 0.384)
    [temporal] Δq_max=0.109 rad  Δq_norm_rms=0.017  → direct quintic ✓
[staged]   → robot b: IoU 0.357 → 0.386  ✓
    ↑ new global best IoU 0.386  [phase Ph1 robot b]
[staged]   Ph1 robot c  zone 2  (uncovered: 25% of target)
    voronoi warm-start: IoU 0.319 ≤ 0.383, kept current
    [temporal] λ=0.300  μ=100.0  δ_max=1.20 rad  dof=6
    init sampling: best coverage score 32.0px of uncovered area  (32 samples)
    stagnation restart #1 at iter 55  (IoU 0.432)
    stagnation restart #2 at iter 68  (IoU 0.432)
    stagnation restart #3 at iter 81  (IoU 0.432)
    stagnation restart #4 at iter 94  (IoU 0.432)
    stagnation restart #5 at iter 107  (IoU 0.432)
    [temporal] Δq_max=0.283 rad  Δq_norm_rms=0.033  → direct quintic ✓
[staged]   → robot c: IoU 0.386 → 0.428  ✓
    ↑ new global best IoU 0.428  [phase Ph1 robot c]
[staged]   Ph1 robot d  zone 0  (uncovered: 22% of target)
    voronoi warm-start: IoU 0.344 ≤ 0.429, kept current
    [temporal] λ=0.300  μ=100.0  δ_max=1.20 rad  dof=6
    init sampling: best coverage score 28.3px of uncovered area  (32 samples)
    stagnation restart #1 at iter 87  (IoU 0.456)
    stagnation restart #2 at iter 100  (IoU 0.456)
    stagnation restart #3 at iter 113  (IoU 0.456)
    [temporal] Δq_max=0.357 rad  Δq_norm_rms=0.066  → direct quintic ✓
[staged]   → robot d: IoU 0.428 → 0.448  ✓
    ↑ new global best IoU 0.448  [phase Ph1 robot d]
[staged]   Ph1 robot e  zone 1  (uncovered: 4% of target)
    voronoi warm-start: IoU 0.390 ≤ 0.453, kept current
    [temporal] λ=0.300  μ=100.0  δ_max=1.20 rad  dof=6
    init sampling: best coverage score 2.5px of uncovered area  (32 samples)
    stagnation restart #1 at iter 70  (IoU 0.478)
    stagnation restart #2 at iter 83  (IoU 0.478)
    stagnation restart #3 at iter 96  (IoU 0.478)
    stagnation restart #4 at iter 109  (IoU 0.478)
    [temporal] Δq_max=0.201 rad  Δq_norm_rms=0.028  → direct quintic ✓
[staged]   → robot e: IoU 0.448 → 0.471  ✓
    ↑ new global best IoU 0.471  [phase Ph1 robot e]
[staged] Phase 1 done — composite IoU: 0.471

[staged] Phase 2 — backward pass  (128 iters × 5 robots, sigma=0.260)
[staged]   contributions before Phase 2:
[staged]     robot a: +0.069 IoU
[staged]     robot b: +0.102 IoU
[staged]     robot c: +0.071 IoU
[staged]     robot d: +0.061 IoU
[staged]     robot e: +0.060 IoU
[staged]   Ph2 robot e  zone 1  (uncovered: 18% of target)
    [temporal] λ=0.300  μ=100.0  δ_max=1.20 rad  dof=6
    init sampling: best coverage score 31.6px of uncovered area  (32 samples)
    stagnation restart #1 at iter 67  (IoU 0.476)
    stagnation restart #2 at iter 80  (IoU 0.476)
    stagnation restart #3 at iter 93  (IoU 0.476)
    stagnation restart #4 at iter 106  (IoU 0.476)
    [temporal] Δq_max=0.206 rad  Δq_norm_rms=0.029  → direct quintic ✓
[staged]   → robot e: candidate 0.470 < current 0.471  ✗ rejected
[staged]   Ph2 robot d  zone 0  (uncovered: 21% of target)
    [temporal] λ=0.300  μ=100.0  δ_max=1.20 rad  dof=6
    init sampling: best coverage score 23.0px of uncovered area  (32 samples)
    stagnation restart #1 at iter 72  (IoU 0.470)
    stagnation restart #2 at iter 85  (IoU 0.470)
    stagnation restart #3 at iter 98  (IoU 0.470)
    stagnation restart #4 at iter 111  (IoU 0.470)
    [temporal] Δq_max=0.201 rad  Δq_norm_rms=0.035  → direct quintic ✓
[staged]   → robot d: candidate 0.463 < current 0.471  ✗ rejected
[staged]   Ph2 robot c  zone 2  (uncovered: 21% of target)
    [temporal] λ=0.300  μ=100.0  δ_max=1.20 rad  dof=6
    init sampling: best coverage score 34.7px of uncovered area  (32 samples)
    stagnation restart #1 at iter 55  (IoU 0.475)
    stagnation restart #2 at iter 68  (IoU 0.475)
    stagnation restart #3 at iter 81  (IoU 0.475)
    stagnation restart #4 at iter 94  (IoU 0.475)
    stagnation restart #5 at iter 107  (IoU 0.475)
    [temporal] Δq_max=0.214 rad  Δq_norm_rms=0.025  → direct quintic ✓
[staged]   → robot c: candidate 0.470 < current 0.471  ✗ rejected
[staged]   Ph2 robot b  zone 4  (uncovered: 28% of target)
    [temporal] λ=0.300  μ=100.0  δ_max=1.20 rad  dof=6
    init sampling: best coverage score 37.6px of uncovered area  (32 samples)
    stagnation restart #1 at iter 78  (IoU 0.482)  ICP δ=[-18.342667712146667]°
    stagnation restart #2 at iter 91  (IoU 0.482)  ICP δ=[18.342667712146667]°
    stagnation restart #3 at iter 104  (IoU 0.482)  ICP δ=[-18.342667712146667]°
    stagnation restart #4 at iter 117  (IoU 0.482)  ICP δ=[18.342667712146667]°
    [temporal] Δq_max=0.188 rad  Δq_norm_rms=0.029  → direct quintic ✓
[staged]   → robot b: IoU 0.471 → 0.474  ✓
    ↑ new global best IoU 0.474  [phase Ph2 robot b]
[staged]   Ph2 robot a  zone 3  (uncovered: 13% of target)
    [temporal] λ=0.300  μ=100.0  δ_max=1.20 rad  dof=6
    init sampling: best coverage score 19.4px of uncovered area  (32 samples)
    stagnation restart #1 at iter 55  (IoU 0.482)
    stagnation restart #2 at iter 68  (IoU 0.482)
    stagnation restart #3 at iter 81  (IoU 0.482)
    stagnation restart #4 at iter 94  (IoU 0.482)
    stagnation restart #5 at iter 107  (IoU 0.482)
    [temporal] Δq_max=0.001 rad  Δq_norm_rms=0.000  → direct quintic ✓
[staged]   → robot a: IoU 0.474 → 0.474  ✓
[staged] Phase 2 done — composite IoU: 0.474

[staged] Best snapshot: Phase 2  IoU=0.474
[staged] Adaptive final budget: warm (0.474)  iters 256→141  popsize 192→192
[staged] Manifold final pass — computing Jacobian  (ε=0.020, 60 renders)
[staged] Manifold basis: k=7D / 30D  (variance≥85%, top eigenvalues: ['266359.62', '89669.85', '82822.64', '62701.24', '47749.79'])
[staged] Manifold: candidate dq_max=0.357 rad (reachable), snapshot dq_max=0.357 rad (reachable)
    ↑ new global best IoU 0.479  [manifold final pass]
[staged] Manifold done — IoU: 0.479  (Δ=+0.005)  ✓
[staged] Done — final IoU: 0.479  loss: 0.5219
[staged] Displacement from prior:  global_max=0.357 rad
          robot_a: Δq_max=0.001 rad [direct ✓]
          robot_b: Δq_max=0.235 rad [direct ✓]
          robot_c: Δq_max=0.278 rad [direct ✓]
          robot_d: Δq_max=0.357 rad [direct ✓]
          robot_e: Δq_max=0.204 rad [direct ✓]

  ✓  IoU=0.479  loss=0.5219  evals=50954  time=36s

──────────────────────────────────────────────────────────────
  Frame 8/8 : f07.png
──────────────────────────────────────────────────────────────
[seq] Recomputing zones  (sim=0.42 < 0.7)
[seq] ICP warm-start rejected: IoU 0.373 → 0.282 (Δθ=-17.9°), using prev_q
[staged] Temporal continuity: Ph1/Ph2 weight=0.300  final weight=0.000  (curriculum: IoU-free final pass)
[staged] Prior quality: cold (0.373)  →  Ph1 sigma×1.00  iters×1.00  init_samples=32
[staged] Multi-res: Phase 1+2 at 64²px  Final at 128²px
[staged] Popsize: per-robot phases=32  final=192  (theory optimum for 6 DOF = 10)

[staged] Hungarian pre-assignment  (5×5 cost matrix, 8 samples/entry = 200 renders)...
[staged]   robot_a → zone 1  robot_b → zone 3  robot_c → zone 0  robot_d → zone 4  robot_e → zone 2

[staged] Phase 1 — forward greedy  (128 iters × 5 robot(s), sigma=0.40×1.00, popsize=32)
[staged]   Ph1 robot a  zone 1  (uncovered: 2% of target)
    voronoi warm-start: IoU 0.307 ≤ 0.376, kept current
    [temporal] λ=0.300  μ=100.0  δ_max=1.20 rad  dof=6
    init sampling: best coverage score 7.2px of uncovered area  (32 samples)
    stagnation restart #1 at iter 40  (IoU 0.378)  ICP δ=[-2.5951860784395695]°
    stagnation restart #2 at iter 53  (IoU 0.378)  ICP δ=[2.5951860784395695]°
    stagnation restart #3 at iter 66  (IoU 0.378)  ICP δ=[-2.5951860784395695]°
    stagnation restart #4 at iter 79  (IoU 0.378)  ICP δ=[2.5951860784395695]°
    stagnation restart #5 at iter 92  (IoU 0.378)  ICP δ=[-2.5951860784395695]°
    stagnation restart #6 at iter 105  (IoU 0.378)  ICP δ=[2.5951860784395695]°
    [temporal] Δq_max=0.005 rad  Δq_norm_rms=0.001  → direct quintic ✓
[staged]   → robot a: IoU 0.373 → 0.373  ✓
    ↑ new global best IoU 0.373  [phase Ph1 robot a]
[staged]   Ph1 robot b  zone 3  (uncovered: 9% of target)
    voronoi warm-start: IoU 0.247 ≤ 0.376, kept current
    [temporal] λ=0.300  μ=100.0  δ_max=1.20 rad  dof=6
    init sampling: best coverage score 37.8px of uncovered area  (32 samples)
    stagnation restart #1 at iter 82  (IoU 0.418)
    stagnation restart #2 at iter 95  (IoU 0.418)
    stagnation restart #3 at iter 108  (IoU 0.418)
    [temporal] Δq_max=0.088 rad  Δq_norm_rms=0.021  → direct quintic ✓
[staged]   → robot b: IoU 0.373 → 0.416  ✓
    ↑ new global best IoU 0.416  [phase Ph1 robot b]
[staged]   Ph1 robot c  zone 0  (uncovered: 1% of target)
    voronoi warm-start: IoU 0.293 ≤ 0.419, kept current
    [temporal] λ=0.300  μ=100.0  δ_max=1.20 rad  dof=6
    init sampling: best coverage score 4.7px of uncovered area  (32 samples)
    stagnation restart #1 at iter 69  (IoU 0.470)
    stagnation restart #2 at iter 82  (IoU 0.470)
    stagnation restart #3 at iter 95  (IoU 0.470)
    stagnation restart #4 at iter 108  (IoU 0.470)
    [temporal] Δq_max=0.194 rad  Δq_norm_rms=0.024  → direct quintic ✓
[staged]   → robot c: IoU 0.416 → 0.466  ✓
    ↑ new global best IoU 0.466  [phase Ph1 robot c]
[staged]   Ph1 robot d  zone 4  (uncovered: 1% of target)
    voronoi warm-start: IoU 0.366 ≤ 0.468, kept current
    [temporal] λ=0.300  μ=100.0  δ_max=1.20 rad  dof=6
    init sampling: best coverage score 3.9px of uncovered area  (32 samples)
    stagnation restart #1 at iter 81  (IoU 0.506)
    stagnation restart #2 at iter 94  (IoU 0.506)
    stagnation restart #3 at iter 107  (IoU 0.506)
    [temporal] Δq_max=0.454 rad  Δq_norm_rms=0.069  → direct quintic ✓
[staged]   → robot d: IoU 0.466 → 0.496  ✓
    ↑ new global best IoU 0.496  [phase Ph1 robot d]
[staged]   Ph1 robot e  zone 2  (uncovered: 2% of target)
    voronoi warm-start: IoU 0.403 ≤ 0.499, kept current
    [temporal] λ=0.300  μ=100.0  δ_max=1.20 rad  dof=6
    init sampling: best coverage score 3.2px of uncovered area  (32 samples)
    stagnation restart #1 at iter 54  (IoU 0.517)  ICP δ=[5.47920233483809]°
    stagnation restart #2 at iter 67  (IoU 0.517)  ICP δ=[-5.47920233483809]°
    stagnation restart #3 at iter 80  (IoU 0.517)  ICP δ=[5.47920233483809]°
    stagnation restart #4 at iter 93  (IoU 0.517)  ICP δ=[-5.47920233483809]°
    stagnation restart #5 at iter 106  (IoU 0.517)  ICP δ=[5.47920233483809]°
    [temporal] Δq_max=0.079 rad  Δq_norm_rms=0.010  → direct quintic ✓
[staged]   → robot e: IoU 0.496 → 0.507  ✓
    ↑ new global best IoU 0.507  [phase Ph1 robot e]
[staged] Phase 1 done — composite IoU: 0.507

[staged] Phase 2 — backward pass  (128 iters × 5 robots, sigma=0.260)
[staged]   contributions before Phase 2:
[staged]     robot a: +0.074 IoU
[staged]     robot b: +0.132 IoU
[staged]     robot c: +0.102 IoU
[staged]     robot d: +0.087 IoU
[staged]     robot e: +0.058 IoU
[staged]   Ph2 robot e  zone 2  (uncovered: 17% of target)
    [temporal] λ=0.300  μ=100.0  δ_max=1.20 rad  dof=6
    init sampling: best coverage score 44.4px of uncovered area  (32 samples)
    stagnation restart #1 at iter 58  (IoU 0.511)  ICP δ=[5.47920233483809]°
    stagnation restart #2 at iter 71  (IoU 0.511)  ICP δ=[-5.47920233483809]°
    stagnation restart #3 at iter 84  (IoU 0.511)  ICP δ=[5.47920233483809]°
    stagnation restart #4 at iter 97  (IoU 0.511)  ICP δ=[-5.47920233483809]°
    stagnation restart #5 at iter 110  (IoU 0.511)  ICP δ=[5.47920233483809]°
    [temporal] Δq_max=0.094 rad  Δq_norm_rms=0.012  → direct quintic ✓
[staged]   → robot e: IoU 0.507 → 0.507  ✓
[staged]   Ph2 robot d  zone 4  (uncovered: 24% of target)
    [temporal] λ=0.300  μ=100.0  δ_max=1.20 rad  dof=6
    init sampling: best coverage score 31.4px of uncovered area  (32 samples)
    stagnation restart #1 at iter 57  (IoU 0.510)
    stagnation restart #2 at iter 70  (IoU 0.510)
    stagnation restart #3 at iter 83  (IoU 0.510)
    stagnation restart #4 at iter 96  (IoU 0.510)
    stagnation restart #5 at iter 109  (IoU 0.510)
    [temporal] Δq_max=0.469 rad  Δq_norm_rms=0.068  → direct quintic ✓
[staged]   → robot d: candidate 0.506 < current 0.507  ✗ rejected
[staged]   Ph2 robot c  zone 0  (uncovered: 26% of target)
    [temporal] λ=0.300  μ=100.0  δ_max=1.20 rad  dof=6
    init sampling: best coverage score 45.1px of uncovered area  (32 samples)
    stagnation restart #1 at iter 48  (IoU 0.511)
    stagnation restart #2 at iter 61  (IoU 0.511)
    stagnation restart #3 at iter 74  (IoU 0.511)
    stagnation restart #4 at iter 87  (IoU 0.511)
    stagnation restart #5 at iter 100  (IoU 0.511)
    stagnation restart #6 at iter 113  (IoU 0.511)
    [temporal] Δq_max=0.198 rad  Δq_norm_rms=0.025  → direct quintic ✓
[staged]   → robot c: candidate 0.507 < current 0.507  ✗ rejected
[staged]   Ph2 robot b  zone 3  (uncovered: 32% of target)
    [temporal] λ=0.300  μ=100.0  δ_max=1.20 rad  dof=6
    init sampling: best coverage score 55.9px of uncovered area  (32 samples)
    stagnation restart #1 at iter 80  (IoU 0.511)
    stagnation restart #2 at iter 93  (IoU 0.511)
    stagnation restart #3 at iter 106  (IoU 0.511)
    [temporal] Δq_max=0.089 rad  Δq_norm_rms=0.016  → direct quintic ✓
[staged]   → robot b: IoU 0.507 → 0.507  ✓
    ↑ new global best IoU 0.507  [phase Ph2 robot b]
[staged]   Ph2 robot a  zone 1  (uncovered: 14% of target)
    [temporal] λ=0.300  μ=100.0  δ_max=1.20 rad  dof=6
    init sampling: best coverage score 24.8px of uncovered area  (32 samples)
    stagnation restart #1 at iter 40  (IoU 0.511)
    stagnation restart #2 at iter 53  (IoU 0.511)
    stagnation restart #3 at iter 66  (IoU 0.511)
    stagnation restart #4 at iter 79  (IoU 0.511)
    stagnation restart #5 at iter 92  (IoU 0.511)
    stagnation restart #6 at iter 105  (IoU 0.511)
    [temporal] Δq_max=0.002 rad  Δq_norm_rms=0.000  → direct quintic ✓
[staged]   → robot a: IoU 0.507 → 0.507  ✓
[staged] Phase 2 done — composite IoU: 0.507

[staged] Best snapshot: Phase 2  IoU=0.507
[staged] Adaptive final budget: warm (0.507)  iters 256→141  popsize 192→192
[staged] Manifold final pass — computing Jacobian  (ε=0.020, 60 renders)
[staged] Manifold basis: k=8D / 30D  (variance≥85%, top eigenvalues: ['245146.78', '110248.59', '86192.36', '66398.73', '34094.58'])
[staged] Manifold: candidate dq_max=0.455 rad (reachable), snapshot dq_max=0.454 rad (reachable)
    ↑ new global best IoU 0.513  [manifold final pass]
[staged] Manifold done — IoU: 0.513  (Δ=+0.005)  ✓
[staged] Done — final IoU: 0.513  loss: 0.4881
[staged] Displacement from prior:  global_max=0.455 rad
          robot_a: Δq_max=0.002 rad [direct ✓]
          robot_b: Δq_max=0.092 rad [direct ✓]
          robot_c: Δq_max=0.207 rad [direct ✓]
          robot_d: Δq_max=0.455 rad [direct ✓]
          robot_e: Δq_max=0.095 rad [direct ✓]
[loop] wrap is 72.4 deg, over the 68.8 deg bound — re-solving the last frame against frame 1
[staged] Temporal continuity: Ph1/Ph2 weight=0.300  final weight=0.000  (curriculum: IoU-free final pass)
[staged] Prior quality: warm (0.513)  →  Ph1 sigma×0.70  iters×0.85  init_samples=16
[staged] Multi-res: Phase 1+2 at 64²px  Final at 128²px
[staged] Popsize: per-robot phases=32  final=192  (theory optimum for 6 DOF = 10)

[staged] Hungarian pre-assignment  (5×5 cost matrix, 8 samples/entry = 200 renders)...
[staged]   robot_a → zone 4  robot_b → zone 3  robot_c → zone 2  robot_d → zone 0  robot_e → zone 1

[staged] Phase 1 — forward greedy  (128 iters × 5 robot(s), sigma=0.40×0.70, popsize=32)
[staged]   Ph1 robot a  zone 4  (uncovered: 14% of target)
    voronoi warm-start: IoU 0.290 ≤ 0.502, kept current
    [temporal] λ=0.300  μ=100.0  δ_max=1.20 rad  dof=6
    init sampling: best coverage score 33.4px of uncovered area  (16 samples)
    stagnation restart #1 at iter 58  (IoU 0.509)
    stagnation restart #2 at iter 71  (IoU 0.509)
    stagnation restart #3 at iter 84  (IoU 0.509)
    stagnation restart #4 at iter 97  (IoU 0.509)
    [temporal] Δq_max=0.661 rad  Δq_norm_rms=0.096  → direct quintic ✓
[staged]   → robot a: candidate 0.512 < current 0.513  ✗ rejected
    ↑ new global best IoU 0.513  [phase Ph1 robot a]
[staged]   Ph1 robot b  zone 3  (uncovered: 8% of target)
    voronoi warm-start: IoU 0.296 ≤ 0.502, kept current
    [temporal] λ=0.300  μ=100.0  δ_max=1.20 rad  dof=6
    init sampling: best coverage score 2.0px of uncovered area  (16 samples)
    stagnation restart #1 at iter 23  (IoU 0.431)
    stagnation restart #2 at iter 71  (IoU 0.501)
    stagnation restart #3 at iter 84  (IoU 0.501)
    stagnation restart #4 at iter 97  (IoU 0.501)
    [temporal] Δq_max=1.016 rad  Δq_norm_rms=0.078  → direct quintic ✓
[staged]   → robot b: candidate 0.504 < current 0.513  ✗ rejected
[staged]   Ph1 robot c  zone 2  (uncovered: 2% of target)
    voronoi warm-start: IoU 0.383 ≤ 0.502, kept current
    [temporal] λ=0.300  μ=100.0  δ_max=1.20 rad  dof=6
    init sampling: best coverage score 0.0px of uncovered area  (16 samples)
    stagnation restart #1 at iter 68  (IoU 0.510)  ICP δ=[5.462504606276553]°
    stagnation restart #2 at iter 81  (IoU 0.510)  ICP δ=[-5.462504606276553]°
    stagnation restart #3 at iter 94  (IoU 0.510)  ICP δ=[5.462504606276553]°
    [temporal] Δq_max=0.177 rad  Δq_norm_rms=0.024  → direct quintic ✓
[staged]   → robot c: candidate 0.510 < current 0.513  ✗ rejected
[staged]   Ph1 robot d  zone 0  (uncovered: 1% of target)
    voronoi warm-start: IoU 0.370 ≤ 0.502, kept current
    [temporal] λ=0.300  μ=100.0  δ_max=1.20 rad  dof=6
    init sampling: best coverage score 5.7px of uncovered area  (16 samples)
    stagnation restart #1 at iter 47  (IoU 0.474)  ICP δ=[2.5576328027248274]°
    stagnation restart #2 at iter 60  (IoU 0.474)  ICP δ=[-2.5576328027248274]°
    stagnation restart #3 at iter 73  (IoU 0.474)  ICP δ=[2.5576328027248274]°
    stagnation restart #4 at iter 86  (IoU 0.474)  ICP δ=[-2.5576328027248274]°
    [temporal] Δq_max=0.297 rad  Δq_norm_rms=0.043  → direct quintic ✓
[staged]   → robot d: candidate 0.478 < current 0.513  ✗ rejected
[staged]   Ph1 robot e  zone 1  (uncovered: 18% of target)
    voronoi warm-start: IoU 0.437 ≤ 0.502, kept current
    [temporal] λ=0.300  μ=100.0  δ_max=1.20 rad  dof=6
    init sampling: best coverage score 21.4px of uncovered area  (16 samples)
    stagnation restart #1 at iter 57  (IoU 0.484)
    stagnation restart #2 at iter 70  (IoU 0.484)
    stagnation restart #3 at iter 83  (IoU 0.484)
    stagnation restart #4 at iter 96  (IoU 0.484)
    [temporal] Δq_max=0.289 rad  Δq_norm_rms=0.029  → direct quintic ✓
[staged]   → robot e: candidate 0.483 < current 0.513  ✗ rejected
[staged] Phase 1 done — composite IoU: 0.513

[staged] Phase 2 — backward pass  (128 iters × 5 robots, sigma=0.260)
[staged]   contributions before Phase 2:
[staged]     robot a: +0.077 IoU
[staged]     robot b: +0.136 IoU
[staged]     robot c: +0.104 IoU
[staged]     robot d: +0.088 IoU
[staged]     robot e: +0.061 IoU
[staged]   Ph2 robot e  zone 1  (uncovered: 18% of target)
    [temporal] λ=0.300  μ=100.0  δ_max=1.20 rad  dof=6
    init sampling: best coverage score 44.4px of uncovered area  (32 samples)
    stagnation restart #1 at iter 60  (IoU 0.479)
    stagnation restart #2 at iter 73  (IoU 0.479)
    stagnation restart #3 at iter 86  (IoU 0.479)
    stagnation restart #4 at iter 99  (IoU 0.479)
    stagnation restart #5 at iter 112  (IoU 0.479)
    [temporal] Δq_max=0.356 rad  Δq_norm_rms=0.033  → direct quintic ✓
[staged]   → robot e: candidate 0.486 < current 0.513  ✗ rejected
[staged]   Ph2 robot d  zone 0  (uncovered: 24% of target)
    [temporal] λ=0.300  μ=100.0  δ_max=1.20 rad  dof=6
    init sampling: best coverage score 31.4px of uncovered area  (32 samples)
    stagnation restart #1 at iter 77  (IoU 0.472)  ICP δ=[2.5576328027248274]°
    stagnation restart #2 at iter 90  (IoU 0.472)  ICP δ=[-2.5576328027248274]°
    stagnation restart #3 at iter 103  (IoU 0.472)  ICP δ=[2.5576328027248274]°
    stagnation restart #4 at iter 116  (IoU 0.472)  ICP δ=[-2.5576328027248274]°
    [temporal] Δq_max=0.266 rad  Δq_norm_rms=0.039  → direct quintic ✓
[staged]   → robot d: candidate 0.478 < current 0.513  ✗ rejected
[staged]   Ph2 robot c  zone 2  (uncovered: 27% of target)
    [temporal] λ=0.300  μ=100.0  δ_max=1.20 rad  dof=6
    init sampling: best coverage score 45.1px of uncovered area  (32 samples)
    stagnation restart #1 at iter 53  (IoU 0.504)  ICP δ=[5.462504606276553]°
    stagnation restart #2 at iter 66  (IoU 0.504)  ICP δ=[-5.462504606276553]°
    stagnation restart #3 at iter 79  (IoU 0.504)  ICP δ=[5.462504606276553]°
    stagnation restart #4 at iter 92  (IoU 0.504)  ICP δ=[-5.462504606276553]°
    stagnation restart #5 at iter 105  (IoU 0.504)  ICP δ=[5.462504606276553]°
    [temporal] Δq_max=0.176 rad  Δq_norm_rms=0.025  → direct quintic ✓
[staged]   → robot c: candidate 0.510 < current 0.513  ✗ rejected
[staged]   Ph2 robot b  zone 3  (uncovered: 32% of target)
    [temporal] λ=0.300  μ=100.0  δ_max=1.20 rad  dof=6
    init sampling: best coverage score 55.6px of uncovered area  (32 samples)
    stagnation restart #1 at iter 30  (IoU 0.474)
    stagnation restart #2 at iter 43  (IoU 0.474)
    stagnation restart #3 at iter 117  (IoU 0.506)
    [temporal] Δq_max=1.002 rad  Δq_norm_rms=0.097  → direct quintic ✓
[staged]   → robot b: candidate 0.509 < current 0.513  ✗ rejected
[staged]   Ph2 robot a  zone 4  (uncovered: 14% of target)
    [temporal] λ=0.300  μ=100.0  δ_max=1.20 rad  dof=6
    init sampling: best coverage score 24.5px of uncovered area  (32 samples)
    stagnation restart #1 at iter 60  (IoU 0.502)
    stagnation restart #2 at iter 73  (IoU 0.502)
    stagnation restart #3 at iter 86  (IoU 0.502)
    stagnation restart #4 at iter 99  (IoU 0.502)
    stagnation restart #5 at iter 112  (IoU 0.502)
    [temporal] Δq_max=0.655 rad  Δq_norm_rms=0.096  → direct quintic ✓
[staged]   → robot a: candidate 0.512 < current 0.513  ✗ rejected
[staged] Phase 2 done — composite IoU: 0.513

[staged] Best snapshot: Phase 1  IoU=0.513
[staged] Adaptive final budget: warm (0.513)  iters 256→141  popsize 192→192
[staged] Manifold final pass — computing Jacobian  (ε=0.020, 60 renders)
[staged] Manifold basis: k=7D / 30D  (variance≥85%, top eigenvalues: ['247518.66', '106775.56', '83844.73', '67086.11', '36196.45'])
[staged] Manifold: candidate dq_max=1.201 rad (NOT reachable), snapshot dq_max=1.264 rad (NOT reachable)
[staged] Manifold did not improve (0.487 vs 0.513), keeping best snapshot
[staged] Done — final IoU: 0.513  loss: 0.4881
[staged] Displacement from prior:  global_max=1.264 rad
          robot_a: Δq_max=0.838 rad [direct ✓]
          robot_b: Δq_max=1.036 rad [direct ✓]
          robot_c: Δq_max=0.227 rad [direct ✓]
          robot_d: Δq_max=0.982 rad [direct ✓]
          robot_e: Δq_max=1.264 rad [STOMP ⚠]
[loop] closure rejected: wrap 72.4 deg, prev 26.1 deg — one of them still over bound, keeping the original

  ✓  IoU=0.513  loss=0.4881  evals=51914  time=83s


==============================================================
  Summary  (8 frames, 5 robots, ts=20260902_044636)
==============================================================
  #    Target                        IoU   Evals   Surr    Time
  ---- -------------------------- ------  ------  -----  ------
  1    f00.png                     0.463   43338     0%     34s
  2    f01.png                     0.476   50954     0%     40s
  3    f02.png                     0.402   53450     0%     40s
  4    f03.png                     0.456   50378     0%     36s
  5    f04.png                     0.424   54602     0%     40s
  6    f05.png                     0.463   54986     0%     40s
  7    f06.png                     0.479   50954     0%     36s
  8    f07.png                     0.513   51914     0%     83s
  ──── ────────────────────────── ──────
  avg                              0.460                   348s
==============================================================

Summary   : ../../umbra-bench/optimized/seamfix_windmill_n5\summary_20260902_044636.json
CSV       : ../../umbra-bench/optimized/seamfix_windmill_n5\summary_20260902_044636.csv
Deploy    : mjpython deploy.py --urdf urdf/SO101/so101_new_calib.urdf --ts 20260902_044636 --results-dir ../../umbra-bench/optimized/seamfix_windmill_n5

