==============================================================
  run_sequence.py  —  8 frame(s)  ×  3 robot(s)
  Timestamp : 20260902_044045
  URDF      : urdf/SO101/so101_new_calib.urdf
  Output    : ../../umbra-bench/optimized/seamfix_windmill_n3
  Loss      : α=1.0 β=0.3 γ=0.0 γ_final=0.0 δ=0.0
  Budget    : Ph1=128×3  Ph2=128×3  Final=256  pop=192
  Multi-res : Ph1+2@64px → Final@128px
  Hungarian : reuse if sim≥0.7
==============================================================

[1/3] Building MuJoCo scene...
[scene] so101 ×3: light_y=1.00 wall_y=-2.40 throw=3.40m table_len=0.40m | magnification 2.4x–3.4x
      3 robots  |  18 DOF  |  built in 0.5s  (saved 4s vs per-frame rebuild)

[2/3] Optimizing 8 frame(s)...

[reach] cached → reach_20b4e1e1b3b47664.npz
[fit] castability 0.061 → 0.099  (scale 0.927, dy +32.9px, dx -24.7px, clip 1.5%)
[fit] clip transform {'scale': 0.9269, 'dy': 32.91, 'dx': -24.69, 'rot': 0.0, 'score': 0.0991, 'clip_frac': 0.01537, 'touches_edge': True, 'at_bound': False}  uncastable 3.8% → 42.8%

──────────────────────────────────────────────────────────────
  Frame 1/8 : f00.png
──────────────────────────────────────────────────────────────
[staged] Multi-res: Phase 1+2 at 64²px  Final at 128²px
[staged] Popsize: per-robot phases=32  final=192  (theory optimum for 6 DOF = 10)

[staged] Hungarian pre-assignment  (3×3 cost matrix, 8 samples/entry = 72 renders)...
[staged]   robot_a → zone 0  robot_b → zone 2  robot_c → zone 1

[staged] Phase 1 — forward greedy  (128 iters × 3 robot(s), sigma=0.40×1.00, popsize=32)
[staged]   Ph1 robot a  zone 0  (uncovered: 16% of target)
    voronoi warm-start: IoU 0.074 ≤ 0.127, kept current
    init sampling: best coverage score 37.5px of uncovered area  (32 samples)
    stagnation restart #1 at iter 49  (IoU 0.207)
    stagnation restart #2 at iter 62  (IoU 0.207)
    stagnation restart #3 at iter 76  (IoU 0.208)
    stagnation restart #4 at iter 89  (IoU 0.208)
    stagnation restart #5 at iter 102  (IoU 0.208)
    stagnation restart #6 at iter 115  (IoU 0.208)
[staged]   → robot a: IoU 0.126 → 0.200  ✓
    ↑ new global best IoU 0.200  [phase Ph1 robot a]
[staged]   Ph1 robot b  zone 2  (uncovered: 43% of target)
    voronoi warm-start: IoU 0.156 ≤ 0.203, kept current
    init sampling: best coverage score 61.4px of uncovered area  (32 samples)
    stagnation restart #1 at iter 54  (IoU 0.297)
    stagnation restart #2 at iter 67  (IoU 0.297)
    stagnation restart #3 at iter 80  (IoU 0.297)
    stagnation restart #4 at iter 93  (IoU 0.297)
    stagnation restart #5 at iter 106  (IoU 0.297)
[staged]   → robot b: IoU 0.200 → 0.291  ✓
    ↑ new global best IoU 0.291  [phase Ph1 robot b]
[staged]   Ph1 robot c  zone 1  (uncovered: 7% of target)
    voronoi warm-start: IoU 0.209 ≤ 0.294, kept current
    init sampling: best coverage score 16.7px of uncovered area  (32 samples)
    stagnation restart #1 at iter 26  (IoU 0.317)  ICP δ=[4.05786510647912]°
    stagnation restart #2 at iter 76  (IoU 0.332)  ICP δ=[-4.299310714717589]°
    stagnation restart #3 at iter 89  (IoU 0.332)  ICP δ=[4.299310714717589]°
    stagnation restart #4 at iter 102  (IoU 0.332)  ICP δ=[-4.299310714717589]°
    stagnation restart #5 at iter 115  (IoU 0.332)  ICP δ=[4.299310714717589]°
[staged]   → robot c: IoU 0.291 → 0.318  ✓
    ↑ new global best IoU 0.318  [phase Ph1 robot c]
[staged] Phase 1 done — composite IoU: 0.318

[staged] Phase 2 — backward pass  (128 iters × 3 robots, sigma=0.260)
[staged]   contributions before Phase 2:
[staged]     robot a: +0.046 IoU  ← low
[staged]     robot b: +0.055 IoU
[staged]     robot c: +0.027 IoU  ← low
[staged]   Ph2 robot c  zone 1  (uncovered: 13% of target)
    init sampling: best coverage score 19.1px of uncovered area  (32 samples)
    stagnation restart #1 at iter 19  (IoU 0.304)
    stagnation restart #2 at iter 37  (IoU 0.305)
    stagnation restart #3 at iter 50  (IoU 0.305)
    stagnation restart #4 at iter 63  (IoU 0.305)
    stagnation restart #5 at iter 76  (IoU 0.305)
    stagnation restart #6 at iter 89  (IoU 0.305)
    stagnation restart #7 at iter 102  (IoU 0.305)
    stagnation restart #8 at iter 115  (IoU 0.305)
[staged]   → robot c: candidate 0.300 < current 0.318  ✗ rejected
[staged]   Ph2 robot b  zone 2  (uncovered: 22% of target)
    init sampling: best coverage score 24.5px of uncovered area  (32 samples)
    stagnation restart #1 at iter 48  (IoU 0.326)
    stagnation restart #2 at iter 61  (IoU 0.326)
    stagnation restart #3 at iter 74  (IoU 0.326)
    stagnation restart #4 at iter 87  (IoU 0.326)
    stagnation restart #5 at iter 100  (IoU 0.326)
    stagnation restart #6 at iter 113  (IoU 0.326)
[staged]   → robot b: IoU 0.318 → 0.320  ✓
    ↑ new global best IoU 0.320  [phase Ph2 robot b]
[staged]   Ph2 robot a  zone 0  (uncovered: 34% of target)
    init sampling: best coverage score 53.8px of uncovered area  (32 samples)
    stagnation restart #1 at iter 47  (IoU 0.368)
    stagnation restart #2 at iter 60  (IoU 0.368)
    stagnation restart #3 at iter 73  (IoU 0.368)
    stagnation restart #4 at iter 86  (IoU 0.368)
    stagnation restart #5 at iter 99  (IoU 0.368)
    stagnation restart #6 at iter 112  (IoU 0.368)
[staged]   → robot a: IoU 0.320 → 0.363  ✓
    ↑ new global best IoU 0.363  [phase Ph2 robot a]
[staged] Phase 2 done — composite IoU: 0.363

[staged] Best snapshot: Phase 2  IoU=0.363
[staged] Final refinement — all joints  (256 iters, popsize=192, sigma=0.200)
    stagnation restart #1 at iter 13  (IoU 0.363)  ICP δ=[-5.196325815843629, -5.196325815843629, -5.196325815843629]°
    stagnation restart #2 at iter 26  (IoU 0.363)  ICP δ=[5.196325815843629, 5.196325815843629, 5.196325815843629]°
    stagnation restart #3 at iter 39  (IoU 0.363)  ICP δ=[-5.196325815843629, -5.196325815843629, -5.196325815843629]°
    stagnation restart #4 at iter 52  (IoU 0.363)  ICP δ=[5.196325815843629, 5.196325815843629, 5.196325815843629]°
    stagnation restart #5 at iter 65  (IoU 0.363)  ICP δ=[-5.196325815843629, -5.196325815843629, -5.196325815843629]°
    stagnation restart #6 at iter 78  (IoU 0.363)  ICP δ=[5.196325815843629, 5.196325815843629, 5.196325815843629]°
    stagnation restart #7 at iter 91  (IoU 0.363)  ICP δ=[-5.196325815843629, -5.196325815843629, -5.196325815843629]°
    stagnation restart #8 at iter 104  (IoU 0.363)  ICP δ=[5.196325815843629, 5.196325815843629, 5.196325815843629]°
    stagnation restart #9 at iter 117  (IoU 0.363)  ICP δ=[-5.196325815843629, -5.196325815843629, -5.196325815843629]°
    stagnation restart #10 at iter 130  (IoU 0.363)  ICP δ=[5.196325815843629, 5.196325815843629, 5.196325815843629]°
    stagnation restart #11 at iter 143  (IoU 0.363)  ICP δ=[-5.196325815843629, -5.196325815843629, -5.196325815843629]°
    stagnation restart #12 at iter 156  (IoU 0.363)  ICP δ=[5.196325815843629, 5.196325815843629, 5.196325815843629]°
    stagnation restart #13 at iter 169  (IoU 0.363)  ICP δ=[-5.196325815843629, -5.196325815843629, -5.196325815843629]°
    stagnation restart #14 at iter 182  (IoU 0.363)  ICP δ=[5.196325815843629, 5.196325815843629, 5.196325815843629]°
    stagnation restart #15 at iter 195  (IoU 0.363)  ICP δ=[-5.196325815843629, -5.196325815843629, -5.196325815843629]°
    stagnation restart #16 at iter 208  (IoU 0.363)  ICP δ=[5.196325815843629, 5.196325815843629, 5.196325815843629]°
    stagnation restart #17 at iter 221  (IoU 0.363)  ICP δ=[-5.196325815843629, -5.196325815843629, -5.196325815843629]°
    stagnation restart #18 at iter 234  (IoU 0.363)  ICP δ=[5.196325815843629, 5.196325815843629, 5.196325815843629]°
[staged] Final done — IoU: 0.363  ✓
[staged] Done — final IoU: 0.363  loss: 0.6385

  ✓  IoU=0.363  loss=0.6385  evals=73735  time=54s

──────────────────────────────────────────────────────────────
  Frame 2/8 : f01.png
──────────────────────────────────────────────────────────────
[seq] Recomputing zones  (sim=0.23 < 0.7)
[seq] ICP warm-start rejected: IoU 0.289 → 0.177 (Δθ=-20.8°), using prev_q
[staged] Temporal continuity: Ph1/Ph2 weight=0.300  final weight=0.000  (curriculum: IoU-free final pass)
[staged] Prior quality: cold (0.289)  →  Ph1 sigma×1.00  iters×1.00  init_samples=32
[staged] Multi-res: Phase 1+2 at 64²px  Final at 128²px
[staged] Popsize: per-robot phases=32  final=192  (theory optimum for 6 DOF = 10)

[staged] Hungarian pre-assignment  (3×3 cost matrix, 8 samples/entry = 72 renders)...
[staged]   robot_a → zone 1  robot_b → zone 2  robot_c → zone 0

[staged] Phase 1 — forward greedy  (128 iters × 3 robot(s), sigma=0.40×1.00, popsize=32)
[staged]   Ph1 robot a  zone 1  (uncovered: 4% of target)
    voronoi warm-start: IoU 0.189 ≤ 0.294, kept current
    [temporal] λ=0.300  μ=100.0  δ_max=1.20 rad  dof=6
    init sampling: best coverage score 9.7px of uncovered area  (32 samples)
    stagnation restart #1 at iter 78  (IoU 0.333)
    stagnation restart #2 at iter 91  (IoU 0.333)
    stagnation restart #3 at iter 104  (IoU 0.333)
    stagnation restart #4 at iter 117  (IoU 0.333)
    [temporal] Δq_max=0.390 rad  Δq_norm_rms=0.030  → direct quintic ✓
[staged]   → robot a: IoU 0.289 → 0.317  ✓
    ↑ new global best IoU 0.317  [phase Ph1 robot a]
[staged]   Ph1 robot b  zone 2  (uncovered: 16% of target)
    voronoi warm-start: IoU 0.215 ≤ 0.325, kept current
    [temporal] λ=0.300  μ=100.0  δ_max=1.20 rad  dof=6
    init sampling: best coverage score 25.1px of uncovered area  (32 samples)
    stagnation restart #1 at iter 90  (IoU 0.358)
    stagnation restart #2 at iter 103  (IoU 0.358)
    stagnation restart #3 at iter 116  (IoU 0.358)
    [temporal] Δq_max=0.259 rad  Δq_norm_rms=0.036  → direct quintic ✓
[staged]   → robot b: IoU 0.317 → 0.348  ✓
    ↑ new global best IoU 0.348  [phase Ph1 robot b]
[staged]   Ph1 robot c  zone 0  (uncovered: 1% of target)
    voronoi warm-start: IoU 0.247 ≤ 0.356, kept current
    [temporal] λ=0.300  μ=100.0  δ_max=1.20 rad  dof=6
    init sampling: best coverage score 1.0px of uncovered area  (32 samples)
    stagnation restart #1 at iter 48  (IoU 0.386)
    stagnation restart #2 at iter 61  (IoU 0.386)
    stagnation restart #3 at iter 74  (IoU 0.386)
    stagnation restart #4 at iter 87  (IoU 0.386)
    stagnation restart #5 at iter 100  (IoU 0.386)
    stagnation restart #6 at iter 113  (IoU 0.386)
    [temporal] Δq_max=0.323 rad  Δq_norm_rms=0.043  → direct quintic ✓
[staged]   → robot c: IoU 0.348 → 0.372  ✓
    ↑ new global best IoU 0.372  [phase Ph1 robot c]
[staged] Phase 1 done — composite IoU: 0.372

[staged] Phase 2 — backward pass  (128 iters × 3 robots, sigma=0.260)
[staged]   contributions before Phase 2:
[staged]     robot a: +0.114 IoU
[staged]     robot b: +0.042 IoU  ← low
[staged]     robot c: +0.035 IoU  ← low
[staged]   Ph2 robot c  zone 0  (uncovered: 17% of target)
    [temporal] λ=0.300  μ=100.0  δ_max=1.20 rad  dof=6
    init sampling: best coverage score 29.0px of uncovered area  (32 samples)
    stagnation restart #1 at iter 58  (IoU 0.378)
    stagnation restart #2 at iter 71  (IoU 0.378)
    stagnation restart #3 at iter 84  (IoU 0.378)
    stagnation restart #4 at iter 97  (IoU 0.378)
    stagnation restart #5 at iter 110  (IoU 0.378)
    [temporal] Δq_max=0.303 rad  Δq_norm_rms=0.042  → direct quintic ✓
[staged]   → robot c: candidate 0.371 < current 0.372  ✗ rejected
[staged]   Ph2 robot b  zone 2  (uncovered: 19% of target)
    [temporal] λ=0.300  μ=100.0  δ_max=1.20 rad  dof=6
    init sampling: best coverage score 32.0px of uncovered area  (32 samples)
    stagnation restart #1 at iter 75  (IoU 0.379)
    stagnation restart #2 at iter 88  (IoU 0.379)
    stagnation restart #3 at iter 101  (IoU 0.379)
    stagnation restart #4 at iter 114  (IoU 0.379)
    [temporal] Δq_max=0.145 rad  Δq_norm_rms=0.020  → direct quintic ✓
[staged]   → robot b: candidate 0.371 < current 0.372  ✗ rejected
[staged]   Ph2 robot a  zone 1  (uncovered: 41% of target)
    [temporal] λ=0.300  μ=100.0  δ_max=1.20 rad  dof=6
    init sampling: best coverage score 60.7px of uncovered area  (32 samples)
    stagnation restart #1 at iter 44  (IoU 0.379)
    stagnation restart #2 at iter 57  (IoU 0.379)
    stagnation restart #3 at iter 70  (IoU 0.379)
    stagnation restart #4 at iter 83  (IoU 0.379)
    stagnation restart #5 at iter 96  (IoU 0.379)
    stagnation restart #6 at iter 109  (IoU 0.379)
    [temporal] Δq_max=0.415 rad  Δq_norm_rms=0.041  → direct quintic ✓
[staged]   → robot a: IoU 0.372 → 0.374  ✓
    ↑ new global best IoU 0.374  [phase Ph2 robot a]
[staged] Phase 2 done — composite IoU: 0.374

[staged] Best snapshot: Phase 2  IoU=0.374
[staged] Final refinement — all joints  (256 iters, popsize=192, sigma=0.200)
    [temporal] λ=0.000  μ=100.0  δ_max=1.20 rad  dof=18
    stagnation restart #1 at iter 13  (IoU 0.374)  ICP δ=[9.59466779815747, 9.59466779815747, 9.59466779815747]°
    stagnation restart #2 at iter 26  (IoU 0.374)  ICP δ=[-9.59466779815747, -9.59466779815747, -9.59466779815747]°
    stagnation restart #3 at iter 39  (IoU 0.374)  ICP δ=[9.59466779815747, 9.59466779815747, 9.59466779815747]°
    stagnation restart #4 at iter 52  (IoU 0.374)  ICP δ=[-9.59466779815747, -9.59466779815747, -9.59466779815747]°
    stagnation restart #5 at iter 65  (IoU 0.374)  ICP δ=[9.59466779815747, 9.59466779815747, 9.59466779815747]°
    stagnation restart #6 at iter 78  (IoU 0.374)  ICP δ=[-9.59466779815747, -9.59466779815747, -9.59466779815747]°
    stagnation restart #7 at iter 91  (IoU 0.374)  ICP δ=[9.59466779815747, 9.59466779815747, 9.59466779815747]°
    stagnation restart #8 at iter 104  (IoU 0.374)  ICP δ=[-9.59466779815747, -9.59466779815747, -9.59466779815747]°
    stagnation restart #9 at iter 117  (IoU 0.374)  ICP δ=[9.59466779815747, 9.59466779815747, 9.59466779815747]°
    stagnation restart #10 at iter 130  (IoU 0.374)  ICP δ=[-9.59466779815747, -9.59466779815747, -9.59466779815747]°
    stagnation restart #11 at iter 143  (IoU 0.374)  ICP δ=[9.59466779815747, 9.59466779815747, 9.59466779815747]°
    stagnation restart #12 at iter 156  (IoU 0.374)  ICP δ=[-9.59466779815747, -9.59466779815747, -9.59466779815747]°
    stagnation restart #13 at iter 169  (IoU 0.374)  ICP δ=[9.59466779815747, 9.59466779815747, 9.59466779815747]°
    stagnation restart #14 at iter 182  (IoU 0.374)  ICP δ=[-9.59466779815747, -9.59466779815747, -9.59466779815747]°
    stagnation restart #15 at iter 195  (IoU 0.374)  ICP δ=[9.59466779815747, 9.59466779815747, 9.59466779815747]°
    stagnation restart #16 at iter 208  (IoU 0.374)  ICP δ=[-9.59466779815747, -9.59466779815747, -9.59466779815747]°
    stagnation restart #17 at iter 221  (IoU 0.374)  ICP δ=[9.59466779815747, 9.59466779815747, 9.59466779815747]°
    stagnation restart #18 at iter 234  (IoU 0.374)  ICP δ=[-9.59466779815747, -9.59466779815747, -9.59466779815747]°
    [temporal] Δq_max=0.415 rad  Δq_norm_rms=0.040  → direct quintic ✓
[staged] Final: candidate dq_max=0.415 rad (reachable), snapshot dq_max=0.415 rad (reachable)
[staged] Final done — IoU: 0.374  ✓
[staged] Done — final IoU: 0.374  loss: 0.6274
[staged] Displacement from prior:  global_max=0.415 rad
          robot_a: Δq_max=0.415 rad [direct ✓]
          robot_b: Δq_max=0.259 rad [direct ✓]
          robot_c: Δq_max=0.323 rad [direct ✓]

  ✓  IoU=0.374  loss=0.6274  evals=73735  time=52s

──────────────────────────────────────────────────────────────
  Frame 3/8 : f02.png
──────────────────────────────────────────────────────────────
[seq] Recomputing zones  (sim=0.23 < 0.7)
[seq] ICP warm-start rejected: IoU 0.275 → 0.276 (Δθ=-8.3°), using prev_q
[staged] Temporal continuity: Ph1/Ph2 weight=0.300  final weight=0.000  (curriculum: IoU-free final pass)
[staged] Prior quality: cold (0.275)  →  Ph1 sigma×1.00  iters×1.00  init_samples=32
[staged] Multi-res: Phase 1+2 at 64²px  Final at 128²px
[staged] Popsize: per-robot phases=32  final=192  (theory optimum for 6 DOF = 10)

[staged] Hungarian pre-assignment  (3×3 cost matrix, 8 samples/entry = 72 renders)...
[staged]   robot_a → zone 1  robot_b → zone 2  robot_c → zone 0

[staged] Phase 1 — forward greedy  (128 iters × 3 robot(s), sigma=0.40×1.00, popsize=32)
[staged]   Ph1 robot a  zone 1  (uncovered: 18% of target)
    voronoi warm-start: IoU 0.128 ≤ 0.270, kept current
    [temporal] λ=0.300  μ=100.0  δ_max=1.20 rad  dof=6
    init sampling: best coverage score 37.1px of uncovered area  (32 samples)
    stagnation restart #1 at iter 107  (IoU 0.318)  ICP δ=[12.289041110784744]°
    [temporal] Δq_max=0.414 rad  Δq_norm_rms=0.036  → direct quintic ✓
[staged]   → robot a: IoU 0.275 → 0.308  ✓
    ↑ new global best IoU 0.308  [phase Ph1 robot a]
[staged]   Ph1 robot b  zone 2  (uncovered: 21% of target)
    voronoi warm-start: IoU 0.208 ≤ 0.313, kept current
    [temporal] λ=0.300  μ=100.0  δ_max=1.20 rad  dof=6
    init sampling: best coverage score 21.6px of uncovered area  (32 samples)
    stagnation restart #1 at iter 26  (IoU 0.315)
    stagnation restart #2 at iter 78  (IoU 0.324)
    stagnation restart #3 at iter 91  (IoU 0.324)
    stagnation restart #4 at iter 104  (IoU 0.324)
    stagnation restart #5 at iter 117  (IoU 0.324)
    [temporal] Δq_max=0.258 rad  Δq_norm_rms=0.028  → direct quintic ✓
[staged]   → robot b: IoU 0.308 → 0.312  ✓
    ↑ new global best IoU 0.312  [phase Ph1 robot b]
[staged]   Ph1 robot c  zone 0  (uncovered: 1% of target)
    voronoi warm-start: IoU 0.218 ≤ 0.318, kept current
    [temporal] λ=0.300  μ=100.0  δ_max=1.20 rad  dof=6
    init sampling: best coverage score 1.4px of uncovered area  (32 samples)
    stagnation restart #1 at iter 59  (IoU 0.340)
    stagnation restart #2 at iter 72  (IoU 0.340)
    stagnation restart #3 at iter 85  (IoU 0.340)
    stagnation restart #4 at iter 98  (IoU 0.340)
    stagnation restart #5 at iter 111  (IoU 0.340)
    [temporal] Δq_max=0.226 rad  Δq_norm_rms=0.031  → direct quintic ✓
[staged]   → robot c: IoU 0.312 → 0.323  ✓
    ↑ new global best IoU 0.323  [phase Ph1 robot c]
[staged] Phase 1 done — composite IoU: 0.323

[staged] Phase 2 — backward pass  (128 iters × 3 robots, sigma=0.260)
[staged]   contributions before Phase 2:
[staged]     robot a: +0.093 IoU
[staged]     robot b: +0.008 IoU  ← low
[staged]     robot c: +0.030 IoU  ← low
[staged]   Ph2 robot c  zone 0  (uncovered: 23% of target)
    [temporal] λ=0.300  μ=100.0  δ_max=1.20 rad  dof=6
    init sampling: best coverage score 38.5px of uncovered area  (32 samples)
    stagnation restart #1 at iter 50  (IoU 0.336)
    stagnation restart #2 at iter 63  (IoU 0.336)
    stagnation restart #3 at iter 76  (IoU 0.336)
    stagnation restart #4 at iter 89  (IoU 0.336)
    stagnation restart #5 at iter 102  (IoU 0.336)
    stagnation restart #6 at iter 115  (IoU 0.336)
    [temporal] Δq_max=0.203 rad  Δq_norm_rms=0.029  → direct quintic ✓
[staged]   → robot c: IoU 0.323 → 0.325  ✓
    ↑ new global best IoU 0.325  [phase Ph2 robot c]
[staged]   Ph2 robot b  zone 2  (uncovered: 18% of target)
    [temporal] λ=0.300  μ=100.0  δ_max=1.20 rad  dof=6
    init sampling: best coverage score 29.0px of uncovered area  (32 samples)
    stagnation restart #1 at iter 33  (IoU 0.338)
    stagnation restart #2 at iter 46  (IoU 0.338)
    [temporal] Δq_max=0.395 rad  Δq_norm_rms=0.044  → direct quintic ✓
[staged]   → robot b: IoU 0.325 → 0.330  ✓
    ↑ new global best IoU 0.330  [phase Ph2 robot b]
[staged]   Ph2 robot a  zone 1  (uncovered: 41% of target)
    [temporal] λ=0.300  μ=100.0  δ_max=1.20 rad  dof=6
    init sampling: best coverage score 53.6px of uncovered area  (32 samples)
    stagnation restart #1 at iter 64  (IoU 0.339)  ICP δ=[11.53594081502361]°
    stagnation restart #2 at iter 77  (IoU 0.339)  ICP δ=[-11.53594081502361]°
    stagnation restart #3 at iter 90  (IoU 0.339)  ICP δ=[11.53594081502361]°
    stagnation restart #4 at iter 103  (IoU 0.339)  ICP δ=[-11.53594081502361]°
    stagnation restart #5 at iter 116  (IoU 0.339)  ICP δ=[11.53594081502361]°
    [temporal] Δq_max=0.346 rad  Δq_norm_rms=0.033  → direct quintic ✓
[staged]   → robot a: IoU 0.330 → 0.331  ✓
    ↑ new global best IoU 0.331  [phase Ph2 robot a]
[staged] Phase 2 done — composite IoU: 0.331

[staged] Best snapshot: Phase 2  IoU=0.331
[staged] Final refinement — all joints  (256 iters, popsize=192, sigma=0.200)
    [temporal] λ=0.000  μ=100.0  δ_max=1.20 rad  dof=18
    stagnation restart #1 at iter 83  (IoU 0.375)  ICP δ=[8.145590005573924, 8.145590005573924, 8.145590005573924]°
    stagnation restart #2 at iter 96  (IoU 0.375)  ICP δ=[-8.145590005573924, -8.145590005573924, -8.145590005573924]°
    stagnation restart #3 at iter 109  (IoU 0.375)  ICP δ=[8.145590005573924, 8.145590005573924, 8.145590005573924]°
    stagnation restart #4 at iter 122  (IoU 0.375)  ICP δ=[-8.145590005573924, -8.145590005573924, -8.145590005573924]°
    stagnation restart #5 at iter 135  (IoU 0.375)  ICP δ=[8.145590005573924, 8.145590005573924, 8.145590005573924]°
    stagnation restart #6 at iter 148  (IoU 0.375)  ICP δ=[-8.145590005573924, -8.145590005573924, -8.145590005573924]°
    stagnation restart #7 at iter 161  (IoU 0.375)  ICP δ=[8.145590005573924, 8.145590005573924, 8.145590005573924]°
    stagnation restart #8 at iter 174  (IoU 0.375)  ICP δ=[-8.145590005573924, -8.145590005573924, -8.145590005573924]°
    stagnation restart #9 at iter 187  (IoU 0.375)  ICP δ=[8.145590005573924, 8.145590005573924, 8.145590005573924]°
    stagnation restart #10 at iter 243  (IoU 0.405)  ICP δ=[-8.966278751005746, -8.966278751005746, -8.966278751005746]°
    [temporal] Δq_max=1.191 rad  Δq_norm_rms=0.172  → direct quintic ✓
[staged] Final: candidate dq_max=1.191 rad (reachable), snapshot dq_max=0.395 rad (reachable)
    ↑ new global best IoU 0.405  [final refinement]
[staged] Final done — IoU: 0.405  ✓
[staged] Done — final IoU: 0.405  loss: 0.5957
[staged] Displacement from prior:  global_max=1.191 rad
          robot_a: Δq_max=1.191 rad [direct ✓]
          robot_b: Δq_max=0.930 rad [direct ✓]
          robot_c: Δq_max=0.628 rad [direct ✓]

  ✓  IoU=0.405  loss=0.5957  evals=73735  time=47s

──────────────────────────────────────────────────────────────
  Frame 4/8 : f03.png
──────────────────────────────────────────────────────────────
[seq] Recomputing zones  (sim=0.22 < 0.7)
[seq] ICP warm-start rejected: IoU 0.343 → 0.332 (Δθ=-6.3°), using prev_q
[staged] Temporal continuity: Ph1/Ph2 weight=0.300  final weight=0.000  (curriculum: IoU-free final pass)
[staged] Prior quality: cold (0.343)  →  Ph1 sigma×1.00  iters×1.00  init_samples=32
[staged] Multi-res: Phase 1+2 at 64²px  Final at 128²px
[staged] Popsize: per-robot phases=32  final=192  (theory optimum for 6 DOF = 10)

[staged] Hungarian pre-assignment  (3×3 cost matrix, 8 samples/entry = 72 renders)...
[staged]   robot_a → zone 1  robot_b → zone 0  robot_c → zone 2

[staged] Phase 1 — forward greedy  (128 iters × 3 robot(s), sigma=0.40×1.00, popsize=32)
[staged]   Ph1 robot a  zone 1  (uncovered: 37% of target)
    voronoi warm-start: IoU 0.144 ≤ 0.345, kept current
    [temporal] λ=0.300  μ=100.0  δ_max=1.20 rad  dof=6
    init sampling: best coverage score 42.9px of uncovered area  (32 samples)
    stagnation restart #1 at iter 52  (IoU 0.460)
    stagnation restart #2 at iter 65  (IoU 0.460)
    stagnation restart #3 at iter 78  (IoU 0.460)
    stagnation restart #4 at iter 91  (IoU 0.460)
    stagnation restart #5 at iter 104  (IoU 0.460)
    stagnation restart #6 at iter 117  (IoU 0.460)
    [temporal] Δq_max=0.228 rad  Δq_norm_rms=0.036  → direct quintic ✓
[staged]   → robot a: IoU 0.343 → 0.443  ✓
    ↑ new global best IoU 0.443  [phase Ph1 robot a]
[staged]   Ph1 robot b  zone 0  (uncovered: 18% of target)
    voronoi warm-start: IoU 0.275 ≤ 0.450, kept current
    [temporal] λ=0.300  μ=100.0  δ_max=1.20 rad  dof=6
    init sampling: best coverage score 25.6px of uncovered area  (32 samples)
    stagnation restart #1 at iter 28  (IoU 0.432)  ICP δ=[-2.851970329930932]°
    stagnation restart #2 at iter 83  (IoU 0.454)  ICP δ=[5.101679351067771]°
    stagnation restart #3 at iter 96  (IoU 0.454)  ICP δ=[-5.101679351067771]°
    stagnation restart #4 at iter 109  (IoU 0.454)  ICP δ=[5.101679351067771]°
    [temporal] Δq_max=0.055 rad  Δq_norm_rms=0.010  → direct quintic ✓
[staged]   → robot b: candidate 0.443 < current 0.443  ✗ rejected
[staged]   Ph1 robot c  zone 2  (uncovered: 22% of target)
    voronoi warm-start: IoU 0.309 ≤ 0.450, kept current
    [temporal] λ=0.300  μ=100.0  δ_max=1.20 rad  dof=6
    init sampling: best coverage score 38.3px of uncovered area  (32 samples)
    stagnation restart #1 at iter 47  (IoU 0.480)
    stagnation restart #2 at iter 60  (IoU 0.480)
    [temporal] Δq_max=0.701 rad  Δq_norm_rms=0.137  → direct quintic ✓
[staged]   → robot c: IoU 0.443 → 0.491  ✓
    ↑ new global best IoU 0.491  [phase Ph1 robot c]
[staged] Phase 1 done — composite IoU: 0.491

[staged] Phase 2 — backward pass  (128 iters × 3 robots, sigma=0.260)
[staged]   contributions before Phase 2:
[staged]     robot a: +0.138 IoU
[staged]     robot b: +0.019 IoU  ← low
[staged]     robot c: +0.065 IoU
[staged]   Ph2 robot c  zone 2  (uncovered: 22% of target)
    [temporal] λ=0.300  μ=100.0  δ_max=1.20 rad  dof=6
    init sampling: best coverage score 44.9px of uncovered area  (32 samples)
    stagnation restart #1 at iter 37  (IoU 0.488)
    stagnation restart #2 at iter 50  (IoU 0.488)
    [temporal] Δq_max=0.707 rad  Δq_norm_rms=0.138  → direct quintic ✓
[staged]   → robot c: IoU 0.491 → 0.491  ✓
    ↑ new global best IoU 0.491  [phase Ph2 robot c]
[staged]   Ph2 robot b  zone 0  (uncovered: 4% of target)
    [temporal] λ=0.300  μ=100.0  δ_max=1.20 rad  dof=6
    init sampling: best coverage score 6.8px of uncovered area  (32 samples)
    stagnation restart #1 at iter 78  (IoU 0.503)
    stagnation restart #2 at iter 91  (IoU 0.503)
    stagnation restart #3 at iter 104  (IoU 0.503)
    stagnation restart #4 at iter 117  (IoU 0.503)
    [temporal] Δq_max=0.042 rad  Δq_norm_rms=0.006  → direct quintic ✓
[staged]   → robot b: IoU 0.491 → 0.494  ✓
    ↑ new global best IoU 0.494  [phase Ph2 robot b]
[staged]   Ph2 robot a  zone 1  (uncovered: 18% of target)
    [temporal] λ=0.300  μ=100.0  δ_max=1.20 rad  dof=6
    init sampling: best coverage score 18.2px of uncovered area  (32 samples)
    stagnation restart #1 at iter 47  (IoU 0.503)
    stagnation restart #2 at iter 60  (IoU 0.503)
    stagnation restart #3 at iter 73  (IoU 0.503)
    stagnation restart #4 at iter 86  (IoU 0.503)
    stagnation restart #5 at iter 99  (IoU 0.503)
    stagnation restart #6 at iter 112  (IoU 0.503)
    [temporal] Δq_max=0.247 rad  Δq_norm_rms=0.033  → direct quintic ✓
[staged]   → robot a: IoU 0.494 → 0.496  ✓
    ↑ new global best IoU 0.496  [phase Ph2 robot a]
[staged] Phase 2 done — composite IoU: 0.496

[staged] Best snapshot: Phase 2  IoU=0.496
[staged] Adaptive final budget: warm (0.496)  iters 256→141  popsize 192→192
[staged] Final refinement — all joints  (141 iters, popsize=192, sigma=0.200)
    [temporal] λ=0.000  μ=100.0  δ_max=1.20 rad  dof=18
    stagnation restart #1 at iter 53  (IoU 0.512)  ICP δ=[2.675481870755384, 2.675481870755384, 2.675481870755384]°
    stagnation restart #2 at iter 66  (IoU 0.512)  ICP δ=[-2.675481870755384, -2.675481870755384, -2.675481870755384]°
    stagnation restart #3 at iter 79  (IoU 0.512)  ICP δ=[2.675481870755384, 2.675481870755384, 2.675481870755384]°
    stagnation restart #4 at iter 92  (IoU 0.512)  ICP δ=[-2.675481870755384, -2.675481870755384, -2.675481870755384]°
    stagnation restart #5 at iter 105  (IoU 0.512)  ICP δ=[2.675481870755384, 2.675481870755384, 2.675481870755384]°
    stagnation restart #6 at iter 118  (IoU 0.512)  ICP δ=[-2.675481870755384, -2.675481870755384, -2.675481870755384]°
    [temporal] Δq_max=0.914 rad  Δq_norm_rms=0.103  → direct quintic ✓
[staged] Final: candidate dq_max=0.914 rad (reachable), snapshot dq_max=0.707 rad (reachable)
    ↑ new global best IoU 0.512  [final refinement]
[staged] Final done — IoU: 0.512  ✓
[staged] Done — final IoU: 0.512  loss: 0.4890
[staged] Displacement from prior:  global_max=0.914 rad
          robot_a: Δq_max=0.342 rad [direct ✓]
          robot_b: Δq_max=0.125 rad [direct ✓]
          robot_c: Δq_max=0.914 rad [direct ✓]

  ✓  IoU=0.512  loss=0.4890  evals=51655  time=31s

──────────────────────────────────────────────────────────────
  Frame 5/8 : f04.png
──────────────────────────────────────────────────────────────
[seq] Recomputing zones  (sim=0.26 < 0.7)
[seq] ICP warm-start rejected: IoU 0.340 → 0.345 (Δθ=-12.4°), using prev_q
[staged] Temporal continuity: Ph1/Ph2 weight=0.300  final weight=0.000  (curriculum: IoU-free final pass)
[staged] Prior quality: cold (0.340)  →  Ph1 sigma×1.00  iters×1.00  init_samples=32
[staged] Multi-res: Phase 1+2 at 64²px  Final at 128²px
[staged] Popsize: per-robot phases=32  final=192  (theory optimum for 6 DOF = 10)

[staged] Hungarian pre-assignment  (3×3 cost matrix, 8 samples/entry = 72 renders)...
[staged]   robot_a → zone 0  robot_b → zone 1  robot_c → zone 2

[staged] Phase 1 — forward greedy  (128 iters × 3 robot(s), sigma=0.40×1.00, popsize=32)
[staged]   Ph1 robot a  zone 0  (uncovered: 13% of target)
    voronoi warm-start: IoU 0.181 ≤ 0.343, kept current
    [temporal] λ=0.300  μ=100.0  δ_max=1.20 rad  dof=6
    init sampling: best coverage score 32.3px of uncovered area  (32 samples)
    stagnation restart #1 at iter 60  (IoU 0.440)
    stagnation restart #2 at iter 73  (IoU 0.440)
    stagnation restart #3 at iter 86  (IoU 0.440)
    stagnation restart #4 at iter 99  (IoU 0.440)
    stagnation restart #5 at iter 112  (IoU 0.440)
    [temporal] Δq_max=0.194 rad  Δq_norm_rms=0.025  → direct quintic ✓
[staged]   → robot a: IoU 0.340 → 0.428  ✓
    ↑ new global best IoU 0.428  [phase Ph1 robot a]
[staged]   Ph1 robot b  zone 1  (uncovered: 1% of target)
    voronoi warm-start: IoU 0.303 ≤ 0.438, kept current
    [temporal] λ=0.300  μ=100.0  δ_max=1.20 rad  dof=6
    init sampling: best coverage score 3.2px of uncovered area  (32 samples)
    stagnation restart #1 at iter 81  (IoU 0.449)
    stagnation restart #2 at iter 94  (IoU 0.449)
    stagnation restart #3 at iter 107  (IoU 0.449)
    [temporal] Δq_max=0.065 rad  Δq_norm_rms=0.011  → direct quintic ✓
[staged]   → robot b: candidate 0.427 < current 0.428  ✗ rejected
[staged]   Ph1 robot c  zone 2  (uncovered: 26% of target)
    voronoi warm-start: IoU 0.324 ≤ 0.438, kept current
    [temporal] λ=0.300  μ=100.0  δ_max=1.20 rad  dof=6
    init sampling: best coverage score 59.4px of uncovered area  (32 samples)
    stagnation restart #1 at iter 43  (IoU 0.519)
    stagnation restart #2 at iter 56  (IoU 0.519)
    stagnation restart #3 at iter 69  (IoU 0.519)
    stagnation restart #4 at iter 82  (IoU 0.519)
    [temporal] Δq_max=0.462 rad  Δq_norm_rms=0.065  → direct quintic ✓
[staged]   → robot c: IoU 0.428 → 0.495  ✓
    ↑ new global best IoU 0.495  [phase Ph1 robot c]
[staged] Phase 1 done — composite IoU: 0.495

[staged] Phase 2 — backward pass  (128 iters × 3 robots, sigma=0.260)
[staged]   contributions before Phase 2:
[staged]     robot a: +0.033 IoU  ← low
[staged]     robot b: +0.007 IoU  ← low
[staged]     robot c: +0.114 IoU
[staged]   Ph2 robot c  zone 2  (uncovered: 26% of target)
    [temporal] λ=0.300  μ=100.0  δ_max=1.20 rad  dof=6
    init sampling: best coverage score 60.0px of uncovered area  (32 samples)
    stagnation restart #1 at iter 25  (IoU 0.498)
    stagnation restart #2 at iter 94  (IoU 0.518)
    stagnation restart #3 at iter 107  (IoU 0.518)
    [temporal] Δq_max=0.458 rad  Δq_norm_rms=0.065  → direct quintic ✓
[staged]   → robot c: IoU 0.495 → 0.495  ✓
    ↑ new global best IoU 0.495  [phase Ph2 robot c]
[staged]   Ph2 robot b  zone 1  (uncovered: 4% of target)
    [temporal] λ=0.300  μ=100.0  δ_max=1.20 rad  dof=6
    init sampling: best coverage score 7.9px of uncovered area  (32 samples)
    stagnation restart #1 at iter 36  (IoU 0.485)
    stagnation restart #2 at iter 79  (IoU 0.521)
    stagnation restart #3 at iter 92  (IoU 0.521)
    stagnation restart #4 at iter 105  (IoU 0.521)
    [temporal] Δq_max=0.083 rad  Δq_norm_rms=0.016  → direct quintic ✓
[staged]   → robot b: IoU 0.495 → 0.496  ✓
    ↑ new global best IoU 0.496  [phase Ph2 robot b]
[staged]   Ph2 robot a  zone 0  (uncovered: 4% of target)
    [temporal] λ=0.300  μ=100.0  δ_max=1.20 rad  dof=6
    init sampling: best coverage score 8.5px of uncovered area  (32 samples)
    stagnation restart #1 at iter 67  (IoU 0.521)
    stagnation restart #2 at iter 80  (IoU 0.521)
    stagnation restart #3 at iter 93  (IoU 0.521)
    stagnation restart #4 at iter 106  (IoU 0.521)
    [temporal] Δq_max=0.193 rad  Δq_norm_rms=0.025  → direct quintic ✓
[staged]   → robot a: candidate 0.496 < current 0.496  ✗ rejected
[staged] Phase 2 done — composite IoU: 0.496

[staged] Best snapshot: Phase 2  IoU=0.496
[staged] Adaptive final budget: warm (0.496)  iters 256→141  popsize 192→192
[staged] Final refinement — all joints  (141 iters, popsize=192, sigma=0.200)
    [temporal] λ=0.000  μ=100.0  δ_max=1.20 rad  dof=18
    [temporal] Δq_max=0.506 rad  Δq_norm_rms=0.065  → direct quintic ✓
[staged] Final: candidate dq_max=0.506 rad (reachable), snapshot dq_max=0.458 rad (reachable)
    ↑ new global best IoU 0.522  [final refinement]
[staged] Final done — IoU: 0.522  ✓
[staged] Done — final IoU: 0.522  loss: 0.4790
[staged] Displacement from prior:  global_max=0.506 rad
          robot_a: Δq_max=0.337 rad [direct ✓]
          robot_b: Δq_max=0.138 rad [direct ✓]
          robot_c: Δq_max=0.506 rad [direct ✓]

  ✓  IoU=0.522  loss=0.4790  evals=39559  time=23s

──────────────────────────────────────────────────────────────
  Frame 6/8 : f05.png
──────────────────────────────────────────────────────────────
[seq] Recomputing zones  (sim=0.27 < 0.7)
[seq] ICP warm-start: Δθ=-18.7°  IoU 0.261 → 0.281
[staged] Temporal continuity: Ph1/Ph2 weight=0.300  final weight=0.000  (curriculum: IoU-free final pass)
[staged] Prior quality: cold (0.281)  →  Ph1 sigma×1.00  iters×1.00  init_samples=32
[staged] Multi-res: Phase 1+2 at 64²px  Final at 128²px
[staged] Popsize: per-robot phases=32  final=192  (theory optimum for 6 DOF = 10)
[staged] Hungarian skipped (skip_greedy: zones unused)
    ↑ new global best IoU 0.281  [warm-start prior]
[staged] Greedy phases skipped (skip_greedy=True, prior IoU=0.281)

[staged] Best snapshot: Phase 1  IoU=0.281
[staged] Final refinement — all joints  (256 iters, popsize=192, sigma=0.200)
    [temporal] λ=0.000  μ=100.0  δ_max=1.20 rad  dof=18
    stagnation restart #1 at iter 61  (IoU 0.425)  ICP δ=[-11.127891626484624, -11.127891626484624, -11.127891626484624]°
    stagnation restart #2 at iter 74  (IoU 0.425)  ICP δ=[11.127891626484624, 11.127891626484624, 11.127891626484624]°
    stagnation restart #3 at iter 87  (IoU 0.425)  ICP δ=[-11.127891626484624, -11.127891626484624, -11.127891626484624]°
    stagnation restart #4 at iter 100  (IoU 0.425)  ICP δ=[11.127891626484624, 11.127891626484624, 11.127891626484624]°
    stagnation restart #5 at iter 113  (IoU 0.425)  ICP δ=[-11.127891626484624, -11.127891626484624, -11.127891626484624]°
    stagnation restart #6 at iter 126  (IoU 0.425)  ICP δ=[11.127891626484624, 11.127891626484624, 11.127891626484624]°
    stagnation restart #7 at iter 139  (IoU 0.425)  ICP δ=[-11.127891626484624, -11.127891626484624, -11.127891626484624]°
    stagnation restart #8 at iter 152  (IoU 0.425)  ICP δ=[11.127891626484624, 11.127891626484624, 11.127891626484624]°
    stagnation restart #9 at iter 165  (IoU 0.425)  ICP δ=[-11.127891626484624, -11.127891626484624, -11.127891626484624]°
    stagnation restart #10 at iter 178  (IoU 0.425)  ICP δ=[11.127891626484624, 11.127891626484624, 11.127891626484624]°
    stagnation restart #11 at iter 191  (IoU 0.425)  ICP δ=[-11.127891626484624, -11.127891626484624, -11.127891626484624]°
    stagnation restart #12 at iter 204  (IoU 0.425)  ICP δ=[11.127891626484624, 11.127891626484624, 11.127891626484624]°
    stagnation restart #13 at iter 217  (IoU 0.425)  ICP δ=[-11.127891626484624, -11.127891626484624, -11.127891626484624]°
    stagnation restart #14 at iter 230  (IoU 0.425)  ICP δ=[11.127891626484624, 11.127891626484624, 11.127891626484624]°
    stagnation restart #15 at iter 243  (IoU 0.425)  ICP δ=[-11.127891626484624, -11.127891626484624, -11.127891626484624]°
    [temporal] Δq_max=1.196 rad  Δq_norm_rms=0.120  → direct quintic ✓
[staged] Final: candidate dq_max=1.196 rad (reachable), snapshot dq_max=0.327 rad (reachable)
    ↑ new global best IoU 0.425  [final refinement]
[staged] Final done — IoU: 0.425  ✓
[staged] Done — final IoU: 0.425  loss: 0.5759
[staged] Displacement from prior:  global_max=1.196 rad
          robot_a: Δq_max=0.603 rad [direct ✓]
          robot_b: Δq_max=0.770 rad [direct ✓]
          robot_c: Δq_max=1.196 rad [direct ✓]

  ✓  IoU=0.425  loss=0.5759  evals=49153  time=32s

──────────────────────────────────────────────────────────────
  Frame 7/8 : f06.png
──────────────────────────────────────────────────────────────
[seq] Recomputing zones  (sim=0.23 < 0.7)
[seq] ICP warm-start: Δθ=-25.9°  IoU 0.176 → 0.207
[staged] Temporal continuity: Ph1/Ph2 weight=0.300  final weight=0.000  (curriculum: IoU-free final pass)
[staged] Prior quality: cold (0.207)  →  Ph1 sigma×1.00  iters×1.00  init_samples=32
[staged] Multi-res: Phase 1+2 at 64²px  Final at 128²px
[staged] Popsize: per-robot phases=32  final=192  (theory optimum for 6 DOF = 10)
[staged] Hungarian skipped (skip_greedy: zones unused)
    ↑ new global best IoU 0.207  [warm-start prior]
[staged] Greedy phases skipped (skip_greedy=True, prior IoU=0.207)

[staged] Best snapshot: Phase 1  IoU=0.207
[staged] Final refinement — all joints  (256 iters, popsize=192, sigma=0.200)
    [temporal] λ=0.000  μ=100.0  δ_max=1.20 rad  dof=18
    [temporal] Δq_max=0.605 rad  Δq_norm_rms=0.110  → direct quintic ✓
[staged] Final: candidate dq_max=0.605 rad (reachable), snapshot dq_max=0.452 rad (reachable)
    ↑ new global best IoU 0.365  [final refinement]
[staged] Final done — IoU: 0.365  ✓
[staged] Done — final IoU: 0.365  loss: 0.6359
[staged] Displacement from prior:  global_max=0.605 rad
          robot_a: Δq_max=0.276 rad [direct ✓]
          robot_b: Δq_max=0.572 rad [direct ✓]
          robot_c: Δq_max=0.605 rad [direct ✓]

  ✓  IoU=0.365  loss=0.6359  evals=16897  time=11s

──────────────────────────────────────────────────────────────
  Frame 8/8 : f07.png
──────────────────────────────────────────────────────────────
[seq] Recomputing zones  (sim=0.21 < 0.7)
[seq] ICP warm-start: Δθ=-27.7°  IoU 0.226 → 0.239
[staged] Temporal continuity: Ph1/Ph2 weight=0.300  final weight=0.000  (curriculum: IoU-free final pass)
[staged] Prior quality: cold (0.239)  →  Ph1 sigma×1.00  iters×1.00  init_samples=32
[staged] Multi-res: Phase 1+2 at 64²px  Final at 128²px
[staged] Popsize: per-robot phases=32  final=192  (theory optimum for 6 DOF = 10)
[staged] Hungarian skipped (skip_greedy: zones unused)
    ↑ new global best IoU 0.239  [warm-start prior]
[staged] Greedy phases skipped (skip_greedy=True, prior IoU=0.239)

[staged] Best snapshot: Phase 1  IoU=0.239
[staged] Final refinement — all joints  (256 iters, popsize=192, sigma=0.200)
    [temporal] λ=0.000  μ=100.0  δ_max=1.20 rad  dof=18
    [temporal] Δq_max=1.198 rad  Δq_norm_rms=0.105  → direct quintic ✓
[staged] Final: candidate dq_max=1.198 rad (reachable), snapshot dq_max=0.483 rad (reachable)
    ↑ new global best IoU 0.404  [final refinement]
[staged] Final done — IoU: 0.404  ✓
[staged] Done — final IoU: 0.404  loss: 0.5978
[staged] Displacement from prior:  global_max=1.198 rad
          robot_a: Δq_max=0.587 rad [direct ✓]
          robot_b: Δq_max=1.198 rad [direct ✓]
          robot_c: Δq_max=0.568 rad [direct ✓]
[loop] wrap is 141.6 deg, over the 68.8 deg bound — re-solving the last frame against frame 1
[staged] Temporal continuity: Ph1/Ph2 weight=0.300  final weight=0.000  (curriculum: IoU-free final pass)
[staged] Prior quality: warm (0.404)  →  Ph1 sigma×0.70  iters×0.85  init_samples=16
[staged] Multi-res: Phase 1+2 at 64²px  Final at 128²px
[staged] Popsize: per-robot phases=32  final=192  (theory optimum for 6 DOF = 10)

[staged] Hungarian pre-assignment  (3×3 cost matrix, 8 samples/entry = 72 renders)...
[staged]   robot_a → zone 0  robot_b → zone 2  robot_c → zone 1

[staged] Phase 1 — forward greedy  (128 iters × 3 robot(s), sigma=0.40×0.70, popsize=32)
[staged]   Ph1 robot a  zone 0  (uncovered: 2% of target)
    voronoi warm-start: IoU 0.204 ≤ 0.395, kept current
    [temporal] λ=0.300  μ=100.0  δ_max=1.20 rad  dof=6
    init sampling: best coverage score 4.1px of uncovered area  (16 samples)
    stagnation restart #1 at iter 92  (IoU 0.387)
    [temporal] Δq_max=0.898 rad  Δq_norm_rms=0.124  → direct quintic ✓
[staged]   → robot a: candidate 0.390 < current 0.404  ✗ rejected
    ↑ new global best IoU 0.404  [phase Ph1 robot a]
[staged]   Ph1 robot b  zone 2  (uncovered: 7% of target)
    voronoi warm-start: IoU 0.247 ≤ 0.395, kept current
    [temporal] λ=0.300  μ=100.0  δ_max=1.20 rad  dof=6
    init sampling: best coverage score 7.4px of uncovered area  (16 samples)
    stagnation restart #1 at iter 76  (IoU 0.412)
    stagnation restart #2 at iter 89  (IoU 0.412)
    [temporal] Δq_max=0.296 rad  Δq_norm_rms=0.044  → direct quintic ✓
[staged]   → robot b: IoU 0.404 → 0.411  ✓
    ↑ new global best IoU 0.411  [phase Ph1 robot b]
[staged]   Ph1 robot c  zone 1  (uncovered: 15% of target)
    voronoi warm-start: IoU 0.201 ≤ 0.408, kept current
    [temporal] λ=0.300  μ=100.0  δ_max=1.20 rad  dof=6
    init sampling: best coverage score 24.5px of uncovered area  (16 samples)
    stagnation restart #1 at iter 75  (IoU 0.363)
    stagnation restart #2 at iter 88  (IoU 0.363)
    [temporal] Δq_max=0.271 rad  Δq_norm_rms=0.047  → direct quintic ✓
[staged]   → robot c: candidate 0.340 < current 0.411  ✗ rejected
[staged] Phase 1 done — composite IoU: 0.411

[staged] Phase 2 — backward pass  (128 iters × 3 robots, sigma=0.260)
[staged]   contributions before Phase 2:
[staged]     robot a: +0.082 IoU
[staged]     robot b: +0.050 IoU
[staged]     robot c: +0.139 IoU
[staged]   Ph2 robot c  zone 1  (uncovered: 43% of target)
    [temporal] λ=0.300  μ=100.0  δ_max=1.20 rad  dof=6
    init sampling: best coverage score 31.3px of uncovered area  (32 samples)
    stagnation restart #1 at iter 77  (IoU 0.349)
    stagnation restart #2 at iter 90  (IoU 0.349)
    stagnation restart #3 at iter 103  (IoU 0.349)
    stagnation restart #4 at iter 116  (IoU 0.349)
    [temporal] Δq_max=0.268 rad  Δq_norm_rms=0.047  → direct quintic ✓
[staged]   → robot c: candidate 0.340 < current 0.411  ✗ rejected
[staged]   Ph2 robot b  zone 2  (uncovered: 7% of target)
    [temporal] λ=0.300  μ=100.0  δ_max=1.20 rad  dof=6
    init sampling: best coverage score 8.8px of uncovered area  (32 samples)
    stagnation restart #1 at iter 71  (IoU 0.408)
    stagnation restart #2 at iter 84  (IoU 0.408)
    stagnation restart #3 at iter 97  (IoU 0.408)
    stagnation restart #4 at iter 110  (IoU 0.408)
    [temporal] Δq_max=0.296 rad  Δq_norm_rms=0.045  → direct quintic ✓
[staged]   → robot b: candidate 0.411 < current 0.411  ✗ rejected
[staged]   Ph2 robot a  zone 0  (uncovered: 11% of target)
    [temporal] λ=0.300  μ=100.0  δ_max=1.20 rad  dof=6
    init sampling: best coverage score 10.4px of uncovered area  (32 samples)
    stagnation restart #1 at iter 72  (IoU 0.404)
    stagnation restart #2 at iter 85  (IoU 0.404)
    stagnation restart #3 at iter 98  (IoU 0.404)
    stagnation restart #4 at iter 111  (IoU 0.404)
    [temporal] Δq_max=0.865 rad  Δq_norm_rms=0.135  → direct quintic ✓
[staged]   → robot a: candidate 0.401 < current 0.411  ✗ rejected
[staged] Phase 2 done — composite IoU: 0.411

[staged] Best snapshot: Phase 1  IoU=0.411
[staged] Adaptive final budget: warm (0.411)  iters 256→141  popsize 192→192
[staged] Final refinement — all joints  (141 iters, popsize=192, sigma=0.200)
    [temporal] λ=0.000  μ=100.0  δ_max=1.20 rad  dof=18
    [temporal] Δq_max=1.160 rad  Δq_norm_rms=0.165  → direct quintic ✓
[staged] Final: candidate dq_max=1.160 rad (reachable), snapshot dq_max=2.471 rad (NOT reachable)
[staged] Final: taking the reachable pose on feasibility, not IoU (0.384 vs snapshot 0.411)
[staged] Final done — IoU: 0.384  ✓
[staged] Done — final IoU: 0.384  loss: 0.6168
[staged] Displacement from prior:  global_max=1.160 rad
          robot_a: Δq_max=1.160 rad [direct ✓]
          robot_b: Δq_max=0.483 rad [direct ✓]
          robot_c: Δq_max=0.671 rad [direct ✓]
[loop] closure rejected: wrap 66.5 deg, prev 111.3 deg — one of them still over bound, keeping the original

  ✓  IoU=0.404  loss=0.5978  evals=14017  time=33s


==============================================================
  Summary  (8 frames, 3 robots, ts=20260902_044045)
==============================================================
  #    Target                        IoU   Evals   Surr    Time
  ---- -------------------------- ------  ------  -----  ------
  1    f00.png                     0.363   73735     0%     54s
  2    f01.png                     0.374   73735     0%     52s
  3    f02.png                     0.405   73735     0%     47s
  4    f03.png                     0.512   51655     0%     32s
  5    f04.png                     0.522   39559     0%     24s
  6    f05.png                     0.425   49153     0%     32s
  7    f06.png                     0.365   16897     0%     11s
  8    f07.png                     0.404   14017     0%     33s
  ──── ────────────────────────── ──────
  avg                              0.421                   285s
==============================================================

Summary   : ../../umbra-bench/optimized/seamfix_windmill_n3\summary_20260902_044045.json
CSV       : ../../umbra-bench/optimized/seamfix_windmill_n3\summary_20260902_044045.csv
Deploy    : mjpython deploy.py --urdf urdf/SO101/so101_new_calib.urdf --ts 20260902_044045 --results-dir ../../umbra-bench/optimized/seamfix_windmill_n3

